
R : Copyright 2001, The R Development Core Team
Version 1.2.3  (2001-04-26)

R is free software and comes with ABSOLUTELY NO WARRANTY.
You are welcome to redistribute it under certain conditions.
Type `license()' or `licence()' for distribution details.

R is a collaborative project with many contributors.
Type `contributors()' for more information.

Type `demo()' for some demos, `help()' for on-line help, or
`help.start()' for a HTML browser interface to help.
Type `q()' to quit R.

[Previously saved workspace restored]

> invisible(options(echo = TRUE))
> source("../../lqd/rewtanh2.R")
> 
> 
> # tmp <-
> # cbind(us16.buch.100.1$w,us16.buch.100.1$pop,us16.buch.100.1$dep*us16.buch.100.1$pop,us16.buch.100.1$indep)
> # write.table(as.data.frame(tmp),
> #            sep=",",row.names=F,col.names=F,file="us16.buch.100.1.dat")
> 
> rest3 <- rewtanh(us16.buch.100.1$par,us16.buch.100.1$s0^2,
+   us16.buch.100.1$stand.res,
+   us16.buch.100.1$pop,
+   us16.buch.100.1$dep*us16.buch.100.1$pop,
+   us16.buch.100.1$indep)
There were 13 warnings (use warnings() to see them)
> 
> summary(rest3$glmobj, dispersion=rest3$disp)

Call:
glm(formula = yprop ~ -1 + RHSmat, family = binomial(link = "logit"), 
    weights = w * nobsvec, subset = w > 0, start = bvec)

Deviance Residuals: 
    Min       1Q   Median       3Q      Max  
-3.1891  -0.8701  -0.1630   0.8326   2.1605  

Coefficients:
        Estimate Std. Error z value Pr(>|z|)    
RHSmat1  -6.9971     0.2254  -31.04   <2e-16 ***
RHSmat2   3.3250     0.3310   10.04   <2e-16 ***
RHSmat3   3.9548    14.6711    0.27    0.787    
---
Signif. codes:  0  `***'  0.001  `**'  0.01  `*'  0.05  `.'  0.1  ` '  1 

(Dispersion parameter for binomial family taken to be 1.312293)

    Null deviance: 147987.04  on 147  degrees of freedom
Residual deviance:    207.44  on 144  degrees of freedom
AIC: 635.49

Number of Fisher Scoring iterations: 1

> print("sandwich SEs")
[1] "sandwich SEs"
> print(sqrt(diag(rest3$rcov)))
[1]  0.2875194  0.4617055 15.0931546
> 
> print(rest3)
$glmobj

Call:  glm(formula = yprop ~ -1 + RHSmat, family = binomial(link = "logit"),      weights = w * nobsvec, subset = w > 0, start = bvec) 

Coefficients:
RHSmat1  RHSmat2  RHSmat3  
 -6.997    3.325    3.955  

Degrees of Freedom: 147 Total (i.e. Null);  144 Residual
Null Deviance:	    148000 
Residual Deviance: 207.4 	AIC: 635.5 

$dispersion
[1] 1.312293

$w
  [1] 1.00000000 1.00000000 1.00000000 1.00000000 1.00000000 1.00000000
  [7] 1.00000000 1.00000000 1.00000000 1.00000000 1.00000000 1.00000000
 [13] 1.00000000 1.00000000 1.00000000 1.00000000 1.00000000 1.00000000
 [19] 1.00000000 1.00000000 0.84267718 1.00000000 1.00000000 1.00000000
 [25] 1.00000000 1.00000000 1.00000000 1.00000000 1.00000000 1.00000000
 [31] 1.00000000 1.00000000 1.00000000 1.00000000 0.75328412 1.00000000
 [37] 1.00000000 0.98482802 1.00000000 0.68055300 1.00000000 0.59498896
 [43] 1.00000000 1.00000000 1.00000000 1.00000000 1.00000000 1.00000000
 [49] 1.00000000 1.00000000 1.00000000 1.00000000 0.99506357 1.00000000
 [55] 1.00000000 1.00000000 1.00000000 1.00000000 1.00000000 1.00000000
 [61] 0.68319435 1.00000000 1.00000000 1.00000000 1.00000000 1.00000000
 [67] 1.00000000 1.00000000 1.00000000 1.00000000 1.00000000 1.00000000
 [73] 1.00000000 1.00000000 1.00000000 1.00000000 1.00000000 1.00000000
 [79] 1.00000000 1.00000000 0.72128327 1.00000000 0.83638749 1.00000000
 [85] 1.00000000 1.00000000 1.00000000 1.00000000 0.60204599 1.00000000
 [91] 1.00000000 1.00000000 1.00000000 1.00000000 1.00000000 1.00000000
 [97] 1.00000000 1.00000000 1.00000000 1.00000000 1.00000000 1.00000000
[103] 1.00000000 1.00000000 0.04351243 1.00000000 1.00000000 1.00000000
[109] 1.00000000 1.00000000 1.00000000 1.00000000 1.00000000 1.00000000
[115] 1.00000000 1.00000000 1.00000000 1.00000000 1.00000000 1.00000000
[121] 0.52219849 1.00000000 1.00000000 1.00000000 1.00000000 1.00000000
[127] 0.81010793 1.00000000 0.00000000 0.86308741 1.00000000 1.00000000
[133] 0.00000000 0.44468852 1.00000000 1.00000000 1.00000000 1.00000000
[139] 1.00000000 1.00000000 1.00000000 0.77974546 1.00000000 1.00000000
[145] 1.00000000 1.00000000 1.00000000 1.00000000 1.00000000

$psi
  [1] 0.16472171 1.34254179 0.40927410 0.82685340 0.02579882 0.57083072
  [7] 1.28945210 0.16880517 0.43953684 0.27084539 1.04448672 1.01233655
 [13] 0.32727245 0.19134753 0.93903642 1.17059026 0.09805565 0.82257983
 [19] 1.09714750 1.07698537 1.76626263 0.23514786 1.01369187 0.72020292
 [25] 1.02735975 1.37779240 1.14864002 0.76468929 0.99158511 0.84653068
 [31] 0.69585923 0.42862571 1.41342595 0.92417969 1.72724158 0.31974002
 [37] 0.88071436 1.80069703 1.75058855 1.67885613 0.01469745 1.59486504
 [43] 0.18312311 0.51010047 0.56914348 0.98537190 0.61800589 0.23007802
 [49] 1.50981212 0.71424677 0.52261381 0.30604515 1.80236077 0.11862129
 [55] 1.38306847 1.76295541 1.50251825 0.61376803 0.67222294 0.91776458
 [61] 1.68094421 0.50730566 1.34436223 1.02388954 0.27587247 0.40057431
 [67] 0.03733338 0.46739205 0.69612574 0.66222843 0.08572514 1.72145581
 [73] 0.52813004 0.77319361 1.01148910 1.44870604 1.57206315 0.83359983
 [79] 0.52206551 0.70692716 1.70815955 0.13737230 1.76407918 0.83811401
 [85] 1.71878943 0.10451262 0.80712631 0.88203215 1.60309027 1.24699426
 [91] 1.41824637 0.61399157 0.08184934 0.28025570 0.57403090 0.94417329
 [97] 0.61027800 0.84014862 0.39662427 1.23747218 0.52983332 0.24268943
[103] 0.09960857 1.71136613 0.16997946 1.09202122 0.47650572 0.22825990
[109] 0.22027240 0.69754545 0.11007738 0.71780901 1.58906268 1.27008172
[115] 0.44324189 0.77229150 0.84637419 0.39728802 0.09017005 0.12156408
[121] 1.49485622 0.53694935 0.14101114 0.74385191 0.69465315 0.21436491
[127] 1.75412981 0.37859548 0.00000000 1.77287122 0.76842461 0.91686688
[133] 0.00000000 1.35654396 0.53537559 0.34713686 0.91828190 1.40116015
[139] 0.43654217 0.06881733 0.10141413 1.74077057 0.38756504 0.21965717
[145] 0.16220731 0.89245345 0.35733768 1.56964127 0.33112713

$res
  [1]  0.18869753  1.53795344 -0.46884538 -0.94720480 -0.02955393 -0.65391712
  [7]  1.47713635  0.19337535  0.50351297  0.31026789  1.19651541  1.15968567
 [13] -0.37490810 -0.21919883  1.07571645 -1.34097376 -0.11232799  0.94230920
 [19]  1.25684115  1.23374435  2.40109544  0.26937446  1.16123826 -0.82503097
 [25] -1.17689554  1.57833489 -1.31582858  0.87599249  1.13591378 -0.96974618
 [31] -0.79714397 -0.49101368  1.61915503 -1.05869727  2.62669498 -0.36627929
 [37] -1.00890541  2.09457361 -2.00539282  2.82596580 -0.01683672  3.07065063
 [43]  0.20977732 -0.58434737 -0.65198430  1.12879623 -0.70795880 -0.26356668
 [49]  1.72957054 -0.81820789  0.59868207  0.35059109  2.07494349 -0.13588703
 [55] -1.58437892  2.01955973  1.72121503 -0.70310411 -0.77006733 -1.05134841
 [61]  2.81854132 -0.58114577 -1.54003885 -1.17292023 -0.31602667 -0.45887930
 [67] -0.04276738  0.53542259 -0.79744927  0.75861809 -0.09820274 -1.97201972
 [73]  0.60500121  0.88573464 -1.15871488 -1.65957027 -1.80088243  0.95493319
 [79]  0.59805397 -0.80982287  2.71292600  0.15736732  2.41616127 -0.96010443
 [85]  1.96896523 -0.11972479 -0.92460636  1.01041501  3.05030791 -1.42849863
 [91] -1.62467708 -0.70336018 -0.09376280 -0.32104789 -0.65758311 -1.08160100
 [97] -0.69910609 -0.96243519 -0.45435432 -1.41759057 -0.60695241  0.27801373
[103] -0.11410694 -1.96046144  4.47505620  1.25096873 -0.54586279 -0.26148393
[109]  0.25233382  0.79907562 -0.12609953  0.82228861 -1.82035630  1.45494654
[115] -0.50775730  0.88470123 -0.96956691  0.45511468 -0.10329461 -0.13925816
[121]  3.27928513  0.61510420 -0.16153581 -0.85212216 -0.79576234 -0.24556647
[127] -2.48047138 -0.43370137  7.95562572  2.35308589 -0.88027149  1.05032006
[133]  7.18993521  3.49456665  0.61330138 -0.39766384  1.05194103 -1.60510390
[139] -0.50008241 -0.07883393  0.11617531 -2.55743176 -0.44397649 -0.25162903
[145] -0.18581716 -1.02235317 -0.40934942 -1.79810804 -0.37932384

$sres
  [1]  0.16472171  1.34254179 -0.40927410 -0.82685340 -0.02579882 -0.57083072
  [7]  1.28945210  0.16880517  0.43953684  0.27084539  1.04448672  1.01233655
 [13] -0.32727245 -0.19134753  0.93903642 -1.17059026 -0.09805565  0.82257983
 [19]  1.09714750  1.07698537  2.09601337  0.23514786  1.01369187 -0.72020292
 [25] -1.02735975  1.37779240 -1.14864002  0.76468929  0.99158511 -0.84653068
 [31] -0.69585923 -0.42862571  1.41342595 -0.92417969  2.29294835 -0.31974002
 [37] -0.88071436  1.82843806 -1.75058855  2.46689991 -0.01469745  2.68049519
 [43]  0.18312311 -0.51010047 -0.56914348  0.98537190 -0.61800589 -0.23007802
 [49]  1.50981212 -0.71424677  0.52261381  0.30604515  1.81130214 -0.11862129
 [55] -1.38306847  1.76295541  1.50251825 -0.61376803 -0.67222294 -0.91776458
 [61]  2.46041878 -0.50730566 -1.34436223 -1.02388954 -0.27587247 -0.40057431
 [67] -0.03733338  0.46739205 -0.69612574  0.66222843 -0.08572514 -1.72145581
 [73]  0.52813004  0.77319361 -1.01148910 -1.44870604 -1.57206315  0.83359983
 [79]  0.52206551 -0.70692716  2.36822289  0.13737230  2.10916495 -0.83811401
 [85]  1.71878943 -0.10451262 -0.80712631  0.88203215  2.66273721 -1.24699426
 [91] -1.41824637 -0.61399157 -0.08184934 -0.28025570 -0.57403090 -0.94417329
 [97] -0.61027800 -0.84014862 -0.39662427 -1.23747218 -0.52983332  0.24268943
[103] -0.09960857 -1.71136613  3.90645765  1.09202122 -0.47650572 -0.22825990
[109]  0.22027240  0.69754545 -0.11007738  0.71780901 -1.58906268  1.27008172
[115] -0.44324189  0.77229150 -0.84637419  0.39728802 -0.09017005 -0.12156408
[121]  2.86262069  0.53694935 -0.14101114 -0.74385191 -0.69465315 -0.21436491
[127] -2.16530384 -0.37859548  6.94478763  2.05410390 -0.76842461  0.91686688
[133]  6.27638540  3.05054864  0.53537559 -0.34713686  0.91828190 -1.40116015
[139] -0.43654217 -0.06881733  0.10141413 -2.23248567 -0.38756504 -0.21965717
[145] -0.16220731 -0.89245345 -0.35733768 -1.56964127 -0.33112713

$h
  [1]  0.0007575202  0.0006897378  0.0007483075  0.0007013312  0.0004977226
  [6]  0.0005712791  0.0015087575  0.0014681623  0.0006203327  0.0009756147
 [11]  0.0009991572  0.0006769107  0.0014650628  0.0007135438  0.0012888556
 [16]  0.0015690763  0.0006417280  0.0004916768  0.0012602973  0.0008102591
 [21]  0.0016100287  0.0005896548  0.0014057655  0.0005773873  0.0018893403
 [26]  0.0004955409  0.0007081561  0.0007252391  0.0040104485  0.0060712449
 [31]  0.0030231945  0.0168020609  0.0007613612  0.0005385983  0.0008978414
 [36]  0.0016468070  0.0043364504  0.0007153267  0.0007419331  0.0006324039
 [41]  0.0005030432  0.0028327466  0.0006566700  0.0005175766  0.0006628366
 [46]  0.0016817672  0.0017465448  0.0121155939  0.0010561263  0.0013966977
 [51]  0.0006259533  0.0016377738  0.0015464256  0.0012978723  0.0009157395
 [56]  0.0006612151  0.0008309478  0.0010360878  0.0011627787  0.0009386446
 [61]  0.0164081843  0.0010254541  0.0009491904  0.0006488220  0.0007132547
 [66]  0.0013447736  0.9184280519  0.0006663687  0.0007395387  0.0013300897
 [71]  0.4200515215  0.0018252483  0.0005214317  0.0010605361  0.0005011582
 [76]  0.0008634553  0.0006891842  0.0006818794  0.0009890668  0.0119744828
 [81]  0.0128889220  0.0026316245  0.0007576680  0.0005590036  0.0008516752
 [86]  0.0006076966  0.0007811389  0.0013050475  0.0006436044  0.0020338706
 [91]  0.0013900665  0.0011803534  0.0022966369  0.7977385288  0.0013859191
 [96]  0.0044506686  0.0060643408  0.0005160113  0.0516560471  0.0006495294
[101]  0.0009234950  0.0008662966  0.0012838068  0.0008167228  0.0015664604
[106]  0.0012171873  0.0011902792  0.0009593018  0.0006074438  0.0011833651
[111]  0.0022700734  0.0008044244  0.0019252480  0.0005458899  0.0235785900
[116]  0.0146210735  0.0007730531  0.0067150122  0.1123584908  0.0996717088
[121]  0.0013988278  0.0008022636  0.0006710531  0.0013239210  0.0008674374
[126]  0.0019281383  0.0007827042  0.1279440016 -0.0009460378  0.0856009099
[131]  0.0007553115  0.0007261537 -0.0005843474  0.0005295061  0.0007086296
[136]  0.0915931134  0.0030563424  0.0006175324  0.0006359724  0.0039065664
[141]  0.0006379140  0.0007217266  0.0100250121  0.0393205502  0.0009932335
[146]  0.0008201242  0.0008689490  0.0012005646  0.0009298104

$A
           [,1]       [,2]       [,3]
[1,] 954.902064 632.608372 3.23168188
[2,] 632.608372 436.387581 2.05469307
[3,]   3.231682   2.054693 0.01626284

$B
            [,1]        [,2]        [,3]
[1,] -572.144254 -355.479876 -1.96444621
[2,] -355.479876 -230.386651 -1.17665944
[3,]   -1.964446   -1.176659 -0.01159295

$rcovmat
           [,1]       [,2]       [,3]
[1,]  0.0826674 -0.1285199  -1.369074
[2,] -0.1285199  0.2131720   1.025888
[3,] -1.3690743  1.0258884 227.803316

$iters
[1] 13

> 
> rest3$sres/sqrt(1-rest3$h)
  [1]  0.16478413  1.34300503 -0.40942732 -0.82714350 -0.02580524 -0.57099384
  [7]  1.29042594  0.16892923  0.43967324  0.27097761  1.04500892  1.01267936
 [13] -0.32751245 -0.19141584  0.93964215 -1.17150972 -0.09808712  0.82278213
 [19]  1.09783952  1.07742195  2.09770273  0.23521722  1.01440512 -0.72041093
 [25] -1.02833164  1.37813390 -1.14904694  0.76496674  0.99357946 -0.84911219
 [31] -0.69691348 -0.43227263  1.41396432 -0.92442867  2.29397839 -0.32000362
 [37] -0.88263018  1.82909238 -1.75123832  2.46768031 -0.01470115  2.68429986
 [43]  0.18318327 -0.51023253 -0.56933220  0.98620153 -0.61854628 -0.23148458
 [49]  1.51061002 -0.71474609  0.52277745  0.30629607  1.81270429 -0.11869834
 [55] -1.38370217  1.76353855  1.50314290 -0.61408624 -0.67261410 -0.91819561
 [61]  2.48085613 -0.50756597 -1.34500071 -1.02422186 -0.27597091 -0.40084392
 [67] -0.13071544  0.46754786 -0.69638328  0.66266928 -0.11256763 -1.72302901
 [73]  0.52826779  0.77360394 -1.01174266 -1.44933190 -1.57260515  0.83388418
 [79]  0.52232388 -0.71119810  2.38363395  0.13755341  2.10996443 -0.83834836
 [85]  1.71952182 -0.10454439 -0.80744173  0.88260826  2.66359450 -1.24826431
 [91] -1.41923312 -0.61435425 -0.08194350 -0.62315756 -0.57442910 -0.94628143
 [97] -0.61213693 -0.84036547 -0.40728306 -1.23787426 -0.53007814  0.24279462
[103] -0.09967257 -1.71206541  3.90952090  1.09268643 -0.47678956 -0.22836947
[109]  0.22033933  0.69795854 -0.11020254  0.71809789 -1.59059456  1.27042852
[115] -0.44856166  0.77800004 -0.84670153  0.39862867 -0.09570696 -0.12811643
[121]  2.86462495  0.53716486 -0.14105848 -0.74434480 -0.69495463 -0.21457187
[127] -2.16615174 -0.40541819  6.94150494  2.14810010 -0.76871497  0.91719996
[133]  6.27455241  3.05135660  0.53556538 -0.36421726  0.91968841 -1.40159298
[139] -0.43668105 -0.06895215  0.10144650 -2.23329173 -0.38952244 -0.22410736
[145] -0.16228793 -0.89281964 -0.35749303 -1.57058435 -0.33128118
> 
> cbind(us16.buch.100.1$w, rest3$w)
       [,1]       [,2]
  [1,]    1 1.00000000
  [2,]    1 1.00000000
  [3,]    1 1.00000000
  [4,]    1 1.00000000
  [5,]    1 1.00000000
  [6,]    1 1.00000000
  [7,]    1 1.00000000
  [8,]    1 1.00000000
  [9,]    1 1.00000000
 [10,]    1 1.00000000
 [11,]    1 1.00000000
 [12,]    1 1.00000000
 [13,]    1 1.00000000
 [14,]    1 1.00000000
 [15,]    1 1.00000000
 [16,]    1 1.00000000
 [17,]    1 1.00000000
 [18,]    1 1.00000000
 [19,]    1 1.00000000
 [20,]    1 1.00000000
 [21,]    1 0.84267718
 [22,]    1 1.00000000
 [23,]    1 1.00000000
 [24,]    1 1.00000000
 [25,]    1 1.00000000
 [26,]    1 1.00000000
 [27,]    1 1.00000000
 [28,]    1 1.00000000
 [29,]    1 1.00000000
 [30,]    1 1.00000000
 [31,]    1 1.00000000
 [32,]    1 1.00000000
 [33,]    1 1.00000000
 [34,]    1 1.00000000
 [35,]    1 0.75328412
 [36,]    1 1.00000000
 [37,]    1 1.00000000
 [38,]    1 0.98482802
 [39,]    1 1.00000000
 [40,]    1 0.68055300
 [41,]    1 1.00000000
 [42,]    0 0.59498896
 [43,]    1 1.00000000
 [44,]    1 1.00000000
 [45,]    1 1.00000000
 [46,]    1 1.00000000
 [47,]    1 1.00000000
 [48,]    1 1.00000000
 [49,]    0 1.00000000
 [50,]    1 1.00000000
 [51,]    1 1.00000000
 [52,]    1 1.00000000
 [53,]    1 0.99506357
 [54,]    1 1.00000000
 [55,]    1 1.00000000
 [56,]    1 1.00000000
 [57,]    1 1.00000000
 [58,]    1 1.00000000
 [59,]    1 1.00000000
 [60,]    1 1.00000000
 [61,]    0 0.68319435
 [62,]    1 1.00000000
 [63,]    1 1.00000000
 [64,]    1 1.00000000
 [65,]    1 1.00000000
 [66,]    1 1.00000000
 [67,]    1 1.00000000
 [68,]    1 1.00000000
 [69,]    1 1.00000000
 [70,]    1 1.00000000
 [71,]    1 1.00000000
 [72,]    1 1.00000000
 [73,]    1 1.00000000
 [74,]    1 1.00000000
 [75,]    1 1.00000000
 [76,]    1 1.00000000
 [77,]    1 1.00000000
 [78,]    1 1.00000000
 [79,]    1 1.00000000
 [80,]    1 1.00000000
 [81,]    1 0.72128327
 [82,]    1 1.00000000
 [83,]    1 0.83638749
 [84,]    1 1.00000000
 [85,]    1 1.00000000
 [86,]    1 1.00000000
 [87,]    1 1.00000000
 [88,]    1 1.00000000
 [89,]    0 0.60204599
 [90,]    1 1.00000000
 [91,]    1 1.00000000
 [92,]    1 1.00000000
 [93,]    1 1.00000000
 [94,]    1 1.00000000
 [95,]    1 1.00000000
 [96,]    1 1.00000000
 [97,]    1 1.00000000
 [98,]    1 1.00000000
 [99,]    1 1.00000000
[100,]    1 1.00000000
[101,]    1 1.00000000
[102,]    1 1.00000000
[103,]    1 1.00000000
[104,]    1 1.00000000
[105,]    0 0.04351243
[106,]    1 1.00000000
[107,]    1 1.00000000
[108,]    1 1.00000000
[109,]    1 1.00000000
[110,]    1 1.00000000
[111,]    1 1.00000000
[112,]    1 1.00000000
[113,]    1 1.00000000
[114,]    1 1.00000000
[115,]    1 1.00000000
[116,]    1 1.00000000
[117,]    1 1.00000000
[118,]    1 1.00000000
[119,]    1 1.00000000
[120,]    1 1.00000000
[121,]    1 0.52219849
[122,]    1 1.00000000
[123,]    1 1.00000000
[124,]    1 1.00000000
[125,]    1 1.00000000
[126,]    1 1.00000000
[127,]    1 0.81010793
[128,]    1 1.00000000
[129,]    0 0.00000000
[130,]    1 0.86308741
[131,]    1 1.00000000
[132,]    1 1.00000000
[133,]    0 0.00000000
[134,]    1 0.44468852
[135,]    1 1.00000000
[136,]    1 1.00000000
[137,]    1 1.00000000
[138,]    1 1.00000000
[139,]    1 1.00000000
[140,]    1 1.00000000
[141,]    1 1.00000000
[142,]    1 0.77974546
[143,]    1 1.00000000
[144,]    1 1.00000000
[145,]    1 1.00000000
[146,]    1 1.00000000
[147,]    1 1.00000000
[148,]    1 1.00000000
[149,]    1 1.00000000
> 
> round(cbind(1:length(us16.buch.100.1$w),us16.buch.100.1$w, rest3$w,
+             us16.buch.100.1$raw.res,us16.buch.100.1$student.res,
+             us16.buch.100.1$dep,us16.buch.100.1$pred,
+             us16.buch.100.1$dep-us16.buch.100.1$pred)[ us16.buch.100.1$w != rest3$w ,],4)
      [,1] [,2]   [,3]    [,4]    [,5]   [,6]   [,7]    [,8]
 [1,]   21    1 0.8427  0.9754  1.7572 0.0104 0.0067  0.0036
 [2,]   35    1 0.7533  1.9115  2.6396 0.0190 0.0122  0.0068
 [3,]   38    1 0.9848  0.8133  1.6044 0.0126 0.0102  0.0024
 [4,]   40    1 0.6806  1.6207  2.3654 0.0155 0.0109  0.0046
 [5,]   42    0 0.5950  2.2936  2.9998 0.0222 0.0096  0.0126
 [6,]   49    0 1.0000  2.2018  2.9133 0.0245 0.0149  0.0096
 [7,]   53    1 0.9951  0.9668  1.7491 0.0128 0.0089  0.0039
 [8,]   61    0 0.6832  2.8379  3.5130 0.0566 0.0128  0.0438
 [9,]   81    1 0.7213  1.9653  2.6904 0.0299 0.0082  0.0217
[10,]   83    1 0.8364  0.7020  1.4995 0.0113 0.0092  0.0021
[11,]   89    0 0.6020  3.4023  4.0450 0.0272 0.0154  0.0118
[12,]  105    0 0.0435  2.6456  3.3317 0.0196 0.0087  0.0109
[13,]  121    1 0.5222  1.6866  2.4276 0.0173 0.0103  0.0071
[14,]  127    1 0.8101 -2.5851 -1.5994 0.0047 0.0142 -0.0094
[15,]  130    1 0.8631  0.7946  1.5867 0.0417 0.0193  0.0223
[16,]  134    1 0.4447  1.5939  2.3402 0.0133 0.0094  0.0039
[17,]  142    1 0.7797 -3.2411 -2.2178 0.0000 0.0093 -0.0093
> proc.time()
[1] 2.40 0.41 2.99 0.00 0.00
> 
