
R : Copyright 2001, The R Development Core Team
Version 1.3.0  (2001-06-22)

R is free software and comes with ABSOLUTELY NO WARRANTY.
You are welcome to redistribute it under certain conditions.
Type `license()' or `licence()' for distribution details.

R is a collaborative project with many contributors.
Type `contributors()' for more information.

Type `demo()' for some demos, `help()' for on-line help, or
`help.start()' for a HTML browser interface to help.
Type `q()' to quit R.

[Previously saved workspace restored]

> invisible(options(echo = TRUE))
> source("../rewtanh2.R")
> 
> 
> # tmp <-
> # cbind(ss35.buch.100.1$w,ss35.buch.100.1$pop,ss35.buch.100.1$dep*ss35.buch.100.1$pop,ss35.buch.100.1$indep)
> # write.table(as.data.frame(tmp),
> #            sep=",",row.names=F,col.names=F,file="ss35.buch.100.1.dat")
> 
> rest2 <- rewtanh(ss35.buch.100.1$par,ss35.buch.100.1$s0^2,
+   ss35.buch.100.1$stand.res,
+   ss35.buch.100.1$pop,
+   ss35.buch.100.1$dep*ss35.buch.100.1$pop,
+   ss35.buch.100.1$indep)
There were 11 warnings (use warnings() to see them)
> 
> summary(rest2$glmobj, dispersion=rest2$disp)

Call:
glm(formula = yprop ~ -1 + RHSmat, family = binomial(link = "logit"), 
    weights = w * nobsvec, subset = w > 0, start = bvec)

Deviance Residuals: 
    Min       1Q   Median       3Q      Max  
-2.6907  -0.9456  -0.3262   0.9620   2.3234  

Coefficients:
        Estimate Std. Error z value Pr(>|z|)    
RHSmat1  -7.4834     0.3655 -20.474  < 2e-16 ***
RHSmat2   3.8544     0.4823   7.992 1.33e-15 ***
RHSmat3  13.1316    21.4869   0.611    0.541    
---
Signif. codes:  0 `***' 0.001 `**' 0.01 `*' 0.05 `.' 0.1 ` ' 1 

(Dispersion parameter for binomial family taken to be 1.579974)

    Null deviance: 81146.87  on 102  degrees of freedom
Residual deviance:   175.96  on  99  degrees of freedom
AIC: 436.05

Number of Fisher Scoring iterations: 1

> print("sandwich SEs")
[1] "sandwich SEs"
> print(sqrt(diag(rest2$rcov)))
[1]  0.5094520  0.7073405 23.8884777
> 
> print(rest2)
$glmobj

Call:  glm(formula = yprop ~ -1 + RHSmat, family = binomial(link = "logit"),      weights = w * nobsvec, subset = w > 0, start = bvec) 

Coefficients:
RHSmat1  RHSmat2  RHSmat3  
 -7.483    3.854   13.132  

Degrees of Freedom: 102 Total (i.e. Null);  99 Residual
Null Deviance:	    81150 
Residual Deviance: 176 	AIC: 436 

$dispersion
[1] 1.579974

$w
  [1] 1.0000000 1.0000000 0.8575095 0.6059104 1.0000000 0.5396645 1.0000000
  [8] 1.0000000 1.0000000 1.0000000 1.0000000 1.0000000 1.0000000 1.0000000
 [15] 1.0000000 1.0000000 1.0000000 1.0000000 1.0000000 0.9816572 1.0000000
 [22] 1.0000000 1.0000000 0.7276158 1.0000000 1.0000000 1.0000000 1.0000000
 [29] 1.0000000 1.0000000 1.0000000 1.0000000 1.0000000 1.0000000 1.0000000
 [36] 1.0000000 1.0000000 1.0000000 0.6747768 1.0000000 1.0000000 1.0000000
 [43] 1.0000000 0.6997514 1.0000000 1.0000000 1.0000000 1.0000000 1.0000000
 [50] 1.0000000 1.0000000 1.0000000 1.0000000 1.0000000 1.0000000 1.0000000
 [57] 1.0000000 1.0000000 1.0000000 1.0000000 1.0000000 0.0000000 1.0000000
 [64] 1.0000000 1.0000000 1.0000000 0.8243072 1.0000000 1.0000000 0.7824317
 [71] 1.0000000 1.0000000 1.0000000 1.0000000 1.0000000 1.0000000 1.0000000
 [78] 1.0000000 1.0000000 1.0000000 1.0000000 1.0000000 1.0000000 1.0000000
 [85] 1.0000000 1.0000000 1.0000000 1.0000000 1.0000000 1.0000000 1.0000000
 [92] 1.0000000 0.9287681 0.0000000 1.0000000 1.0000000 1.0000000 1.0000000
 [99] 0.0000000 0.3002749 1.0000000 1.0000000 1.0000000 1.0000000 1.0000000

$psi
  [1] 1.03264097 0.99365073 1.77113470 1.60748923 0.29750002 1.52144513
  [7] 0.27051133 0.53557707 0.49060713 0.34812391 0.18578879 0.97786999
 [13] 0.51214025 0.21384798 1.41946895 0.64543795 0.55914453 0.09132091
 [19] 1.08813356 1.80016493 1.74153186 0.54717709 0.66929140 1.71219206
 [25] 0.26528368 1.06631422 0.68088965 0.02668006 0.85938166 0.37657098
 [31] 0.52605839 1.52803968 1.08266623 0.61576938 1.14156266 1.23721850
 [37] 0.47173970 0.87822986 1.67419355 0.12638917 1.01597673 1.15286266
 [43] 0.80989505 1.69342295 1.01883373 1.19836530 0.17534985 0.33212452
 [49] 1.45913908 0.31675761 0.13028586 0.80611150 1.36992913 0.42481103
 [55] 0.34823428 0.29229013 0.25887097 0.89540927 1.44511691 0.02490325
 [61] 1.68678589 0.00000000 1.14963959 0.87484369 0.06466627 0.27644635
 [67] 1.75967691 0.39315154 0.28247049 1.74204110 0.06993119 1.34795435
 [73] 0.02036456 1.71613941 0.48362814 0.91943187 0.02874164 0.18004202
 [79] 1.14022159 1.12293343 0.05273145 0.14641695 0.92677773 0.38370732
 [85] 0.40448499 1.35053682 0.74131445 1.01902041 0.84614218 0.93214463
 [91] 0.09488777 0.17350860 1.78996426 0.00000000 1.68215550 0.48857826
 [97] 1.05593167 1.24117504 0.00000000 1.01356086 0.78670607 0.31388082
[103] 1.03257554 0.12273569 0.57139736

$res
  [1]  1.29799909  1.24898951  2.59619739  3.33476111  0.37394870  3.54370427
  [7] -0.34002472 -0.67320450  0.61667862 -0.43758144 -0.23353100  1.22915359
 [13] -0.64374512 -0.26880057  1.78423039 -0.81129638  0.70282810  0.11478768
 [19] -1.36775163  2.30503473  2.18905392 -0.68778538 -0.84127945  2.95784503
 [25] -0.33345372 -1.34032537 -0.85585811 -0.03353605  1.08021727 -0.47333856
 [31] -0.66123980 -1.92070058  1.36087936 -0.77400385 -1.43491043 -1.55514699
 [37] -0.59296282 -1.10390890  3.11867797 -0.15886744 -1.27705263 -1.44911419
 [43]  1.01801407  3.04191242 -1.28064380 -1.50630966 -0.22040957 -0.41747067
 [49] -1.83409458 -0.39815493  0.16376547 -1.01325826 -1.72196031 -0.53397488
 [55] -0.43772017 -0.36740003  0.32539313 -1.12550291 -1.81646912 -0.03130264
 [61] -2.12023986  5.15997053  1.44506289 -1.09965258 -0.08128359 -0.34748487
 [67]  2.68329766 -0.49417983 -0.35505704  2.79857520 -0.08790143 -1.69433866
 [73]  0.02559765 -2.15713636  0.60790623  1.15569860 -0.03612739  0.22630748
 [79] -1.43322474  1.41149404 -0.06628186  0.18404177  1.16493213 -0.48230872
 [85] -0.50842564  1.69758475 -0.93181029 -1.28087844  1.06357564 -1.17167817
 [91] -0.11927112 -0.21809517 -2.42249054  8.84123057  2.11441959 -0.61412840
 [97]  1.32727481  1.56012024  7.94031820  4.24283219  0.98886621 -0.39453888
[103] -1.29791685  0.15427512 -0.71822954

$sres
  [1]  1.03264097  0.99365073  2.06544042  2.65301492  0.29750002  2.81924251
  [7] -0.27051133 -0.53557707  0.49060713 -0.34812391 -0.18578879  0.97786999
 [13] -0.51214025 -0.21384798  1.41946895 -0.64543795  0.55914453  0.09132091
 [19] -1.08813356  1.83380198  1.74153186 -0.54717709 -0.66929140  2.35315416
 [25] -0.26528368 -1.06631422 -0.68088965 -0.02668006  0.85938166 -0.37657098
 [31] -0.52605839 -1.52803968  1.08266623 -0.61576938 -1.14156266 -1.23721850
 [37] -0.47173970 -0.87822986  2.48110702 -0.12638917 -1.01597673 -1.15286266
 [43]  0.80989505  2.42003513 -1.01883373 -1.19836530 -0.17534985 -0.33212452
 [49] -1.45913908 -0.31675761  0.13028586 -0.80611150 -1.36992913 -0.42481103
 [55] -0.34823428 -0.29229013  0.25887097 -0.89540927 -1.44511691 -0.02490325
 [61] -1.68678589  4.10508530  1.14963959 -0.87484369 -0.06466627 -0.27644635
 [67]  2.13473424 -0.39315154 -0.28247049  2.22644487 -0.06993119 -1.34795435
 [73]  0.02036456 -1.71613941  0.48362814  0.91943187 -0.02874164  0.18004202
 [79] -1.14022159  1.12293343 -0.05273145  0.14641695  0.92677773 -0.38370732
 [85] -0.40448499  1.35053682 -0.74131445 -1.01902041  0.84614218 -0.93214463
 [91] -0.09488777 -0.17350860 -1.92724556  7.03376218  1.68215550 -0.48857826
 [97]  1.05593167  1.24117504  6.31702900  3.37544331  0.78670607 -0.31388082
[103] -1.03257554  0.12273569 -0.57139736

$h
  [1]  0.0006387605  0.0035019407  0.0006346988  0.0005475941  0.0004445807
  [6]  0.0025854003  0.0182899801  0.0185671589  0.0005747376  0.0004190418
 [11]  0.0006192437  0.0013313460  0.0013781235  0.0092104941  0.0008181414
 [16]  0.0010776281  0.0004897644  0.0013758455  0.0007869290  0.0005389386
 [21]  0.0007855928  0.0007957401  0.0008550501  0.0134572798  0.0008809913
 [26]  0.0007988364  0.0005688978  0.9790632893  0.0006392895  0.0006955251
 [31]  0.0063771488  0.0014422987  0.0010433988  0.0004758740  0.0008302344
 [36]  0.0006426453  0.0032332980  0.0028527727  0.0124967955  0.0010292747
 [41]  0.0022578179  0.0020749735  0.0010011989  0.0004918104  0.0020155723
 [46]  0.0012195370  0.0512876222  0.0177521899  0.0015999472  0.0014368491
 [51]  0.0080386287  0.0040489116  0.0017635707  0.0004775936  0.0429439654
 [56]  0.0008456250  0.0011444030  0.0074417760  0.0007212981  0.0021352823
 [61]  0.0011980501 -0.0014888170  0.0010285107  0.0041941452  0.0059441851
 [66]  0.8875996712  0.0025626504  0.0173681752  0.0010105613  0.0011410120
 [71]  0.4179207744  0.0006141507  0.0009636935  0.0005234176  0.0005273103
 [76]  0.0010829782  0.0019113755  0.0018779865  0.0028512311  0.0008642622
 [81]  0.0044540943  0.0011218737  0.0052072937  0.0126040021  0.0243019944
 [86]  0.0009891807  0.0010570133  0.0028066437  0.0134938605  0.0049583221
 [91]  0.1100067224  0.0592591030  0.0006154689 -0.0008504833  0.0980739678
 [96]  0.0006606953  0.0008760204  0.0006705454 -0.0005086145  0.0004857013
[101]  0.0006307538  0.0712478560  0.0005792413  0.0009388373  0.0007494392

$A
           [,1]       [,2]       [,3]
[1,] 623.325446 442.348633 1.96819899
[2,] 442.348633 324.126808 1.33274908
[3,]   1.968199   1.332749 0.00928609

$B
            [,1]        [,2]         [,3]
[1,] -288.559280 -198.614011 -0.953312006
[2,] -198.614011 -141.482385 -0.622245950
[3,]   -0.953312   -0.622246 -0.005556187

$rcovmat
           [,1]       [,2]       [,3]
[1,]  0.2595413 -0.3507909  -5.237150
[2,] -0.3507909  0.5003306   4.877843
[3,] -5.2371504  4.8778434 570.659367

$iters
[1] 11

> 
> rest2$sres/sqrt(1-rest2$h)
  [1]  1.03297094  0.99539516  2.06609620  2.65374161  0.29756617  2.82289403
  [7] -0.27301961 -0.54061946  0.49074818 -0.34819688 -0.18584634  0.97852158
 [13] -0.51249351 -0.21483965  1.42004997 -0.64578601  0.55928151  0.09138380
 [19] -1.08856196  1.83429633  1.74221633 -0.54739492 -0.66957772  2.36914931
 [25] -0.26540061 -1.06674038 -0.68108341 -0.18438800  0.85965648 -0.37670200
 [31] -0.52774383 -1.52914282  1.08323150 -0.61591594 -1.14203684 -1.23761624
 [37] -0.47250419 -0.87948524  2.49675679 -0.12645426 -1.01712562 -1.15406061
 [43]  0.81030079  2.42063045 -1.01986205 -1.19909669 -0.18002720 -0.33511233
 [49] -1.46030776 -0.31698542  0.13081270 -0.80774841 -1.37113871 -0.42491251
 [55] -0.35596135 -0.29241379  0.25901922 -0.89875970 -1.44563837 -0.02492988
 [61] -1.68779722  4.10203284  1.15023126 -0.87668409 -0.06485933 -0.82456913
 [67]  2.13747480 -0.39661083 -0.28261333  2.22771616 -0.09166000 -1.34836846
 [73]  0.02037438 -1.71658871  0.48375570  0.91993014 -0.02876915  0.18021131
 [79] -1.14185060  1.12341900 -0.05284927  0.14649915  0.92920019 -0.38614854
 [85] -0.40949132  1.35120528 -0.74170655 -1.02045344  0.85190948 -0.93446420
 [91] -0.10058122 -0.17888997 -1.92783891  7.03077304  1.77125332 -0.48873974
 [97]  1.05639449  1.24159139  6.31542315  3.37626334  0.78695430 -0.32569783
[103] -1.03287473  0.12279334 -0.57161159
> 
> cbind(ss35.buch.100.1$w, rest2$w)
       [,1]      [,2]
  [1,]    1 1.0000000
  [2,]    1 1.0000000
  [3,]    1 0.8575095
  [4,]    1 0.6059104
  [5,]    1 1.0000000
  [6,]    1 0.5396645
  [7,]    1 1.0000000
  [8,]    1 1.0000000
  [9,]    1 1.0000000
 [10,]    1 1.0000000
 [11,]    1 1.0000000
 [12,]    1 1.0000000
 [13,]    1 1.0000000
 [14,]    1 1.0000000
 [15,]    1 1.0000000
 [16,]    1 1.0000000
 [17,]    1 1.0000000
 [18,]    1 1.0000000
 [19,]    1 1.0000000
 [20,]    1 0.9816572
 [21,]    1 1.0000000
 [22,]    1 1.0000000
 [23,]    1 1.0000000
 [24,]    1 0.7276158
 [25,]    1 1.0000000
 [26,]    1 1.0000000
 [27,]    1 1.0000000
 [28,]    1 1.0000000
 [29,]    1 1.0000000
 [30,]    1 1.0000000
 [31,]    1 1.0000000
 [32,]    1 1.0000000
 [33,]    1 1.0000000
 [34,]    1 1.0000000
 [35,]    1 1.0000000
 [36,]    1 1.0000000
 [37,]    1 1.0000000
 [38,]    1 1.0000000
 [39,]    1 0.6747768
 [40,]    1 1.0000000
 [41,]    1 1.0000000
 [42,]    1 1.0000000
 [43,]    1 1.0000000
 [44,]    0 0.6997514
 [45,]    1 1.0000000
 [46,]    1 1.0000000
 [47,]    1 1.0000000
 [48,]    1 1.0000000
 [49,]    1 1.0000000
 [50,]    1 1.0000000
 [51,]    1 1.0000000
 [52,]    1 1.0000000
 [53,]    1 1.0000000
 [54,]    1 1.0000000
 [55,]    1 1.0000000
 [56,]    1 1.0000000
 [57,]    1 1.0000000
 [58,]    1 1.0000000
 [59,]    1 1.0000000
 [60,]    1 1.0000000
 [61,]    1 1.0000000
 [62,]    0 0.0000000
 [63,]    1 1.0000000
 [64,]    1 1.0000000
 [65,]    1 1.0000000
 [66,]    1 1.0000000
 [67,]    0 0.8243072
 [68,]    1 1.0000000
 [69,]    1 1.0000000
 [70,]    1 0.7824317
 [71,]    1 1.0000000
 [72,]    1 1.0000000
 [73,]    1 1.0000000
 [74,]    1 1.0000000
 [75,]    1 1.0000000
 [76,]    1 1.0000000
 [77,]    1 1.0000000
 [78,]    1 1.0000000
 [79,]    1 1.0000000
 [80,]    1 1.0000000
 [81,]    1 1.0000000
 [82,]    1 1.0000000
 [83,]    1 1.0000000
 [84,]    1 1.0000000
 [85,]    1 1.0000000
 [86,]    1 1.0000000
 [87,]    1 1.0000000
 [88,]    1 1.0000000
 [89,]    1 1.0000000
 [90,]    1 1.0000000
 [91,]    1 1.0000000
 [92,]    1 1.0000000
 [93,]    1 0.9287681
 [94,]    0 0.0000000
 [95,]    0 1.0000000
 [96,]    1 1.0000000
 [97,]    1 1.0000000
 [98,]    1 1.0000000
 [99,]    0 0.0000000
[100,]    1 0.3002749
[101,]    1 1.0000000
[102,]    1 1.0000000
[103,]    1 1.0000000
[104,]    1 1.0000000
[105,]    1 1.0000000
> 
> round(cbind(1:105,ss35.buch.100.1$w, rest2$w,
+             ss35.buch.100.1$raw.res,ss35.buch.100.1$student.res,
+             ss35.buch.100.1$dep,ss35.buch.100.1$pred,
+             ss35.buch.100.1$dep-ss35.buch.100.1$pred)[ ss35.buch.100.1$w != rest2$w ,],4)
      [,1] [,2]   [,3]    [,4]    [,5]   [,6]   [,7]    [,8]
 [1,]    3    1 0.8575  1.0510  1.4162 0.0126 0.0096  0.0030
 [2,]    4    1 0.6059  1.7646  2.0164 0.0155 0.0106  0.0049
 [3,]    6    1 0.5397  1.7738  2.0241 0.0222 0.0115  0.0106
 [4,]   20    1 0.9817  1.2877  1.6153 0.0185 0.0143  0.0042
 [5,]   24    1 0.7276  2.3631  2.5198 0.0566 0.0159  0.0407
 [6,]   39    1 0.6748  1.6911  1.9546 0.0299 0.0097  0.0202
 [7,]   44    0 0.6998  3.4152  3.4048 0.0272 0.0153  0.0119
 [8,]   67    0 0.8243  2.5114  2.6446 0.0218 0.0082  0.0136
 [9,]   70    1 0.7824  1.8939  2.1252 0.0140 0.0075  0.0064
[10,]   93    1 0.9288 -2.4357 -1.5165 0.0047 0.0134 -0.0086
[11,]   95    0 1.0000  6.5426  6.0353 0.0417 0.0009  0.0407
[12,]  100    1 0.3003  1.8826  2.1156 0.0133 0.0089  0.0044
> proc.time()
[1] 2.00 0.14 2.11 0.00 0.00
> 
