
R : Copyright 2001, The R Development Core Team
Version 1.3.0  (2001-06-22)

R is free software and comes with ABSOLUTELY NO WARRANTY.
You are welcome to redistribute it under certain conditions.
Type `license()' or `licence()' for distribution details.

R is a collaborative project with many contributors.
Type `contributors()' for more information.

Type `demo()' for some demos, `help()' for on-line help, or
`help.start()' for a HTML browser interface to help.
Type `q()' to quit R.

[Previously saved workspace restored]

> invisible(options(echo = TRUE))
> source("../rewtanh2.R")
> 
> 
> # tmp <-
> # cbind(us16.mcguire.100.1$w,us16.mcguire.100.1$pop,us16.mcguire.100.1$dep*us16.mcguire.100.1$pop,us16.mcguire.100.1$indep)
> # write.table(as.data.frame(tmp),
> #            sep=",",row.names=F,col.names=F,file="us16.mcguire.100.1.dat")
> 
> rest3 <- rewtanh(us16.mcguire.100.1$par,us16.mcguire.100.1$s0^2,
+   us16.mcguire.100.1$stand.res,
+   us16.mcguire.100.1$pop,
+   us16.mcguire.100.1$dep*us16.mcguire.100.1$pop,
+   us16.mcguire.100.1$indep)
Warning messages: 
1: non-integer #successes in a binomial glm! in: eval(expr, envir, enclos) 
2: non-integer #successes in a binomial glm! in: eval(expr, envir, enclos) 
3: non-integer #successes in a binomial glm! in: eval(expr, envir, enclos) 
4: non-integer #successes in a binomial glm! in: eval(expr, envir, enclos) 
5: non-integer #successes in a binomial glm! in: eval(expr, envir, enclos) 
6: non-integer #successes in a binomial glm! in: eval(expr, envir, enclos) 
7: non-integer #successes in a binomial glm! in: eval(expr, envir, enclos) 
8: non-integer #successes in a binomial glm! in: eval(expr, envir, enclos) 
9: non-integer #successes in a binomial glm! in: eval(expr, envir, enclos) 
> 
> summary(rest3$glmobj, dispersion=rest3$disp)

Call:
glm(formula = yprop ~ -1 + RHSmat, family = binomial(link = "logit"), 
    weights = w * nobsvec, subset = w > 0, start = bvec)

Deviance Residuals: 
    Min       1Q   Median       3Q      Max  
-3.4149  -1.2105  -0.2073   0.8826   2.8323  

Coefficients:
        Estimate Std. Error z value Pr(>|z|)    
RHSmat1  -3.3673     0.1719 -19.586  < 2e-16 ***
RHSmat2  -1.0039     0.2929  -3.427  0.00061 ***
RHSmat3  25.9607     5.2484   4.946 7.56e-07 ***
---
Signif. codes:  0 `***' 0.001 `**' 0.01 `*' 0.05 `.' 0.1 ` ' 1 

(Dispersion parameter for binomial family taken to be 2.313431)

    Null deviance: 136832.84  on 149  degrees of freedom
Residual deviance:    352.11  on 146  degrees of freedom
AIC: 969.69

Number of Fisher Scoring iterations: 1

> print("sandwich SEs")
[1] "sandwich SEs"
> print(sqrt(diag(rest3$rcov)))
[1] 0.2987346 0.4982993 9.1328853
> 
> print(rest3)
$glmobj

Call:  glm(formula = yprop ~ -1 + RHSmat, family = binomial(link = "logit"),      weights = w * nobsvec, subset = w > 0, start = bvec) 

Coefficients:
RHSmat1  RHSmat2  RHSmat3  
 -3.367   -1.004   25.961  

Degrees of Freedom: 149 Total (i.e. Null);  146 Residual
Null Deviance:	    136800 
Residual Deviance: 352.1 	AIC: 969.7 

$dispersion
[1] 2.313431

$w
  [1] 1.000000000 1.000000000 1.000000000 1.000000000 1.000000000 1.000000000
  [7] 1.000000000 1.000000000 1.000000000 1.000000000 1.000000000 1.000000000
 [13] 0.965508691 1.000000000 1.000000000 1.000000000 1.000000000 1.000000000
 [19] 1.000000000 1.000000000 1.000000000 1.000000000 1.000000000 1.000000000
 [25] 1.000000000 1.000000000 0.623738823 1.000000000 1.000000000 1.000000000
 [31] 1.000000000 1.000000000 0.988380959 1.000000000 1.000000000 1.000000000
 [37] 1.000000000 1.000000000 1.000000000 1.000000000 1.000000000 1.000000000
 [43] 1.000000000 1.000000000 1.000000000 1.000000000 1.000000000 1.000000000
 [49] 1.000000000 1.000000000 1.000000000 1.000000000 0.804413152 1.000000000
 [55] 1.000000000 1.000000000 1.000000000 1.000000000 1.000000000 1.000000000
 [61] 1.000000000 1.000000000 1.000000000 1.000000000 1.000000000 1.000000000
 [67] 1.000000000 1.000000000 0.522304313 1.000000000 1.000000000 1.000000000
 [73] 1.000000000 1.000000000 1.000000000 1.000000000 0.561950423 1.000000000
 [79] 1.000000000 1.000000000 1.000000000 1.000000000 0.783139157 1.000000000
 [85] 1.000000000 1.000000000 1.000000000 1.000000000 1.000000000 1.000000000
 [91] 1.000000000 1.000000000 1.000000000 1.000000000 1.000000000 1.000000000
 [97] 1.000000000 1.000000000 1.000000000 1.000000000 1.000000000 0.869408919
[103] 1.000000000 1.000000000 1.000000000 1.000000000 1.000000000 1.000000000
[109] 1.000000000 1.000000000 1.000000000 1.000000000 1.000000000 1.000000000
[115] 1.000000000 1.000000000 1.000000000 1.000000000 1.000000000 1.000000000
[121] 1.000000000 1.000000000 0.787540153 1.000000000 1.000000000 1.000000000
[127] 1.000000000 1.000000000 1.000000000 1.000000000 1.000000000 0.668437076
[133] 1.000000000 1.000000000 0.005507688 1.000000000 1.000000000 1.000000000
[139] 1.000000000 1.000000000 1.000000000 1.000000000 1.000000000 0.288008548
[145] 1.000000000 1.000000000 1.000000000 1.000000000 1.000000000

$psi
  [1] 0.1353419232 1.3621201662 1.1493025615 0.3370236109 1.4608809356
  [6] 1.2764392181 0.1722491271 1.0249151254 1.3358328305 0.3933787489
 [11] 0.8191002972 1.5514551654 1.7973253096 0.1727470376 1.1074369621
 [16] 0.6051153028 0.5738805312 0.1939571156 0.6507074633 1.5071840867
 [21] 0.8878543621 0.8105793336 0.8324201983 1.7379739404 0.1424704188
 [26] 0.7317086066 1.6268410446 0.2337214029 1.1033413855 0.8430023233
 [31] 1.2923846573 0.0126631823 1.8012837549 0.4124922255 1.1350191519
 [36] 0.9827411420 0.7740961854 1.0314805593 1.2821457215 0.2773112486
 [41] 0.5551425311 0.6997320311 0.6239514870 1.6098598831 0.3367949189
 [46] 0.8789976152 0.5521993004 0.6223350138 1.0349611880 1.1459980721
 [51] 0.7020282503 0.2580483180 1.7517851974 0.3133416042 0.1756454440
 [56] 1.1932174163 0.7009894322 1.3736702058 0.4049486282 0.5903383902
 [61] 1.5777590056 0.1916348616 1.1924412191 0.2637843273 0.5841214663
 [66] 0.3682721432 0.1726623079 0.1058676324 1.4950223430 1.1305530488
 [71] 0.1343373027 0.4703202034 0.5927523354 0.5756276724 1.7589616941
 [76] 0.0427063852 1.5529661156 0.3677522604 0.8033978008 0.7519470121
 [81] 0.2660446635 1.0214719003 1.7423727026 0.0673672497 1.2084288785
 [86] 1.6643961068 0.8979402068 1.1498076856 0.7591657740 1.6903495527
 [91] 0.0323552517 0.4195441970 0.1311291013 1.3134307896 1.7290702954
 [96] 0.2792565940 1.1188858324 0.6169025205 0.3406826537 1.0837966288
[101] 0.2379267178 1.7747790953 0.3270328385 0.0002849368 0.8068395082
[106] 0.2566917875 0.1259089657 0.4990983411 1.3154722478 0.7878619501
[111] 1.1268817934 1.2075985281 1.6600782996 1.7976537038 0.2646329762
[116] 0.5349168156 1.1851307420 0.4136948234 0.2704941033 0.2732525890
[121] 0.3957261622 1.3432073837 1.7444079225 0.1490390001 0.5056655661
[126] 0.0136719537 1.6102560729 0.6924440108 0.2801192671 0.3490484153
[131] 0.2209016539 1.6689210972 1.7292076826 0.2982915325 0.0219643617
[136] 0.2344360468 0.5265632376 0.7763936402 0.2591174731 0.7389726797
[141] 0.0005550493 0.6362301406 1.2851938998 0.9796935311 0.3939272144
[146] 0.5183996520 0.4681653294 1.4070000412 0.8102337469

$res
  [1] -0.2058546061 -2.0717801518 -1.7480852970 -0.5126117688 -2.2219949471
  [6]  1.9414597205 -0.2619903380 -1.5588924288 -2.0317972035  0.5983277426
 [11]  1.2458487733 -2.3597580433 -2.8313838338 -0.2627476582 -1.6844078625
 [16]  0.9203783227  0.8728703411  0.2950081149 -0.9897238441  2.2924218828
 [21] -1.3504234727  1.2328884165  1.2661082976  2.6434524673 -0.2166970236
 [26]  1.1129263083  3.9670766325  0.3554894609 -1.6781785043  1.2822036739
 [31]  1.9657126794  0.0192606574 -2.7719539276  0.6273992756 -1.7263602795
 [36]  1.4947459431  1.1773976719  1.5688784315  1.9501392928 -0.4217894683
 [41] -0.8443699066 -1.0642900455 -0.9490280951 -2.4485914208 -0.5122639291
 [46]  1.3369523908 -0.8398932626 -0.9465694448 -1.5741724559  1.7430591799
 [51] -1.0677825871  0.3924906162  3.3123020632 -0.4765915169 -0.2671561244
 [56] -1.8148796422  1.0662025482 -2.0893477229  0.6159254898 -0.8979026887
 [61]  2.3997660950  0.2914759744 -1.8136990490 -0.4012150670 -0.8884467687
 [66]  0.5601406804 -0.2626187846 -0.1610243097  4.3536380135 -1.7195673519
 [71] -0.2043265817  0.7153554338  0.9015742913  0.8755277370  2.6753747695
 [76]  0.0649562670  4.2033177634  0.5593499404 -1.2219653296 -1.1437088545
 [81] -0.4046530306  1.5536552951  3.3840000785 -0.1024653583 -1.8380162246
 [86] -2.5315408320 -1.3657640083 -1.7488535891 -1.1546885668 -2.5710159352
 [91] -0.0492122281 -0.6381253003 -0.1994469182 -1.9977237752 -2.6299100535
 [96] -0.4247483321 -1.7018215554 -0.9383066408 -0.5181771606 -1.6484509957
[101] -0.3618857306 -3.1049060163 -0.4974158380  0.0004333879 -1.2272001548
[106]  0.3904273380  0.1915071097  0.7591268836  2.0008288263  1.1983353534
[111]  1.7139833849 -1.8367532645  2.5249734620  2.7342251851 -0.4025058590
[116]  0.8136066618  1.8025798381 -0.6292284229 -0.4114206135 -0.4156162608
[121] -0.6018981502  2.0430138738  3.3690200065  0.2266878136 -0.7691156106
[126]  0.0207949952 -2.4491940242 -1.0532049913  0.4260604550  0.5309014556
[131]  0.3359906662  3.7975501620  2.6301190189  0.4537004090  6.0656525462
[136] -0.3565764318  0.8009008981  1.1808920929 -0.3941167975 -1.1239749389
[141]  0.0008442282 -0.9677038855  1.9547755616  5.1738413497  0.5991619567
[146]  0.7884841120  0.7120778779 -2.1400422895 -1.2323627804

$sres
  [1] -0.1353419232 -1.3621201662 -1.1493025615 -0.3370236109 -1.4608809356
  [6]  1.2764392181 -0.1722491271 -1.0249151254 -1.3358328305  0.3933787489
 [11]  0.8191002972 -1.5514551654 -1.8615319848 -0.1727470376 -1.1074369621
 [16]  0.6051153028  0.5738805312  0.1939571156 -0.6507074633  1.5071840867
 [21] -0.8878543621  0.8105793336  0.8324201983  1.7379739404 -0.1424704188
 [26]  0.7317086066  2.6082087316  0.2337214029 -1.1033413855  0.8430023233
 [31]  1.2923846573  0.0126631823 -1.8224589810  0.4124922255 -1.1350191519
 [36]  0.9827411420  0.7740961854  1.0314805593  1.2821457215 -0.2773112486
 [41] -0.5551425311 -0.6997320311 -0.6239514870 -1.6098598831 -0.3367949189
 [46]  0.8789976152 -0.5521993004 -0.6223350138 -1.0349611880  1.1459980721
 [51] -0.7020282503  0.2580483180  2.1777182452 -0.3133416042 -0.1756454440
 [56] -1.1932174163  0.7009894322 -1.3736702058  0.4049486282 -0.5903383902
 [61]  1.5777590056  0.1916348616 -1.1924412191 -0.2637843273 -0.5841214663
 [66]  0.3682721432 -0.1726623079 -0.1058676324  2.8623587928 -1.1305530488
 [71] -0.1343373027  0.4703202034  0.5927523354  0.5756276724  1.7589616941
 [76]  0.0427063852  2.7635286907  0.3677522604 -0.8033978008 -0.7519470121
 [81] -0.2660446635  1.0214719003  2.2248570849 -0.0673672497 -1.2084288785
 [86] -1.6643961068 -0.8979402068 -1.1498076856 -0.7591657740 -1.6903495527
 [91] -0.0323552517 -0.4195441970 -0.1311291013 -1.3134307896 -1.7290702954
 [96] -0.2792565940 -1.1188858324 -0.6169025205 -0.3406826537 -1.0837966288
[101] -0.2379267178 -2.0413628807 -0.3270328385  0.0002849368 -0.8068395082
[106]  0.2566917875  0.1259089657  0.4990983411  1.3154722478  0.7878619501
[111]  1.1268817934 -1.2075985281  1.6600782996  1.7976537038 -0.2646329762
[116]  0.5349168156  1.1851307420 -0.4136948234 -0.2704941033 -0.2732525890
[121] -0.3957261622  1.3432073837  2.2150082320  0.1490390001 -0.5056655661
[126]  0.0136719537 -1.6102560729 -0.6924440108  0.2801192671  0.3490484153
[131]  0.2209016539  2.4967512374  1.7292076826  0.2982915325  3.9879461375
[136] -0.2344360468  0.5265632376  0.7763936402 -0.2591174731 -0.7389726797
[141]  0.0005550493 -0.6362301406  1.2851938998  3.4016126821  0.3939272144
[146]  0.5183996520  0.4681653294 -1.4070000412 -0.8102337469

$h
  [1] 0.0005992697 0.0006121417 0.0006052924 0.0005330086 0.0003562561
  [6] 0.0004623531 0.0023381451 0.0012954576 0.0004538220 0.0008243591
 [11] 0.0007402534 0.0004844728 0.0010934360 0.0005702006 0.0009765373
 [16] 0.0014458476 0.0006046269 0.0003683169 0.0009303751 0.0006116156
 [21] 0.0011875077 0.0004360267 0.0014288555 0.0005752260 0.0013842982
 [26] 0.0005019055 0.0005117883 0.0008286318 0.0061381394 0.0071935223
 [31] 0.0033385468 0.0127593486 0.0005738007 0.0004018543 0.0014872419
 [36] 0.0013394118 0.0038968416 0.0007634555 0.0008331211 0.0007936616
 [41] 0.0005501890 0.0031505085 0.0008348909 0.0009670281 0.0005703781
 [46] 0.0044642497 0.0047242281 0.0553693809 0.0036114900 0.0037691051
 [51] 0.0020651983 0.0014910520 0.0013045436 0.0014119586 0.0012742809
 [56] 0.0014414108 0.0007727141 0.0037872087 0.0008552472 0.0010165320
 [61] 0.0399469143 0.0014014257 0.0016779685 0.0007745924 0.0005338018
 [66] 0.0016637848 0.6614714654 0.0005140733 0.0006265664 0.0012322301
 [71] 0.3189837162 0.0060272977 0.0006416373 0.0007673612 0.0004110356
 [76] 0.0006875677 0.0006169977 0.0005299715 0.0007501758 0.0164233733
 [81] 0.0105645460 0.0021765000 0.0006594267 0.0003997050 0.0006832735
 [86] 0.0004539971 0.0007562035 0.0040708885 0.0020764177 0.0015587897
 [91] 0.0017080254 0.0010528021 0.0028761623 0.5687587348 0.0010042845
 [96] 0.0043717167 0.0044572477 0.0004483348 0.1128438639 0.0011566156
[101] 0.0009954830 0.0007087560 0.0012617761 0.0010737414 0.0012503856
[106] 0.0018165903 0.0016408660 0.0009546348 0.0007287859 0.0010841116
[111] 0.0036365445 0.0006359986 0.0028848689 0.0005616863 0.0597333321
[116] 0.0152068294 0.0006787529 0.0129387102 0.1341448570 0.0863089904
[121] 0.0015185277 0.0008135608 0.0007245190 0.0010970805 0.0010694006
[126] 0.0020229582 0.0019289608 0.1382815768 0.0009387690 0.2128930058
[131] 0.0008673716 0.0006362932 0.0006919115 0.0004750228 0.0007488901
[136] 0.3448469897 0.0046863933 0.0005120435 0.0005113053 0.0030232162
[141] 0.0004713316 0.0006315643 0.0085715554 0.0301772863 0.0008007126
[146] 0.0007501593 0.0006609206 0.0008741771 0.0009516165

$A
           [,1]        [,2]       [,3]
[1,] 2726.07288 1516.168676 10.7520443
[2,] 1516.16868  876.616174  5.9091931
[3,]   10.75204    5.909193  0.1518931

$B
           [,1]        [,2]        [,3]
[1,] -1022.5631 -577.459776 -4.09700034
[2,]  -577.4598 -337.900799 -2.24053791
[3,]    -4.0970   -2.240538 -0.05317094

$rcovmat
            [,1]       [,2]       [,3]
[1,]  0.08924234 -0.1455714 -0.8172959
[2,] -0.14557137  0.2483022  0.8404779
[3,] -0.81729590  0.8404779 83.4095934

$iters
[1] 9

> 
> rest3$sres/sqrt(1-rest3$h)
  [1] -0.1353824946 -1.3625372630 -1.1496505515 -0.3371134650 -1.4611412290
  [6]  1.2767344033 -0.1724508527 -1.0255796382 -1.3361360489  0.3935409919
 [11]  0.8194036365 -1.5518311210 -1.8625505532 -0.1727963089 -1.1079780852
 [16]  0.6055532300  0.5740541017  0.1939928443 -0.6510103757  1.5076452069
 [21] -0.8883819990  0.8107561085  0.8330155404  1.7384740201 -0.1425691321
 [26]  0.7318923000  2.6088764133  0.2338182976 -1.1067432862  0.8460508585
 [31]  1.2945474175  0.0127447507 -1.8229820702  0.4125751314 -1.1358641185
 [36]  0.9833999515  0.7756088730  1.0318745297  1.2826801468 -0.2774213597
 [41] -0.5552953109 -0.7008368983 -0.6242121159 -1.6106388380 -0.3368910103
 [46]  0.8809662414 -0.5535082980 -0.6403143379 -1.0368351414  1.1481638900
 [51] -0.7027542888  0.2582409151  2.1791401008 -0.3135630514 -0.1757574619
 [56] -1.1940783053  0.7012604214 -1.3762788055  0.4051219050 -0.5906386680
 [61]  1.6102490212  0.1917692839 -1.1934429193 -0.2638865494 -0.5842774313
 [66]  0.3685788888 -0.2967562682 -0.1058948547  2.8632559434 -1.1312502440
 [71] -0.1627863089  0.4717440229  0.5929425930  0.5758486568  1.7593233034
 [76]  0.0427210745  2.7643816308  0.3678497482 -0.8036993153 -0.7581988792
 [81] -0.2674612179  1.0225853350  2.2255910130 -0.0673807173 -1.2088419339
 [86] -1.6647740509 -0.8982799123 -1.1521552249 -0.7599551761 -1.6916685447
 [91] -0.0323829189 -0.4197652200 -0.1313180833 -2.0000784801 -1.7299391892
 [96] -0.2798690181 -1.1213877750 -0.6170408564 -0.3617012346 -1.0844239411
[101] -0.2380452323 -2.0420866795 -0.3272393551  0.0002850899 -0.8073444120
[106]  0.2569252575  0.1260123929  0.4993367401  1.3159518588  0.7882893628
[111]  1.1289363767 -1.2079827268  1.6624780472  1.7981587753 -0.2729093661
[116]  0.5390309926  1.1855331523 -0.4163974166 -0.2906934067 -0.2858673855
[121] -0.3960269654  1.3437541077  2.2158110761  0.1491208213 -0.5059361627
[126]  0.0136858036 -1.6118113838 -0.7459366987  0.2802508434  0.3934311886
[131]  0.2209975182  2.4975459496  1.7298062225  0.2983624054  3.9894402433
[136] -0.2896363187  0.5278014325  0.7765924903 -0.2591837426 -0.7400922560
[141]  0.0005551802 -0.6364311460  1.2907376194  3.4541300610  0.3940850204
[146]  0.5185942026  0.4683201162 -1.4076154283 -0.8106195382
> 
> cbind(us16.mcguire.100.1$w, rest3$w)
       [,1]        [,2]
  [1,]    1 1.000000000
  [2,]    1 1.000000000
  [3,]    1 1.000000000
  [4,]    1 1.000000000
  [5,]    1 1.000000000
  [6,]    1 1.000000000
  [7,]    1 1.000000000
  [8,]    1 1.000000000
  [9,]    1 1.000000000
 [10,]    1 1.000000000
 [11,]    1 1.000000000
 [12,]    1 1.000000000
 [13,]    1 0.965508691
 [14,]    1 1.000000000
 [15,]    1 1.000000000
 [16,]    1 1.000000000
 [17,]    1 1.000000000
 [18,]    1 1.000000000
 [19,]    1 1.000000000
 [20,]    1 1.000000000
 [21,]    1 1.000000000
 [22,]    1 1.000000000
 [23,]    1 1.000000000
 [24,]    1 1.000000000
 [25,]    1 1.000000000
 [26,]    1 1.000000000
 [27,]    1 0.623738823
 [28,]    1 1.000000000
 [29,]    1 1.000000000
 [30,]    1 1.000000000
 [31,]    1 1.000000000
 [32,]    1 1.000000000
 [33,]    1 0.988380959
 [34,]    1 1.000000000
 [35,]    1 1.000000000
 [36,]    1 1.000000000
 [37,]    1 1.000000000
 [38,]    1 1.000000000
 [39,]    1 1.000000000
 [40,]    1 1.000000000
 [41,]    1 1.000000000
 [42,]    1 1.000000000
 [43,]    1 1.000000000
 [44,]    1 1.000000000
 [45,]    1 1.000000000
 [46,]    1 1.000000000
 [47,]    1 1.000000000
 [48,]    1 1.000000000
 [49,]    1 1.000000000
 [50,]    1 1.000000000
 [51,]    1 1.000000000
 [52,]    1 1.000000000
 [53,]    1 0.804413152
 [54,]    1 1.000000000
 [55,]    1 1.000000000
 [56,]    1 1.000000000
 [57,]    1 1.000000000
 [58,]    1 1.000000000
 [59,]    1 1.000000000
 [60,]    1 1.000000000
 [61,]    1 1.000000000
 [62,]    1 1.000000000
 [63,]    1 1.000000000
 [64,]    1 1.000000000
 [65,]    1 1.000000000
 [66,]    1 1.000000000
 [67,]    1 1.000000000
 [68,]    1 1.000000000
 [69,]    1 0.522304313
 [70,]    1 1.000000000
 [71,]    1 1.000000000
 [72,]    1 1.000000000
 [73,]    1 1.000000000
 [74,]    1 1.000000000
 [75,]    1 1.000000000
 [76,]    1 1.000000000
 [77,]    1 0.561950423
 [78,]    1 1.000000000
 [79,]    1 1.000000000
 [80,]    1 1.000000000
 [81,]    1 1.000000000
 [82,]    1 1.000000000
 [83,]    1 0.783139157
 [84,]    1 1.000000000
 [85,]    1 1.000000000
 [86,]    1 1.000000000
 [87,]    1 1.000000000
 [88,]    1 1.000000000
 [89,]    1 1.000000000
 [90,]    1 1.000000000
 [91,]    1 1.000000000
 [92,]    1 1.000000000
 [93,]    1 1.000000000
 [94,]    0 1.000000000
 [95,]    1 1.000000000
 [96,]    1 1.000000000
 [97,]    1 1.000000000
 [98,]    1 1.000000000
 [99,]    1 1.000000000
[100,]    1 1.000000000
[101,]    1 1.000000000
[102,]    1 0.869408919
[103,]    1 1.000000000
[104,]    1 1.000000000
[105,]    1 1.000000000
[106,]    1 1.000000000
[107,]    1 1.000000000
[108,]    1 1.000000000
[109,]    1 1.000000000
[110,]    1 1.000000000
[111,]    1 1.000000000
[112,]    1 1.000000000
[113,]    1 1.000000000
[114,]    1 1.000000000
[115,]    1 1.000000000
[116,]    1 1.000000000
[117,]    1 1.000000000
[118,]    1 1.000000000
[119,]    1 1.000000000
[120,]    1 1.000000000
[121,]    1 1.000000000
[122,]    1 1.000000000
[123,]    1 0.787540153
[124,]    1 1.000000000
[125,]    1 1.000000000
[126,]    1 1.000000000
[127,]    1 1.000000000
[128,]    0 1.000000000
[129,]    1 1.000000000
[130,]    1 1.000000000
[131,]    1 1.000000000
[132,]    1 0.668437076
[133,]    1 1.000000000
[134,]    1 1.000000000
[135,]    0 0.005507688
[136,]    1 1.000000000
[137,]    1 1.000000000
[138,]    1 1.000000000
[139,]    1 1.000000000
[140,]    1 1.000000000
[141,]    1 1.000000000
[142,]    1 1.000000000
[143,]    1 1.000000000
[144,]    0 0.288008548
[145,]    1 1.000000000
[146,]    1 1.000000000
[147,]    1 1.000000000
[148,]    1 1.000000000
[149,]    1 1.000000000
> 
> round(cbind(1:length(us16.mcguire.100.1$w),us16.mcguire.100.1$w, rest3$w,
+             us16.mcguire.100.1$raw.res,us16.mcguire.100.1$student.res,
+             us16.mcguire.100.1$dep,us16.mcguire.100.1$pred,
+             us16.mcguire.100.1$dep-us16.mcguire.100.1$pred)[ us16.mcguire.100.1$w != rest3$w ,],4)
      [,1] [,2]   [,3]     [,4]     [,5]   [,6]   [,7]    [,8]
 [1,]   13    1 0.9655  -3.2053  -1.2113 0.0038 0.0247 -0.0209
 [2,]   27    1 0.6237   2.2623   2.6593 0.0403 0.0288  0.0114
 [3,]   33    1 0.9884  -3.1543  -1.1752 0.0099 0.0262 -0.0164
 [4,]   53    1 0.8044   1.8385   2.3593 0.0400 0.0272  0.0128
 [5,]   69    1 0.5223   1.8561   2.3718 0.0417 0.0318  0.0099
 [6,]   77    1 0.5620   1.4709   2.0991 0.0405 0.0328  0.0077
 [7,]   83    1 0.7831   0.9896   1.7583 0.0372 0.0319  0.0053
 [8,]   94    0 1.0000 -17.0596 -11.0191 0.1053 0.9533 -0.8481
 [9,]  102    1 0.8694  -4.1392  -1.8724 0.0067 0.0294 -0.0227
[10,]  123    1 0.7875   0.6999   1.5532 0.0326 0.0292  0.0033
[11,]  128    0 1.0000  -5.8958  -3.1160 0.0638 0.4892 -0.4254
[12,]  132    1 0.6684   1.5715   2.1703 0.0360 0.0283  0.0077
[13,]  135    0 0.0055   2.6869   2.9599 0.0461 0.0322  0.0139
[14,]  144    0 0.2880   4.9204   4.5411 0.2000 0.0247  0.1753
> proc.time()
[1] 1.95 0.22 2.12 0.00 0.00
> 
