
R : Copyright 2001, The R Development Core Team
Version 1.3.0  (2001-06-22)

R is free software and comes with ABSOLUTELY NO WARRANTY.
You are welcome to redistribute it under certain conditions.
Type `license()' or `licence()' for distribution details.

R is a collaborative project with many contributors.
Type `contributors()' for more information.

Type `demo()' for some demos, `help()' for on-line help, or
`help.start()' for a HTML browser interface to help.
Type `q()' to quit R.

> invisible(options(echo = TRUE))
> options(warn=1)
> library("rgenoud")
> source("../function.lqd8.R",echo=T,max.deparse.length = 1000)

> lqd <- function(mydata, nparms = 3, str.pop, str.dep, 
    str.indep, sample.name, pop.size, wait.generations, max.generations = 20, 
    gradient.check, project, outlier.threshold = 2.5, flag.print = T, 
    ps.dir = "postscript", ps.flag = T, pstart = NULL, mdomains = NULL) {
    obs <- dim(mydata)[1]
    h <- ceiling((obs + nparms)/2)
    diflen <- (obs * (obs - 1))/2
    hidx <- (h * (h - 1))/2
    data.pop <- eval(parse(text = paste("mydata$", str.pop, sep = "")))
    data.dep <- eval(parse(text = paste("mydata$", str.dep, sep = "")))
    data.indep <- matrix(NA, obs, length(str.indep) + 1)
    data.indep[, 1] <- 1
    for (i in 1:length(str.indep)) {
        statement <- paste("mydata$", str.indep[i], sep = "")
        print(statement)
        tmp <- eval(parse(text = statement))
        data.indep[, i + 1] <- tmp
    }
    fit.lqd1 <- function(foo) {
        mu <- c(data.indep %*% foo)
        y <- 1/(1 + exp(-1 * mu))
        rawres <- (data.pop * (data.dep - y))/(sqrt(data.pop .... [TRUNCATED] 
> library("KernSmooth");
KernSmooth 2.22 installed
Copyright M. P. Wand 1997
> 
> source("../data.pbc.R",echo=T,max.deparse.length = 1000) ## MySQL retrieves data

> pbc.pres <- read.table(file = "../../data/2000pres.parsed.txt", 
    header = T, as.is = T)

> pbc.pres <- pbc.pres[, -1]

> ptotal <- pbc.pres$bushm + pbc.pres$gorem + pbc.pres$brownem + 
    pbc.pres$naderm + pbc.pres$harrism + pbc.pres$hagelinm + 
    pbc.pres$buchananm + pbc.pres$mcreynoldsm + pbc.pres$phillipsm + 
    pbc.pres$mooreheadm

> pbuch <- pbc.pres$buchananm/ptotal

> pbc.pres.total <- pbc.pres$bushm + pbc.pres$gorem + 
    pbc.pres$brownem + pbc.pres$naderm + pbc.pres$harrism + pbc.pres$hagelinm + 
    pbc.pres$buchananm + pbc.pres$mcreynoldsm + pbc.pres$phillipsm + 
    pbc.pres$mooreheadm

> pbc.pres[, -1] <- pbc.pres[, -1]/pbc.pres.total

> useme.ss35 <- rep(0, times = length(pbc.pres.total))

> useme.us16 <- rep(0, times = length(pbc.pres.total))

> pbc.senate <- read.table(file = "../../data/2000senate.parsed.txt", 
    header = T, as.is = T)

> stotal <- pbc.senate$mccollum + pbc.senate$nelson + 
    pbc.senate$simonetta + pbc.senate$deckard + pbc.senate$logan + 
    pbc.senate$martin + pbc.senate$mccormick + pbc.senate$writein

> pdeckard <- pbc.senate$deckard/stotal

> pnelson <- pbc.senate$nelson/stotal

> pbc.senate.total <- pbc.senate$mccollum + pbc.senate$nelson + 
    pbc.senate$simonetta + pbc.senate$deckard + pbc.senate$logan + 
    pbc.senate$martin + pbc.senate$mccormick + pbc.senate$writein

> pbc.senate[, -1] <- pbc.senate[, -1]/pbc.senate.total

> pbc.ss35 <- read.table(file = "../../data/pbc.statesenate35.all.txt", 
    header = T, as.is = T)

> useme.ss35[as.logical(pbc.ss35$vaughan > -99)] <- 1

> sstotal <- pbc.ss35$vaughan + pbc.ss35$rossin + pbc.ss35$lowe

> plowe <- pbc.ss35$lowe/sstotal

> pbc.ss35.total <- pbc.ss35$vaughan + pbc.ss35$rossin + 
    pbc.ss35$lowe

> pbc.ss35[, -1] <- pbc.ss35[, -1]/pbc.ss35.total

> pbc.us16 <- read.table(file = "../../data/pbc.ushouse16.all.txt", 
    header = T, as.is = T)

> useme.us16[as.logical(pbc.us16$foley > -99)] <- 1

> shtotal <- pbc.us16$foley + pbc.us16$brown + pbc.us16$mcguire + 
    pbc.us16$writein

> pmcguire <- pbc.us16$mcguire/shtotal

> pbc.us16.total <- pbc.us16$foley + pbc.us16$brown + 
    pbc.us16$mcguire + pbc.us16$writein

> pbc.us16[, -1] <- pbc.us16[, -1]/pbc.us16.total

> useme.ss35[532:637] <- 0

> useme.us16[532:637] <- 0

> useme.ss35[is.na(plowe)] <- 0

> useme.us16[is.na(pmcguire)] <- 0

> print(cbind(pbc.pres$precinct[useme.ss35 == 1], round(cbind(plowe, 
    pbc.ss35$lowe, plowe - pbc.ss35$lowe, sstotal, ptotal, pbc.ss35.total, 
    pbc.pres.total, useme.ss35)[useme.ss35 == 1, ], 4)))
              plowe                 sstotal ptotal pbc.ss35.total
  [1,] "13"   "0.048"  "0.048"  "0" "1147"  "1187" "1147"        
  [2,] "13A"  "0.0441" "0.0441" "0" "204"   "203"  "204"         
  [3,] "18A"  "0.0566" "0.0566" "0" "1220"  "1188" "1220"        
  [4,] "18C"  "0.0398" "0.0398" "0" "1332"  "1357" "1332"        
  [5,] "18D"  "0.0362" "0.0362" "0" "1632"  "1654" "1632"        
  [6,] "18F"  "0.044"  "0.044"  "0" "318"   "316"  "318"         
  [7,] "18G"  "0"      "0"      "0" "41"    "44"   "41"          
  [8,] "18H"  "0.0263" "0.0263" "0" "38"    "39"   "38"          
  [9,] "18J"  "0.0338" "0.0338" "0" "1300"  "1334" "1300"        
 [10,] "19"   "0.0285" "0.0285" "0" "1614"  "1594" "1614"        
 [11,] "19A"  "0.0303" "0.0303" "0" "1253"  "1286" "1253"        
 [12,] "20"   "0.0249" "0.0249" "0" "522"   "497"  "522"         
 [13,] "21"   "0.0241" "0.0241" "0" "498"   "477"  "498"         
 [14,] "21A"  "0.0448" "0.0448" "0" "67"    "66"   "67"          
 [15,] "22"   "0.0171" "0.0171" "0" "819"   "776"  "819"         
 [16,] "23"   "0.0286" "0.0286" "0" "594"   "578"  "594"         
 [17,] "24"   "0.0179" "0.0179" "0" "1342"  "1325" "1342"        
 [18,] "26C"  "0.0461" "0.0461" "0" "542"   "561"  "542"         
 [19,] "27"   "0.0455" "0.0455" "0" "968"   "949"  "968"         
 [20,] "29"   "0.0179" "0.0179" "0" "1288"  "1296" "1288"        
 [21,] "29A"  "0.0556" "0.0556" "0" "917"   "946"  "917"         
 [22,] "29B"  "0.0307" "0.0307" "0" "783"   "783"  "783"         
 [23,] "29D"  "0.0572" "0.0572" "0" "822"   "858"  "822"         
 [24,] "29F"  "0.0909" "0.0909" "0" "55"    "53"   "55"          
 [25,] "30"   "0.0333" "0.0333" "0" "840"   "844"  "840"         
 [26,] "30A"  "0.0214" "0.0214" "0" "934"   "922"  "934"         
 [27,] "30B"  "0.0434" "0.0434" "0" "1314"  "1334" "1314"        
 [28,] "31H"  "0"      "0"      "0" "2"     "2"    "2"           
 [29,] "32"   "0.0606" "0.0606" "0" "1189"  "1246" "1189"        
 [30,] "32A"  "0.0692" "0.0692" "0" "1040"  "1081" "1040"        
 [31,] "36"   "0.0588" "0.0588" "0" "153"   "144"  "153"         
 [32,] "40"   "0.0125" "0.0125" "0" "481"   "460"  "481"         
 [33,] "41A"  "0.051"  "0.051"  "0" "726"   "739"  "726"         
 [34,] "41B"  "0.0591" "0.0591" "0" "1506"  "1583" "1506"        
 [35,] "41C"  "0.0528" "0.0528" "0" "872"   "907"  "872"         
 [36,] "41D"  "0.0644" "0.0644" "0" "1103"  "1162" "1103"        
 [37,] "44"   "0.0433" "0.0433" "0" "254"   "248"  "254"         
 [38,] "44B"  "0.0277" "0.0277" "0" "253"   "231"  "253"         
 [39,] "44C"  "0.0563" "0.0563" "0" "71"    "67"   "71"          
 [40,] "51"   "0.0273" "0.0273" "0" "768"   "731"  "768"         
 [41,] "54"   "0.0238" "0.0238" "0" "294"   "286"  "294"         
 [42,] "55"   "0.0132" "0.0132" "0" "303"   "281"  "303"         
 [43,] "60"   "0.0235" "0.0235" "0" "639"   "619"  "639"         
 [44,] "61"   "0.0287" "0.0287" "0" "1254"  "1250" "1254"        
 [45,] "61A"  "0.0096" "0.0096" "0" "418"   "415"  "418"         
 [46,] "61B"  "0.0471" "0.0471" "0" "573"   "590"  "573"         
 [47,] "61C"  "0.125"  "0.125"  "0" "16"    "16"   "16"          
 [48,] "65"   "0.0357" "0.0357" "0" "28"    "47"   "28"          
 [49,] "73A"  "0.0504" "0.0504" "0" "456"   "478"  "456"         
 [50,] "73B"  "0.0141" "0.0141" "0" "495"   "529"  "495"         
 [51,] "73C"  "0.0455" "0.0455" "0" "88"    "96"   "88"          
 [52,] "73D"  "0.0341" "0.0341" "0" "176"   "183"  "176"         
 [53,] "73E"  "0.0573" "0.0573" "0" "436"   "463"  "436"         
 [54,] "73H"  "0.0429" "0.0429" "0" "1562"  "1630" "1562"        
 [55,] "73I"  "0"      "0"      "0" "18"    "17"   "18"          
 [56,] "74B"  "0.0476" "0.0476" "0" "798"   "869"  "798"         
 [57,] "74C"  "0.0761" "0.0761" "0" "631"   "637"  "631"         
 [58,] "74D"  "0.0654" "0.0654" "0" "107"   "93"   "107"         
 [59,] "74G"  "0.0606" "0.0606" "0" "924"   "996"  "924"         
 [60,] "76"   "0.0679" "0.0679" "0" "324"   "337"  "324"         
 [61,] "76A"  "0.0495" "0.0495" "0" "586"   "596"  "586"         
 [62,] "78"   "0.0571" "0.0571" "0" "490"   "510"  "490"         
 [63,] "79"   "0.0534" "0.0534" "0" "693"   "677"  "693"         
 [64,] "83"   "0.0663" "0.0663" "0" "166"   "172"  "166"         
 [65,] "86A"  "0.0357" "0.0357" "0" "112"   "113"  "112"         
 [66,] "87"   "0"      "0"      "0" "9"     "9"    "9"           
 [67,] "87A"  "0.0295" "0.0295" "0" "271"   "275"  "271"         
 [68,] "87B"  "0.0698" "0.0698" "0" "43"    "48"   "43"          
 [69,] "91"   "0.0544" "0.0544" "0" "698"   "710"  "698"         
 [70,] "92"   "0.0444" "0.0444" "0" "631"   "645"  "631"         
 [71,] "92A"  "0"      "0"      "0" "2"     "2"    "2"           
 [72,] "93"   "0.0644" "0.0644" "0" "1181"  "1241" "1181"        
 [73,] "93A"  "0.0527" "0.0527" "0" "740"   "780"  "740"         
 [74,] "93B"  "0.0705" "0.0705" "0" "1347"  "1424" "1347"        
 [75,] "94"   "0.057"  "0.057"  "0" "1386"  "1388" "1386"        
 [76,] "95"   "0.0738" "0.0738" "0" "691"   "695"  "691"         
 [77,] "95A"  "0.0752" "0.0752" "0" "359"   "361"  "359"         
 [78,] "96"   "0.0466" "0.0466" "0" "408"   "445"  "408"         
 [79,] "96A"  "0.0444" "0.0444" "0" "270"   "281"  "270"         
 [80,] "97"   "0.0388" "0.0388" "0" "851"   "871"  "851"         
 [81,] "97A"  "0.0199" "0.0199" "0" "151"   "163"  "151"         
 [82,] "101"  "0.0405" "0.0405" "0" "692"   "711"  "692"         
 [83,] "101A" "0.0833" "0.0833" "0" "144"   "149"  "144"         
 [84,] "104A" "0.0484" "0.0484" "0" "62"    "66"   "62"          
 [85,] "104C" "0.12"   "0.12"   "0" "50"    "40"   "50"          
 [86,] "107"  "0.0306" "0.0306" "0" "752"   "784"  "752"         
 [87,] "108"  "0.0594" "0.0594" "0" "707"   "732"  "707"         
 [88,] "108A" "0.0474" "0.0474" "0" "274"   "269"  "274"         
 [89,] "108B" "0.0345" "0.0345" "0" "58"    "61"   "58"          
 [90,] "114"  "0.0288" "0.0288" "0" "139"   "135"  "139"         
 [91,] "114D" "0"      "0"      "0" "7"     "7"    "7"           
 [92,] "128K" "0.1333" "0.1333" "0" "15"    "14"   "15"          
 [93,] "135B" "0.021"  "0.021"  "0" "1048"  "1053" "1048"        
 [94,] "137"  "0.0413" "0.0413" "0" "944"   "894"  "944"         
 [95,] "143"  "0.0833" "0.0833" "0" "24"    "24"   "24"          
 [96,] "144"  "0.0323" "0.0323" "0" "1083"  "1111" "1083"        
 [97,] "144A" "0.0522" "0.0522" "0" "881"   "890"  "881"         
 [98,] "144B" "0.0485" "0.0485" "0" "1133"  "1158" "1133"        
 [99,] "144C" "0.0457" "0.0457" "0" "1555"  "1449" "1555"        
[100,] "144D" "0.0499" "0.0499" "0" "1603"  "1580" "1603"        
[101,] "144E" "0.05"   "0.05"   "0" "1199"  "1170" "1199"        
[102,] "144F" "0.1111" "0.1111" "0" "9"     "9"    "9"           
[103,] "159"  "0.0526" "0.0526" "0" "1236"  "1311" "1236"        
[104,] "159J" "0.0506" "0.0506" "0" "770"   "811"  "770"         
[105,] "159K" "0.0431" "0.0431" "0" "975"   "1025" "975"         
       pbc.pres.total useme.ss35
  [1,] "1187"         "1"       
  [2,] "203"          "1"       
  [3,] "1188"         "1"       
  [4,] "1357"         "1"       
  [5,] "1654"         "1"       
  [6,] "316"          "1"       
  [7,] "44"           "1"       
  [8,] "39"           "1"       
  [9,] "1334"         "1"       
 [10,] "1594"         "1"       
 [11,] "1286"         "1"       
 [12,] "497"          "1"       
 [13,] "477"          "1"       
 [14,] "66"           "1"       
 [15,] "776"          "1"       
 [16,] "578"          "1"       
 [17,] "1325"         "1"       
 [18,] "561"          "1"       
 [19,] "949"          "1"       
 [20,] "1296"         "1"       
 [21,] "946"          "1"       
 [22,] "783"          "1"       
 [23,] "858"          "1"       
 [24,] "53"           "1"       
 [25,] "844"          "1"       
 [26,] "922"          "1"       
 [27,] "1334"         "1"       
 [28,] "2"            "1"       
 [29,] "1246"         "1"       
 [30,] "1081"         "1"       
 [31,] "144"          "1"       
 [32,] "460"          "1"       
 [33,] "739"          "1"       
 [34,] "1583"         "1"       
 [35,] "907"          "1"       
 [36,] "1162"         "1"       
 [37,] "248"          "1"       
 [38,] "231"          "1"       
 [39,] "67"           "1"       
 [40,] "731"          "1"       
 [41,] "286"          "1"       
 [42,] "281"          "1"       
 [43,] "619"          "1"       
 [44,] "1250"         "1"       
 [45,] "415"          "1"       
 [46,] "590"          "1"       
 [47,] "16"           "1"       
 [48,] "47"           "1"       
 [49,] "478"          "1"       
 [50,] "529"          "1"       
 [51,] "96"           "1"       
 [52,] "183"          "1"       
 [53,] "463"          "1"       
 [54,] "1630"         "1"       
 [55,] "17"           "1"       
 [56,] "869"          "1"       
 [57,] "637"          "1"       
 [58,] "93"           "1"       
 [59,] "996"          "1"       
 [60,] "337"          "1"       
 [61,] "596"          "1"       
 [62,] "510"          "1"       
 [63,] "677"          "1"       
 [64,] "172"          "1"       
 [65,] "113"          "1"       
 [66,] "9"            "1"       
 [67,] "275"          "1"       
 [68,] "48"           "1"       
 [69,] "710"          "1"       
 [70,] "645"          "1"       
 [71,] "2"            "1"       
 [72,] "1241"         "1"       
 [73,] "780"          "1"       
 [74,] "1424"         "1"       
 [75,] "1388"         "1"       
 [76,] "695"          "1"       
 [77,] "361"          "1"       
 [78,] "445"          "1"       
 [79,] "281"          "1"       
 [80,] "871"          "1"       
 [81,] "163"          "1"       
 [82,] "711"          "1"       
 [83,] "149"          "1"       
 [84,] "66"           "1"       
 [85,] "40"           "1"       
 [86,] "784"          "1"       
 [87,] "732"          "1"       
 [88,] "269"          "1"       
 [89,] "61"           "1"       
 [90,] "135"          "1"       
 [91,] "7"            "1"       
 [92,] "14"           "1"       
 [93,] "1053"         "1"       
 [94,] "894"          "1"       
 [95,] "24"           "1"       
 [96,] "1111"         "1"       
 [97,] "890"          "1"       
 [98,] "1158"         "1"       
 [99,] "1449"         "1"       
[100,] "1580"         "1"       
[101,] "1170"         "1"       
[102,] "9"            "1"       
[103,] "1311"         "1"       
[104,] "811"          "1"       
[105,] "1025"         "1"       

> print(cbind(pbc.pres$precinct[useme.us16 == 1], round(cbind(pmcguire, 
    pbc.us16$mcguire, pmcguire - pbc.us16$mcguire, shtotal, ptotal, 
    pbc.us16.total, pbc.pres.total, useme.us16)[useme.us16 == 
    1, ], 4)))
              pmcguire              shtotal ptotal pbc.us16.total
  [1,] "1"    "0.021"  "0.021"  "0" "1046"  "1057" "1046"        
  [2,] "1A"   "0.0147" "0.0147" "0" "887"   "965"  "887"         
  [3,] "1B"   "0.015"  "0.015"  "0" "1001"  "1036" "1001"        
  [4,] "1C"   "0.0219" "0.0219" "0" "957"   "1027" "957"         
  [5,] "2"    "0.0145" "0.0145" "0" "1444"  "1511" "1444"        
  [6,] "3"    "0.029"  "0.029"  "0" "1378"  "1420" "1378"        
  [7,] "3A"   "0.027"  "0.027"  "0" "519"   "534"  "519"         
  [8,] "3B"   "0.0108" "0.0108" "0" "556"   "581"  "556"         
  [9,] "3C"   "0.0146" "0.0146" "0" "1162"  "1203" "1162"        
 [10,] "4"    "0.0256" "0.0256" "0" "780"   "813"  "780"         
 [11,] "4A"   "0.0271" "0.0271" "0" "776"   "826"  "776"         
 [12,] "4B"   "0.0125" "0.0125" "0" "1043"  "1115" "1043"        
 [13,] "4C"   "0.0038" "0.0038" "0" "529"   "567"  "529"         
 [14,] "4D"   "0.0194" "0.0194" "0" "1136"  "1174" "1136"        
 [15,] "4E"   "0.0111" "0.0111" "0" "629"   "651"  "629"         
 [16,] "5"    "0.0242" "0.0242" "0" "537"   "562"  "537"         
 [17,] "5A"   "0.0277" "0.0277" "0" "1155"  "1211" "1155"        
 [18,] "5B"   "0.0226" "0.0226" "0" "1552"  "1644" "1552"        
 [19,] "5C"   "0.0166" "0.0166" "0" "602"   "619"  "602"         
 [20,] "5D"   "0.0315" "0.0315" "0" "984"   "1010" "984"         
 [21,] "5E"   "0.013"  "0.013"  "0" "460"   "483"  "460"         
 [22,] "6"    "0.0273" "0.0273" "0" "1247"  "1334" "1247"        
 [23,] "12"   "0.0323" "0.0323" "0" "526"   "556"  "526"         
 [24,] "12A"  "0.037"  "0.037"  "0" "1244"  "1306" "1244"        
 [25,] "12B"  "0.0222" "0.0222" "0" "361"   "383"  "361"         
 [26,] "12C"  "0.0303" "0.0303" "0" "1454"  "1516" "1454"        
 [27,] "12D"  "0.0403" "0.0403" "0" "1043"  "1097" "1043"        
 [28,] "13"   "0.0203" "0.0203" "0" "1134"  "1187" "1134"        
 [29,] "13A"  "0.0053" "0.0053" "0" "190"   "203"  "190"         
 [30,] "13B"  "0.0385" "0.0385" "0" "130"   "134"  "130"         
 [31,] "13C"  "0.0332" "0.0332" "0" "301"   "296"  "301"         
 [32,] "13D"  "0.0208" "0.0208" "0" "48"    "50"   "48"          
 [33,] "14"   "0.0099" "0.0099" "0" "911"   "950"  "911"         
 [34,] "16"   "0.0251" "0.0251" "0" "1395"  "1445" "1395"        
 [35,] "16A"  "0.0103" "0.0103" "0" "873"   "949"  "873"         
 [36,] "17"   "0.0321" "0.0321" "0" "467"   "485"  "467"         
 [37,] "17B"  "0.0357" "0.0357" "0" "168"   "183"  "168"         
 [38,] "18A"  "0.0259" "0.0259" "0" "1160"  "1188" "1160"        
 [39,] "18B"  "0.0268" "0.0268" "0" "1120"  "1159" "1120"        
 [40,] "18C"  "0.0171" "0.0171" "0" "1285"  "1357" "1285"        
 [41,] "18D"  "0.0176" "0.0176" "0" "1591"  "1654" "1591"        
 [42,] "18F"  "0.01"   "0.01"   "0" "299"   "316"  "299"         
 [43,] "18J"  "0.0145" "0.0145" "0" "1240"  "1334" "1240"        
 [44,] "19"   "0.0105" "0.0105" "0" "1530"  "1594" "1530"        
 [45,] "19A"  "0.0179" "0.0179" "0" "1231"  "1286" "1231"        
 [46,] "20"   "0.023"  "0.023"  "0" "478"   "497"  "478"         
 [47,] "21"   "0.0108" "0.0108" "0" "463"   "477"  "463"         
 [48,] "21A"  "0"      "0"      "0" "66"    "66"   "66"          
 [49,] "22"   "0.0078" "0.0078" "0" "770"   "776"  "770"         
 [50,] "23"   "0.0261" "0.0261" "0" "537"   "578"  "537"         
 [51,] "24"   "0.011"  "0.011"  "0" "1271"  "1325" "1271"        
 [52,] "25"   "0.0264" "0.0264" "0" "455"   "475"  "455"         
 [53,] "26B"  "0.04"   "0.04"   "0" "525"   "547"  "525"         
 [54,] "26C"  "0.0242" "0.0242" "0" "537"   "561"  "537"         
 [55,] "27"   "0.0167" "0.0167" "0" "899"   "949"  "899"         
 [56,] "29"   "0.0097" "0.0097" "0" "1235"  "1296" "1235"        
 [57,] "29A"  "0.0285" "0.0285" "0" "911"   "946"  "911"         
 [58,] "29B"  "0.0055" "0.0055" "0" "728"   "783"  "728"         
 [59,] "29C"  "0.0245" "0.0245" "0" "653"   "702"  "653"         
 [60,] "29D"  "0.0181" "0.0181" "0" "829"   "858"  "829"         
 [61,] "29F"  "0.0556" "0.0556" "0" "54"    "53"   "54"          
 [62,] "30"   "0.0194" "0.0194" "0" "826"   "844"  "826"         
 [63,] "30A"  "0.009"  "0.009"  "0" "893"   "922"  "893"         
 [64,] "30B"  "0.0171" "0.0171" "0" "1289"  "1334" "1289"        
 [65,] "31A"  "0.017"  "0.017"  "0" "1116"  "1163" "1116"        
 [66,] "31C"  "0.0269" "0.0269" "0" "558"   "598"  "558"         
 [67,] "31H"  "0"      "0"      "0" "1"     "2"    "1"           
 [68,] "32"   "0.0201" "0.0201" "0" "1196"  "1246" "1196"        
 [69,] "32A"  "0.0417" "0.0417" "0" "1054"  "1081" "1054"        
 [70,] "37"   "0.0134" "0.0134" "0" "522"   "573"  "522"         
 [71,] "38A"  "0"      "0"      "0" "2"     "2"    "2"           
 [72,] "40"   "0.0183" "0.0183" "0" "438"   "460"  "438"         
 [73,] "41"   "0.0279" "0.0279" "0" "1467"  "1526" "1467"        
 [74,] "41A"  "0.027"  "0.027"  "0" "703"   "739"  "703"         
 [75,] "41B"  "0.0324" "0.0324" "0" "1514"  "1583" "1514"        
 [76,] "41C"  "0.0231" "0.0231" "0" "867"   "907"  "867"         
 [77,] "41D"  "0.0405" "0.0405" "0" "1110"  "1162" "1110"        
 [78,] "42"   "0.0229" "0.0229" "0" "1177"  "1220" "1177"        
 [79,] "42A"  "0.0172" "0.0172" "0" "697"   "743"  "697"         
 [80,] "43"   "0"      "0"      "0" "73"    "75"   "73"          
 [81,] "44C"  "0.0128" "0.0128" "0" "78"    "67"   "78"          
 [82,] "46A"  "0.0338" "0.0338" "0" "296"   "312"  "296"         
 [83,] "47"   "0.0372" "0.0372" "0" "1021"  "1063" "1021"        
 [84,] "47A"  "0.0213" "0.0213" "0" "1364"  "1429" "1364"        
 [85,] "47B"  "0.0136" "0.0136" "0" "884"   "926"  "884"         
 [86,] "47C"  "0.011"  "0.011"  "0" "1278"  "1368" "1278"        
 [87,] "47D"  "0.0137" "0.0137" "0" "1024"  "1102" "1024"        
 [88,] "60"   "0.0068" "0.0068" "0" "585"   "619"  "585"         
 [89,] "61"   "0.0114" "0.0114" "0" "1141"  "1250" "1141"        
 [90,] "61A"  "0.0025" "0.0025" "0" "397"   "415"  "397"         
 [91,] "61B"  "0.0212" "0.0212" "0" "566"   "590"  "566"         
 [92,] "65A"  "0.0169" "0.0169" "0" "649"   "711"  "649"         
 [93,] "65B"  "0.0162" "0.0162" "0" "371"   "391"  "371"         
 [94,] "65C"  "0.1053" "0.1053" "0" "19"    "18"   "19"          
 [95,] "73B"  "0.0061" "0.0061" "0" "489"   "529"  "489"         
 [96,] "73D"  "0.0171" "0.0171" "0" "175"   "183"  "175"         
 [97,] "73F"  "0"      "0"      "0" "123"   "129"  "123"         
 [98,] "73H"  "0.017"  "0.017"  "0" "1530"  "1630" "1530"        
 [99,] "73I"  "0"      "0"      "0" "16"    "17"   "16"          
[100,] "74"   "0.0112" "0.0112" "0" "1254"  "1323" "1254"        
[101,] "74B"  "0.021"  "0.021"  "0" "808"   "869"  "808"         
[102,] "74E"  "0.0067" "0.0067" "0" "902"   "946"  "902"         
[103,] "74F"  "0.0183" "0.0183" "0" "602"   "642"  "602"         
[104,] "74G"  "0.0224" "0.0224" "0" "936"   "996"  "936"         
[105,] "78"   "0.0141" "0.0141" "0" "497"   "510"  "497"         
[106,] "79"   "0.0228" "0.0228" "0" "659"   "677"  "659"         
[107,] "91"   "0.02"   "0.02"   "0" "651"   "710"  "651"         
[108,] "93A"  "0.03"   "0.03"   "0" "733"   "780"  "733"         
[109,] "94"   "0.0271" "0.0271" "0" "1367"  "1388" "1367"        
[110,] "95"   "0.0277" "0.0277" "0" "686"   "695"  "686"         
[111,] "95A"  "0.0341" "0.0341" "0" "352"   "361"  "352"         
[112,] "97"   "0.0145" "0.0145" "0" "825"   "871"  "825"         
[113,] "104"  "0.041"  "0.041"  "0" "415"   "423"  "415"         
[114,] "104B" "0.0337" "0.0337" "0" "1393"  "1462" "1393"        
[115,] "104C" "0.0213" "0.0213" "0" "47"    "40"   "47"          
[116,] "108B" "0.0323" "0.0323" "0" "62"    "61"   "62"          
[117,] "113"  "0.029"  "0.029"  "0" "1034"  "1065" "1034"        
[118,] "114A" "0.0091" "0.0091" "0" "110"   "132"  "110"         
[119,] "114C" "0"      "0"      "0" "4"     "6"    "4"           
[120,] "114D" "0"      "0"      "0" "7"     "7"    "7"           
[121,] "115"  "0.0188" "0.0188" "0" "532"   "577"  "532"         
[122,] "117"  "0.0291" "0.0291" "0" "997"   "1046" "997"         
[123,] "117A" "0.0326" "0.0326" "0" "1198"  "1268" "1198"        
[124,] "128B" "0.0208" "0.0208" "0" "624"   "654"  "624"         
[125,] "128C" "0.0144" "0.0144" "0" "971"   "1035" "971"         
[126,] "135"  "0.0281" "0.0281" "0" "356"   "364"  "356"         
[127,] "135B" "0.0069" "0.0069" "0" "1014"  "1053" "1014"        
[128,] "135C" "0.0638" "0.0638" "0" "47"    "48"   "47"          
[129,] "137"  "0.0219" "0.0219" "0" "868"   "894"  "868"         
[130,] "143"  "0.0833" "0.0833" "0" "24"    "24"   "24"          
[131,] "144"  "0.0214" "0.0214" "0" "1075"  "1111" "1075"        
[132,] "144B" "0.036"  "0.036"  "0" "1139"  "1158" "1139"        
[133,] "144C" "0.029"  "0.029"  "0" "1518"  "1449" "1518"        
[134,] "144D" "0.0221" "0.0221" "0" "1587"  "1580" "1587"        
[135,] "144E" "0.0461" "0.0461" "0" "1194"  "1170" "1194"        
[136,] "144F" "0"      "0"      "0" "3"     "9"    "3"           
[137,] "148F" "0.0278" "0.0278" "0" "252"   "269"  "252"         
[138,] "159"  "0.0264" "0.0264" "0" "1249"  "1311" "1249"        
[139,] "159A" "0.0192" "0.0192" "0" "1251"  "1305" "1251"        
[140,] "159D" "0.0095" "0.0095" "0" "211"   "217"  "211"         
[141,] "159E" "0.0209" "0.0209" "0" "1242"  "1290" "1242"        
[142,] "159F" "0.0176" "0.0176" "0" "1080"  "1121" "1080"        
[143,] "159G" "0.0597" "0.0597" "0" "67"    "70"   "67"          
[144,] "159H" "0.2"    "0.2"    "0" "15"    "19"   "15"          
[145,] "159J" "0.0249" "0.0249" "0" "764"   "811"  "764"         
[146,] "159K" "0.0237" "0.0237" "0" "970"   "1025" "970"         
[147,] "159L" "0.0245" "0.0245" "0" "899"   "942"  "899"         
[148,] "159P" "0.0094" "0.0094" "0" "636"   "675"  "636"         
[149,] "159Q" "0.0171" "0.0171" "0" "817"   "850"  "817"         
       pbc.pres.total useme.us16
  [1,] "1057"         "1"       
  [2,] "965"          "1"       
  [3,] "1036"         "1"       
  [4,] "1027"         "1"       
  [5,] "1511"         "1"       
  [6,] "1420"         "1"       
  [7,] "534"          "1"       
  [8,] "581"          "1"       
  [9,] "1203"         "1"       
 [10,] "813"          "1"       
 [11,] "826"          "1"       
 [12,] "1115"         "1"       
 [13,] "567"          "1"       
 [14,] "1174"         "1"       
 [15,] "651"          "1"       
 [16,] "562"          "1"       
 [17,] "1211"         "1"       
 [18,] "1644"         "1"       
 [19,] "619"          "1"       
 [20,] "1010"         "1"       
 [21,] "483"          "1"       
 [22,] "1334"         "1"       
 [23,] "556"          "1"       
 [24,] "1306"         "1"       
 [25,] "383"          "1"       
 [26,] "1516"         "1"       
 [27,] "1097"         "1"       
 [28,] "1187"         "1"       
 [29,] "203"          "1"       
 [30,] "134"          "1"       
 [31,] "296"          "1"       
 [32,] "50"           "1"       
 [33,] "950"          "1"       
 [34,] "1445"         "1"       
 [35,] "949"          "1"       
 [36,] "485"          "1"       
 [37,] "183"          "1"       
 [38,] "1188"         "1"       
 [39,] "1159"         "1"       
 [40,] "1357"         "1"       
 [41,] "1654"         "1"       
 [42,] "316"          "1"       
 [43,] "1334"         "1"       
 [44,] "1594"         "1"       
 [45,] "1286"         "1"       
 [46,] "497"          "1"       
 [47,] "477"          "1"       
 [48,] "66"           "1"       
 [49,] "776"          "1"       
 [50,] "578"          "1"       
 [51,] "1325"         "1"       
 [52,] "475"          "1"       
 [53,] "547"          "1"       
 [54,] "561"          "1"       
 [55,] "949"          "1"       
 [56,] "1296"         "1"       
 [57,] "946"          "1"       
 [58,] "783"          "1"       
 [59,] "702"          "1"       
 [60,] "858"          "1"       
 [61,] "53"           "1"       
 [62,] "844"          "1"       
 [63,] "922"          "1"       
 [64,] "1334"         "1"       
 [65,] "1163"         "1"       
 [66,] "598"          "1"       
 [67,] "2"            "1"       
 [68,] "1246"         "1"       
 [69,] "1081"         "1"       
 [70,] "573"          "1"       
 [71,] "2"            "1"       
 [72,] "460"          "1"       
 [73,] "1526"         "1"       
 [74,] "739"          "1"       
 [75,] "1583"         "1"       
 [76,] "907"          "1"       
 [77,] "1162"         "1"       
 [78,] "1220"         "1"       
 [79,] "743"          "1"       
 [80,] "75"           "1"       
 [81,] "67"           "1"       
 [82,] "312"          "1"       
 [83,] "1063"         "1"       
 [84,] "1429"         "1"       
 [85,] "926"          "1"       
 [86,] "1368"         "1"       
 [87,] "1102"         "1"       
 [88,] "619"          "1"       
 [89,] "1250"         "1"       
 [90,] "415"          "1"       
 [91,] "590"          "1"       
 [92,] "711"          "1"       
 [93,] "391"          "1"       
 [94,] "18"           "1"       
 [95,] "529"          "1"       
 [96,] "183"          "1"       
 [97,] "129"          "1"       
 [98,] "1630"         "1"       
 [99,] "17"           "1"       
[100,] "1323"         "1"       
[101,] "869"          "1"       
[102,] "946"          "1"       
[103,] "642"          "1"       
[104,] "996"          "1"       
[105,] "510"          "1"       
[106,] "677"          "1"       
[107,] "710"          "1"       
[108,] "780"          "1"       
[109,] "1388"         "1"       
[110,] "695"          "1"       
[111,] "361"          "1"       
[112,] "871"          "1"       
[113,] "423"          "1"       
[114,] "1462"         "1"       
[115,] "40"           "1"       
[116,] "61"           "1"       
[117,] "1065"         "1"       
[118,] "132"          "1"       
[119,] "6"            "1"       
[120,] "7"            "1"       
[121,] "577"          "1"       
[122,] "1046"         "1"       
[123,] "1268"         "1"       
[124,] "654"          "1"       
[125,] "1035"         "1"       
[126,] "364"          "1"       
[127,] "1053"         "1"       
[128,] "48"           "1"       
[129,] "894"          "1"       
[130,] "24"           "1"       
[131,] "1111"         "1"       
[132,] "1158"         "1"       
[133,] "1449"         "1"       
[134,] "1580"         "1"       
[135,] "1170"         "1"       
[136,] "9"            "1"       
[137,] "269"          "1"       
[138,] "1311"         "1"       
[139,] "1305"         "1"       
[140,] "217"          "1"       
[141,] "1290"         "1"       
[142,] "1121"         "1"       
[143,] "70"           "1"       
[144,] "19"           "1"       
[145,] "811"          "1"       
[146,] "1025"         "1"       
[147,] "942"          "1"       
[148,] "675"          "1"       
[149,] "850"          "1"       

> pbc <- as.data.frame(list(precinct = pbc.pres$precinct, 
    pbuch = pbuch, ptotal = ptotal, pdeckard = pdeckard, pnelson = pnelson, 
    stotal = stotal, plowe = plowe, sstotal = sstotal, pmcguire = pmcguire, 
    shtotal = shtotal, useme.ss35 = useme.ss35, useme.us16 = useme.us16))

> pbc.complete <- cbind(pbc.pres, pbc.senate[, -1], 
    pbc.ss35[, -1], pbc.us16[, -1], useme.ss35, useme.us16, pbc.pres.total)

> fit1 <- glm(buchananm ~ nelson + deckard, data = pbc.complete[useme.ss35 == 
    1, ], family = binomial(link = "logit"), weights = pbc.pres.total)

> print(summary(fit1))

Call:
glm(formula = buchananm ~ nelson + deckard, family = binomial(link = "logit"), 
    data = pbc.complete[useme.ss35 == 1, ], weights = pbc.pres.total)

Deviance Residuals: 
    Min       1Q   Median       3Q      Max  
-3.1424  -1.3943  -0.3857   0.6849   5.7703  

Coefficients:
            Estimate Std. Error z value Pr(>|z|)    
(Intercept)  -6.9526     0.2647 -26.263   <2e-16 ***
nelson        3.3220     0.3496   9.503   <2e-16 ***
deckard       6.1608    17.4382   0.353    0.724    
---
Signif. codes:  0 `***' 0.001 `**' 0.01 `*' 0.05 `.' 0.1 ` ' 1 

(Dispersion parameter for binomial family taken to be 1)

    Null deviance: 374.96  on 104  degrees of freedom
Residual deviance: 280.08  on 102  degrees of freedom
AIC: 560.19

Number of Fisher Scoring iterations: 4


> print(summary(glm(pbuch ~ pnelson + pdeckard, data = pbc[pbc$useme.ss35 == 
    1, ], family = binomial(link = "logit"), weights = ptotal)))

Call:
glm(formula = pbuch ~ pnelson + pdeckard, family = binomial(link = "logit"), 
    data = pbc[pbc$useme.ss35 == 1, ], weights = ptotal)

Deviance Residuals: 
    Min       1Q   Median       3Q      Max  
-3.1424  -1.3943  -0.3857   0.6849   5.7703  

Coefficients:
            Estimate Std. Error z value Pr(>|z|)    
(Intercept)  -6.9526     0.2647 -26.263   <2e-16 ***
pnelson       3.3220     0.3496   9.503   <2e-16 ***
pdeckard      6.1608    17.4382   0.353    0.724    
---
Signif. codes:  0 `***' 0.001 `**' 0.01 `*' 0.05 `.' 0.1 ` ' 1 

(Dispersion parameter for binomial family taken to be 1)

    Null deviance: 374.96  on 104  degrees of freedom
Residual deviance: 280.08  on 102  degrees of freedom
AIC: 560.19

Number of Fisher Scoring iterations: 4


> fit2 <- glm(lowe ~ nelson + deckard, data = pbc.complete[useme.ss35 == 
    1, ], family = binomial(link = "logit"), weights = pbc.pres.total)
Warning in eval(expr, envir, enclos) : non-integer #successes in a binomial glm!

> print(summary(fit2))

Call:
glm(formula = lowe ~ nelson + deckard, family = binomial(link = "logit"), 
    data = pbc.complete[useme.ss35 == 1, ], weights = pbc.pres.total)

Deviance Residuals: 
    Min       1Q   Median       3Q      Max  
-5.2577  -0.9685  -0.1429   1.0635   4.8310  

Coefficients:
            Estimate Std. Error z value Pr(>|z|)    
(Intercept)  -2.1204     0.1098 -19.307  < 2e-16 ***
nelson       -1.6471     0.1699  -9.695  < 2e-16 ***
deckard      19.4051     5.0074   3.875 0.000107 ***
---
Signif. codes:  0 `***' 0.001 `**' 0.01 `*' 0.05 `.' 0.1 ` ' 1 

(Dispersion parameter for binomial family taken to be 1)

    Null deviance: 419.41  on 104  degrees of freedom
Residual deviance: 294.38  on 102  degrees of freedom
AIC: 767.47

Number of Fisher Scoring iterations: 3


> print(summary(glm(plowe ~ pnelson + pdeckard, data = pbc[pbc$useme.ss35 == 
    1, ], family = binomial(link = "logit"), weights = sstotal)))

Call:
glm(formula = plowe ~ pnelson + pdeckard, family = binomial(link = "logit"), 
    data = pbc[pbc$useme.ss35 == 1, ], weights = sstotal)

Deviance Residuals: 
    Min       1Q   Median       3Q      Max  
-5.1029  -0.9595  -0.1413   1.0574   4.8281  

Coefficients:
            Estimate Std. Error z value Pr(>|z|)    
(Intercept)  -2.1067     0.1106 -19.047  < 2e-16 ***
pnelson      -1.6704     0.1705  -9.796  < 2e-16 ***
pdeckard     19.2966     5.0217   3.843 0.000122 ***
---
Signif. codes:  0 `***' 0.001 `**' 0.01 `*' 0.05 `.' 0.1 ` ' 1 

(Dispersion parameter for binomial family taken to be 1)

    Null deviance: 417.95  on 104  degrees of freedom
Residual deviance: 290.75  on 102  degrees of freedom
AIC: 763.28

Number of Fisher Scoring iterations: 3


> fit3 <- glm(buchananm ~ nelson + deckard, data = pbc.complete[useme.us16 == 
    1, ], family = binomial(link = "logit"), weights = pbc.pres.total)

> print(summary(fit3))

Call:
glm(formula = buchananm ~ nelson + deckard, family = binomial(link = "logit"), 
    data = pbc.complete[useme.us16 == 1, ], weights = pbc.pres.total)

Deviance Residuals: 
    Min       1Q   Median       3Q      Max  
-3.7669  -1.0725  -0.3245   0.6811   5.6474  

Coefficients:
            Estimate Std. Error z value Pr(>|z|)    
(Intercept)  -6.9398     0.1843 -37.653   <2e-16 ***
nelson        3.3678     0.2692  12.511   <2e-16 ***
deckard       4.7514    12.0497   0.394    0.693    
---
Signif. codes:  0 `***' 0.001 `**' 0.01 `*' 0.05 `.' 0.1 ` ' 1 

(Dispersion parameter for binomial family taken to be 1)

    Null deviance: 455.55  on 148  degrees of freedom
Residual deviance: 306.85  on 146  degrees of freedom
AIC: 757.2

Number of Fisher Scoring iterations: 4


> print(summary(glm(pbuch ~ pnelson + pdeckard, data = pbc[pbc$useme.us16 == 
    1, ], family = binomial(link = "logit"), weights = ptotal)))

Call:
glm(formula = pbuch ~ pnelson + pdeckard, family = binomial(link = "logit"), 
    data = pbc[pbc$useme.us16 == 1, ], weights = ptotal)

Deviance Residuals: 
    Min       1Q   Median       3Q      Max  
-3.7669  -1.0725  -0.3245   0.6811   5.6474  

Coefficients:
            Estimate Std. Error z value Pr(>|z|)    
(Intercept)  -6.9398     0.1843 -37.653   <2e-16 ***
pnelson       3.3678     0.2692  12.511   <2e-16 ***
pdeckard      4.7514    12.0497   0.394    0.693    
---
Signif. codes:  0 `***' 0.001 `**' 0.01 `*' 0.05 `.' 0.1 ` ' 1 

(Dispersion parameter for binomial family taken to be 1)

    Null deviance: 455.55  on 148  degrees of freedom
Residual deviance: 306.85  on 146  degrees of freedom
AIC: 757.2

Number of Fisher Scoring iterations: 4


> fit4 <- glm(mcguire ~ nelson + deckard, data = pbc.complete[useme.us16 == 
    1, ], family = binomial(link = "logit"), weights = pbc.pres.total)
Warning in eval(expr, envir, enclos) : non-integer #successes in a binomial glm!

> print(summary(fit4))

Call:
glm(formula = mcguire ~ nelson + deckard, family = binomial(link = "logit"), 
    data = pbc.complete[useme.us16 == 1, ], weights = pbc.pres.total)

Deviance Residuals: 
    Min       1Q   Median       3Q      Max  
-3.7324  -1.3050  -0.3016   0.8905   5.0718  

Coefficients:
            Estimate Std. Error z value Pr(>|z|)    
(Intercept)  -3.3420     0.1109 -30.132  < 2e-16 ***
nelson       -0.9988     0.1891  -5.283 1.27e-07 ***
deckard      26.1383     3.4097   7.666 1.78e-14 ***
---
Signif. codes:  0 `***' 0.001 `**' 0.01 `*' 0.05 `.' 0.1 ` ' 1 

(Dispersion parameter for binomial family taken to be 1)

    Null deviance: 491.68  on 148  degrees of freedom
Residual deviance: 414.91  on 146  degrees of freedom
AIC: 1042.2

Number of Fisher Scoring iterations: 3


> print(summary(glm(pmcguire ~ pnelson + pdeckard, data = pbc[pbc$useme.us16 == 
    1, ], family = binomial(link = "logit"), weights = shtotal)))

Call:
glm(formula = pmcguire ~ pnelson + pdeckard, family = binomial(link = "logit"), 
    data = pbc[pbc$useme.us16 == 1, ], weights = shtotal)

Deviance Residuals: 
    Min       1Q   Median       3Q      Max  
-3.6563  -1.2957  -0.2921   0.8685   5.1082  

Coefficients:
            Estimate Std. Error z value Pr(>|z|)    
(Intercept)  -3.3418     0.1136 -29.412  < 2e-16 ***
pnelson      -0.9900     0.1937  -5.112 3.18e-07 ***
pdeckard     25.5344     3.4069   7.495 6.63e-14 ***
---
Signif. codes:  0 `***' 0.001 `**' 0.01 `*' 0.05 `.' 0.1 ` ' 1 

(Dispersion parameter for binomial family taken to be 1)

    Null deviance: 469.50  on 148  degrees of freedom
Residual deviance: 396.87  on 146  degrees of freedom
AIC: 1014.9

Number of Fisher Scoring iterations: 3

> vote <- pbc
> 
> ii <- 1:dim(vote)[1]
> indx <- ii < 532 & as.logical(is.finite(vote$pbuch)) & as.logical(is.finite(vote$pdeckard))
> print( format( vote[indx,-c(7:dim(vote)[2])], digits=2))
    precinct   pbuch ptotal pdeckard pnelson stotal
1          1 0.00568   1057  0.00370    0.52   1080
2         1A 0.00518    965  0.00104    0.32    964
3         1B 0.00386   1036  0.00485    0.50   1030
4         1C 0.00195   1027  0.00394    0.42   1016
5          2 0.00397   1511  0.00267    0.44   1498
6          3 0.00423   1420  0.00351    0.54   1423
7         3A 0.00936    534  0.01326    0.49    528
8         3B 0.00688    581  0.00175    0.58    571
9         3C 0.00499   1203  0.00339    0.45   1180
10         4 0.00615    813  0.00487    0.53    821
11        4A 0.00726    826  0.00000    0.48    826
12        4B 0.00628   1115  0.00270    0.45   1110
13        4C 0.00353    567  0.00000    0.49    563
14        4D 0.00511   1174  0.00171    0.54   1171
15        4E 0.00768    651  0.00000    0.50    648
17         5 0.00178    562  0.00000    0.58    570
18        5A 0.00495   1211  0.00671    0.52   1193
19        5B 0.00669   1644  0.00244    0.51   1640
20        5C 0.00808    619  0.00325    0.49    615
21        5D 0.00792   1010  0.00201    0.52    995
22        5E 0.01035    483  0.00000    0.42    476
23         6 0.00525   1334  0.00310    0.49   1291
24        6A 0.00590    848  0.00701    0.48    856
25        6B 0.00920    326  0.01524    0.60    328
26        6C 0.00216    928  0.00539    0.45    927
27         7 0.00270   1113  0.00628    0.43   1115
28        7A 0.06061     33  0.00000    0.55     31
29         8 0.00416    962  0.00312    0.45    962
30        8A 0.01403    499  0.00396    0.39    505
31        12 0.00899    556  0.00746    0.53    536
32       12A 0.00306   1306  0.00781    0.48   1281
33       12B 0.00000    383  0.00260    0.41    385
34       12C 0.00726   1516  0.00803    0.47   1494
35       12D 0.00182   1097  0.00282    0.48   1062
37        13 0.01011   1187  0.00253    0.65   1188
38       13A 0.01478    203  0.00962    0.63    208
39       13B 0.00000    134  0.00719    0.60    139
40       13C 0.00338    296  0.00000    0.63    312
41       13D 0.00000     50  0.00000    0.50     48
42        14 0.00632    950  0.00107    0.39    933
43        16 0.00277   1445  0.00351    0.49   1424
44       16A 0.01897    949  0.00318    0.73    944
45        17 0.00412    485  0.00417    0.53    480
46       17B 0.00000    183  0.00559    0.54    179
47        18 0.00306    654  0.00298    0.61    671
48       18A 0.01263   1188  0.00319    0.63   1252
49       18B 0.00259   1159  0.00256    0.64   1174
50       18C 0.01548   1357  0.00292    0.67   1370
51       18D 0.00726   1654  0.00485    0.62   1648
52       18E 0.00385    260  0.00772    0.58    259
53       18F 0.02215    316  0.00000    0.63    327
54       18G 0.00000     44  0.00000    0.40     45
55       18H 0.00000     39  0.00000    0.79     42
56       18I 0.01261    238  0.00413    0.63    242
57       18J 0.00900   1334  0.00150    0.67   1331
58        19 0.00941   1594  0.00604    0.74   1657
59       19A 0.00467   1286  0.00156    0.57   1285
60        20 0.02012    497  0.00194    0.83    516
61        21 0.01048    477  0.00203    0.83    493
62       21A 0.01515     66  0.00000    0.93     70
63        22 0.02448    776  0.00118    0.87    846
64        23 0.01038    578  0.00490    0.83    612
65        24 0.01811   1325  0.00073    0.87   1369
66        25 0.00632    475  0.00628    0.51    478
67       25A 0.00286    350  0.00000    0.47    340
68       25B 0.00652    460  0.00429    0.50    466
69        26 0.00382    523  0.00191    0.53    523
70       26A 0.00415    723  0.00133    0.62    751
71       26B 0.01280    547  0.00182    0.56    550
72       26C 0.00357    561  0.00893    0.43    560
73        27 0.00421    949  0.00202    0.69    988
74        28 0.00852   1056  0.00000    0.37   1050
75        29 0.01852   1296  0.00150    0.78   1335
76       29A 0.00951    946  0.00627    0.53    957
77       29B 0.01405    783  0.00124    0.89    807
78       29C 0.00285    702  0.00145    0.50    688
79       29D 0.00350    858  0.00698    0.58    859
81       29F 0.05660     53  0.00000    0.80     55
82        30 0.00711    844  0.00232    0.69    861
83       30A 0.00542    922  0.00105    0.74    952
84       30B 0.00525   1334  0.00224    0.66   1338
85        31 0.00558   1255  0.00488    0.55   1229
86       31A 0.00430   1163  0.00087    0.51   1143
87       31B 0.00454    441  0.00000    0.68    431
88       31C 0.00502    598  0.00855    0.58    585
89       31D 0.00324    925  0.00108    0.53    929
90       31E 0.00000    222  0.00000    0.39    216
93       31H 0.00000      2  0.00000    0.00      2
94        32 0.00642   1246  0.00164    0.53   1221
95       32A 0.00370   1081  0.00465    0.54   1076
96        33 0.00295    339  0.00000    0.17    338
97        34 0.01238    404  0.00493    0.54    406
98        35 0.00000     19  0.00000    0.74     23
99        36 0.00000    144  0.01290    0.39    155
100       37 0.00698    573  0.00683    0.49    586
101       38 0.02206    136  0.00000    0.93    148
102      38A 0.00000      2  0.00000    0.50      2
103       39 0.00567    529  0.00377    0.49    530
104       40 0.00435    460  0.00000    0.86    486
105       41 0.00721   1526  0.00916    0.56   1529
106      41A 0.00677    739  0.00267    0.48    749
107      41B 0.00316   1583  0.00449    0.52   1559
108      41C 0.00110    907  0.00443    0.51    903
109      41D 0.00172   1162  0.00522    0.55   1149
110       42 0.00738   1220  0.00166    0.53   1202
111      42A 0.00538    743  0.00414    0.44    725
112       43 0.00000     75  0.00000    0.68     81
113       44 0.00403    248  0.00000    0.66    262
114      44A 0.00000    207  0.00893    0.81    224
115      44B 0.00433    231  0.00394    0.79    254
116      44C 0.02985     67  0.00000    0.54     78
119       45 0.00573   1221  0.00082    0.55   1225
120      45A 0.00431    927  0.00216    0.56    927
121       46 0.00730    274  0.00000    0.55    274
122      46A 0.00641    312  0.00324    0.55    309
123      46B 0.02500     40  0.00000    0.63     41
124       47 0.01129   1063  0.00468    0.55   1068
125      47A 0.00280   1429  0.00144    0.48   1391
126      47B 0.00972    926  0.00436    0.51    917
127      47C 0.00439   1368  0.00000    0.49   1366
128      47D 0.00454   1102  0.00185    0.60   1080
129       48 0.00517   1160  0.00174    0.45   1151
130       49 0.00396   1264  0.00319    0.49   1254
131       50 0.00701    713  0.00277    0.46    722
132       51 0.00547    731  0.00387    0.60    776
133       52 0.00548   1277  0.00311    0.49   1287
134      52A 0.00971    103  0.00980    0.47    102
135       53 0.00000    656  0.00465    0.54    645
136       54 0.00699    286  0.00000    0.88    309
137       55 0.00712    281  0.00339    0.91    295
138       56 0.01918    365  0.00270    0.61    371
139      56A 0.01087     92  0.00000    0.80     94
140      56B 0.00000    252  0.00000    0.67    257
141      56C 0.00820    244  0.00395    0.76    253
142       57 0.00104    965  0.00206    0.62    969
143       58 0.00254    788  0.00507    0.43    789
144      58A 0.00438    913  0.00221    0.46    907
145       59 0.00563   1243  0.00292    0.90   1372
147       60 0.02100    619  0.00314    0.86    637
148       61 0.02720   1250  0.00313    0.87   1280
149      61A 0.00000    415  0.00000    0.51    425
150      61B 0.00169    590  0.00679    0.62    589
151      61C 0.00000     16  0.00000    0.44     16
152       62 0.00857    934  0.00203    0.87    986
153       63 0.00907    551  0.00361    0.48    554
154       64 0.01828    711  0.00262    0.88    764
155       65 0.00000     47  0.00000    0.49     47
156      65A 0.00422    711  0.00283    0.58    706
157      65B 0.00767    391  0.00000    0.66    401
158      65C 0.00000     18  0.11765    0.41     17
159       66 0.01346   1263  0.00142    0.90   1405
160       67 0.00219    912  0.00203    0.85    984
161       68 0.00277    361  0.00000    0.61    366
162       69 0.00457    657  0.00000    0.87    691
163      69A 0.00395    253  0.00000    0.84    267
164       70 0.00000    293  0.00330    0.84    303
165       71 0.01213    989  0.00480    0.78   1042
166      71A 0.00000    356  0.00287    0.53    348
167       73 0.04545     22  0.00000    0.65     17
168      73A 0.00000    478  0.00211    0.65    475
169      73B 0.00189    529  0.00193    0.41    518
170      73C 0.01042     96  0.00000    0.72     92
171      73D 0.00000    183  0.00541    0.58    185
172      73E 0.00000    463  0.00000    0.63    469
173      73F 0.00000    129  0.00000    0.43    131
174      73H 0.00429   1630  0.00246    0.57   1626
175      73I 0.00000     17  0.00000    0.78     18
176       74 0.00680   1323  0.00226    0.74   1329
177      74A 0.00576    521  0.00180    0.81    557
178      74B 0.00460    869  0.00713    0.57    842
179      74C 0.01099    637  0.00157    0.74    638
180      74D 0.00000     93  0.00000    0.83    104
181      74E 0.00634    946  0.00319    0.55    939
182      74F 0.00623    642  0.00472    0.59    635
183      74G 0.00201    996  0.00817    0.62    979
184       75 0.00239    838  0.00796    0.86    879
185       76 0.00890    337  0.00299    0.71    335
186      76A 0.00168    596  0.00165    0.76    607
187       77 0.00345   1161  0.00173    0.35   1157
188      77A 0.00779    770  0.00000    0.51    745
189       78 0.01961    510  0.00391    0.52    512
190       79 0.01329    677  0.00712    0.68    702
191       81 0.00525    381  0.00243    0.94    412
192      81A 0.00000     92  0.00000    0.46     91
193       82 0.01495   1204  0.00000    0.92   1305
194       83 0.00000    172  0.00588    0.64    170
195      83A 0.02439     41  0.00000    0.77     39
196       84 0.01946    257  0.00410    0.89    244
197       85 0.02174    138  0.00637    0.89    157
198       86 0.00000    179  0.00000    0.47    177
199      86A 0.00885    113  0.00855    0.71    117
200      86B 0.00000    160  0.01258    0.65    159
201       87 0.00000      9  0.11111    0.44      9
202      87A 0.02182    275  0.00725    0.66    276
203      87B 0.00000     48  0.00000    0.57     49
205       88 0.01562    576  0.00175    0.58    573
206      88A 0.00000     65  0.00000    0.67     63
207      88B 0.00427    234  0.00000    0.66    238
208       89 0.00295   1016  0.00800    0.54   1000
209       90 0.00398    753  0.00000    0.33    732
210       91 0.00704    710  0.00423    0.68    710
211       92 0.01395    645  0.00613    0.58    653
212      92A 0.00000      2  0.00000    0.50      2
213       93 0.00081   1241  0.00327    0.48   1223
214      93A 0.00385    780  0.00784    0.47    765
215      93B 0.00070   1424  0.00569    0.52   1406
216       94 0.00865   1388  0.00422    0.65   1422
217       95 0.00863    695  0.00423    0.57    710
218      95A 0.00831    361  0.00817    0.68    367
219       96 0.00449    445  0.00000    0.50    437
220      96A 0.00000    281  0.00000    0.67    275
221       97 0.00459    871  0.00113    0.36    886
222      97A 0.00613    163  0.00606    0.62    165
223      97B 0.00698    430  0.00218    0.84    458
224       99 0.01818    220  0.00000    0.94    232
225      100 0.01552    580  0.00162    0.93    618
226      101 0.00422    711  0.00140    0.49    712
227     101A 0.01342    149  0.01316    0.57    152
228      102 0.00814    983  0.00208    0.50    961
229      103 0.00806    248  0.01230    0.55    244
230      104 0.00000    423  0.00930    0.63    430
231     104A 0.00000     66  0.00000    0.48     63
232     104B 0.00889   1462  0.00688    0.56   1453
233     104C 0.00000     40  0.02083    0.56     48
234      105 0.00753   1063  0.00190    0.51   1051
235      106 0.01159   1122  0.00610    0.58   1147
236      107 0.00765    784  0.00254    0.49    788
237      108 0.00273    732  0.00276    0.57    725
238     108A 0.00000    269  0.00355    0.61    282
239     108B 0.01639     61  0.00000    0.61     62
240      109 0.02725    477  0.00366    0.85    547
241      110 0.00998   1102  0.00274    0.55   1095
242      111 0.01732    924  0.00111    0.68    903
243      112 0.00834   1679  0.00059    0.50   1683
244      113 0.00376   1065  0.00376    0.57   1065
245     113A 0.00505    594  0.00496    0.56    605
246      114 0.00000    135  0.00699    0.73    143
247     114A 0.01515    132  0.00000    0.75    137
248     114B 0.02326    129  0.00000    0.69    140
249     114C 0.00000      6  0.00000    0.20      5
250     114D 0.00000      7  0.00000    0.33      6
251      115 0.01733    577  0.00688    0.58    581
252      116 0.00000     82  0.01176    0.62     85
253      117 0.00860   1046  0.00379    0.61   1055
254     117A 0.00710   1268  0.00315    0.63   1268
255      118 0.01391   1150  0.00938    0.55   1173
256      119 0.00760    526  0.00190    0.53    525
257     119A 0.00231    432  0.00462    0.65    433
258      120 0.00532    752  0.00264    0.65    759
259      121 0.00725    552  0.00366    0.58    547
260     121A 0.00775    129  0.00781    0.45    128
261     121B 0.00000     18  0.00000    0.78     18
262     121C 0.00000      5  0.00000    0.83      6
263     121D 0.00754    398  0.00248    0.57    403
264      122 0.00548    365  0.00266    0.65    376
265     122A 0.03030     66  0.03030    0.53     66
266      123 0.00491    611  0.00000    0.61    605
267      124 0.00864    463  0.00630    0.71    476
268     124A 0.00763    131  0.00000    0.58    128
269     124B 0.00000     73  0.01266    0.59     79
270     124C 0.00800    250  0.00000    0.68    254
271      125 0.00767    652  0.00451    0.72    665
272      126 0.00330    303  0.00000    0.62    302
273      127 0.01077   1300  0.00000    0.56   1346
274     127A 0.00373    536  0.01130    0.49    531
275      128 0.00935   1391  0.00351    0.65   1423
276     128A 0.00759    922  0.00770    0.55    909
277     128B 0.00306    654  0.00000    0.54    654
278     128C 0.00580   1035  0.00000    0.65   1031
279     128D 0.01184    591  0.00164    0.61    608
280     128E 0.00697   1866  0.00216    0.60   1848
281     128F 0.01055    379  0.00262    0.54    382
282     128G 0.00772    907  0.00451    0.61    887
283     128H 0.00783   1533  0.00132    0.60   1520
284     128I 0.00203   1476  0.00418    0.61   1437
285     128J 0.00810   1111  0.00272    0.59   1103
286     128K 0.00000     14  0.00000    0.47     15
287      129 0.00815    491  0.00399    0.59    501
288     129A 0.00000    217  0.00461    0.69    217
289      130 0.00954    629  0.00316    0.61    633
290     130A 0.00617    648  0.00152    0.52    656
291     130B 0.00000     79  0.00000    0.80     80
292     130C 0.00000     38  0.00000    0.74     39
293      131 0.00279    359  0.00852    0.59    352
294     131A 0.00000    202  0.01456    0.62    206
295      132 0.00260    384  0.00794    0.76    378
296     132A 0.01021   1077  0.00272    0.63   1102
297     132B 0.01843    217  0.00844    0.62    237
298     132C 0.01053   1520  0.00323    0.61   1550
299     132D 0.00305    983  0.00204    0.63    982
300      133 0.01125    800  0.00489    0.79    818
301      134 0.01966    712  0.00138    0.64    725
302      135 0.00275    364  0.00824    0.40    364
303     135A 0.00000     10  0.00000    0.80     10
304     135B 0.00475   1053  0.00369    0.81   1083
305     135C 0.00000     48  0.06383    0.36     47
307      136 0.01117   1164  0.00585    0.60   1196
308      137 0.02908    894  0.00314    0.61    956
309      138 0.01176    510  0.00388    0.64    515
310      140 0.01113    719  0.00538    0.63    744
311     140A 0.00420    952  0.00209    0.58    958
312      141 0.01902    631  0.00469    0.51    639
313     141A 0.01190    252  0.00758    0.64    264
314      142 0.00447    671  0.00303    0.50    661
315     142A 0.00870    115  0.00862    0.62    116
317      143 0.04167     24  0.04167    0.50     24
318      144 0.00540   1111  0.00444    0.64   1125
319     144A 0.00899    890  0.00221    0.59    906
320     144B 0.00864   1158  0.00256    0.57   1174
321     144C 0.02484   1449  0.00384    0.65   1562
322     144D 0.01329   1580  0.00307    0.58   1630
323     144E 0.00855   1170  0.00489    0.61   1227
324     144F 0.00000      9  0.00000    0.89      9
325      145 0.00201    497  0.00000    0.55    502
326      146 0.01148    697  0.00000    0.95    741
327      147 0.00353    849  0.00471    0.65    850
328     147A 0.03175    126  0.00000    0.74    129
329      148 0.01698   1531  0.00377    0.57   1591
330     148A 0.01770    565  0.00345    0.61    580
331     148B 0.02294    436  0.00225    0.61    445
332     148C 0.00546   1098  0.00092    0.57   1092
333     148D 0.01048   1431  0.00260    0.57   1538
334     148E 0.03125     64  0.01587    0.29     63
335     148F 0.01487    269  0.00752    0.68    266
336     148G 0.00835   1078  0.00271    0.75   1105
337     148H 0.00000      4  0.00000    0.67      3
338     148J 0.00294   1020  0.00200    0.70   1000
339     148K 0.01655   1329  0.00072    0.93   1382
340     148L 0.01076   1301  0.00309    0.81   1296
341     148M 0.00923    975  0.00000    0.71   1002
342     148N 0.00632   1266  0.00077    0.88   1297
343     148O 0.00733   1227  0.00318    0.58   1259
344     148P 0.00907    882  0.00110    0.81    912
345     148Q 0.00927    647  0.00297    0.92    674
346      149 0.01288   1009  0.00389    0.52   1028
347      150 0.00733    819  0.00248    0.39    806
348     150A 0.00000    139  0.00000    0.47    141
349     150B 0.00000     69  0.01587    0.49     63
350      151 0.00000    162  0.00625    0.33    160
351      152 0.00395    759  0.00650    0.58    769
352      153 0.01297   1079  0.00184    0.58   1088
353     153A 0.00549   1093  0.00281    0.61   1069
354     153B 0.00673   1040  0.00593    0.57   1011
355      154 0.01110   1801  0.00162    0.61   1856
356     154A 0.01589   1888  0.00260    0.87   1920
357     154B 0.00364    550  0.00000    0.22    541
358     154C 0.00775    129  0.00000    0.13    124
359     154D 0.01196   1254  0.00161    0.81   1242
360     154E 0.01168   1627  0.00363    0.79   1652
361     154F 0.01064    564  0.00000    0.89    566
362     154G 0.01016   2264  0.00129    0.88   2331
363      155 0.00498    804  0.00370    0.56    811
364     155A 0.02553    901  0.00322    0.55    931
365     155B 0.00448   1115  0.00263    0.62   1141
366      156 0.01250    480  0.00207    0.63    484
367     156A 0.00962    416  0.00000    0.56    421
368     156B 0.00810    247  0.00407    0.47    246
369     156C 0.00000     56  0.00000    0.69     58
370      157 0.01073    932  0.00406    0.85    986
371     157A 0.02995    434  0.00000    0.85    457
372     157B 0.00492    813  0.00244    0.80    818
373      158 0.00382    262  0.00375    0.54    267
374      159 0.00229   1311  0.00390    0.54   1281
375     159A 0.00460   1305  0.00233    0.55   1290
376     159B 0.00286   1049  0.00769    0.51   1040
377     159C 0.00331   1208  0.00000    0.52   1185
378     159D 0.00461    217  0.00000    0.51    217
379     159E 0.00465   1290  0.00000    0.48   1285
380     159F 0.00000   1121  0.00455    0.55   1098
381     159G 0.00000     70  0.00000    0.34     68
382     159H 0.00000     19  0.00000    0.39     18
383     159I 0.00626   1917  0.00159    0.47   1891
384     159J 0.00493    811  0.00375    0.53    801
385     159K 0.00390   1025  0.00295    0.59   1018
386     159L 0.00425    942  0.00215    0.52    929
390     159P 0.00000    675  0.00153    0.50    655
391     159Q 0.00471    850  0.00720    0.54    833
392      160 0.01197   1253  0.00080    0.83   1249
393      161 0.00529    756  0.00402    0.47    746
394     161A 0.00000    152  0.00671    0.48    149
396      162 0.00599    501  0.00000    0.43    509
397     162A 0.00724   1105  0.00088    0.89   1140
398     162B 0.01437   1601  0.00121    0.89   1657
399     162C 0.02130    798  0.00118    0.81    844
400     162D 0.00826    726  0.00000    0.87    711
401     162E 0.02176   1333  0.00201    0.82   1491
402     162F 0.00686   1311  0.00379    0.76   1318
403     162G 0.02826   1734  0.00164    0.88   1831
404     162H 0.00645    155  0.00000    0.88    155
405     162I 0.01036    193  0.00000    0.17    195
406     162J 0.01895   2005  0.00048    0.86   2077
407     162K 0.02186   1418  0.00134    0.79   1494
408     162L 0.00336    595  0.00333    0.85    600
409      163 0.00578    173  0.00575    0.56    174
410      164 0.00661    757  0.00256    0.73    781
411      165 0.02484    322  0.00909    0.72    330
412      166 0.00000    864  0.00115    0.54    868
413     166A 0.01058    378  0.00546    0.52    366
414     166B 0.01580    443  0.00213    0.80    469
415     166C 0.03662    355  0.00000    0.52    383
416      167 0.01950    359  0.00281    0.25    356
417      168 0.01595   1191  0.00249    0.93   1205
418     168A 0.02331    815  0.00000    0.93    837
419     168B 0.01639    305  0.00000    0.87    304
420      169 0.01846    325  0.00000    0.84    345
421      170 0.01018    393  0.00252    0.69    397
422      171 0.01968   1372  0.00359    0.61   1392
423     171A 0.01467   1909  0.00302    0.72   1986
424     171B 0.00236    423  0.00461    0.87    434
425     171C 0.00789    507  0.00795    0.76    503
426     171D 0.00000     65  0.00000    0.50     62
427      172 0.00851    705  0.00141    0.92    710
428     172A 0.00000     23  0.00000    0.67     24
429     172B 0.05263     19  0.00000    0.62     16
430     172C 0.00000      2  0.00000    0.33      3
431     172D 0.00000      2  0.00000    0.00      1
432      173 0.00775    774  0.00371    0.97    808
433      174 0.00936   1389  0.00350    0.47   1428
434     174A 0.00951   1578  0.00246    0.57   1628
435     174B 0.01167    257  0.00373    0.73    268
436     174C 0.00641    936  0.00217    0.57    920
437      175 0.00438    913  0.00325    0.91    924
438     175A 0.02128     47  0.00000    0.72     46
439      176 0.01196    418  0.00000    0.66    419
440     176A 0.01554   1158  0.00085    0.67   1181
441     176B 0.00698    716  0.00543    0.57    737
443      178 0.00339    884  0.00447    0.56    895
444     178A 0.02381    378  0.00000    0.61    374
445      179 0.01736    576  0.00325    0.75    616
446      180 0.01421    985  0.00399    0.92   1002
447      182 0.04025    323  0.00289    0.91    346
448      183 0.01657    664  0.00303    0.91    659
449      184 0.01044    383  0.00000    0.90    402
450      185 0.00627    797  0.00236    0.90    847
451      186 0.00860   1047  0.00183    0.91   1093
452      187 0.01491    939  0.00617    0.92    973
453      188 0.00574    697  0.00139    0.93    718
454      189 0.00575   1043  0.00288    0.52   1042
455      190 0.01074   1210  0.00161    0.40   1242
456      191 0.01088   1654  0.00175    0.53   1714
457      193 0.00633   1105  0.00430    0.64   1162
458     193A 0.01359   1693  0.00413    0.57   1693
459     193B 0.00845   1776  0.00344    0.65   1745
460     193C 0.00637   1728  0.00174    0.83   1720
461     193D 0.01178   1273  0.00227    0.59   1324
462     193E 0.00694   1297  0.00148    0.67   1349
463     193F 0.00781   1024  0.00192    0.63   1044
464      194 0.00879   1707  0.00171    0.63   1752
465     194A 0.01416   1271  0.00149    0.73   1343
466     194B 0.01340   1791  0.00056    0.72   1780
467     194C 0.00797    502  0.00198    0.76    505
468     194D 0.02075   1446  0.00066    0.90   1525
469     194E 0.00435   1149  0.00000    0.70   1157
470     194F 0.00455    440  0.00445    0.88    449
471     194G 0.00810   1235  0.00161    0.68   1240
472      195 0.01757   1480  0.00137    0.71   1462
473      196 0.00452   1107  0.00458    0.51   1091
474     196A 0.00000    588  0.00342    0.50    584
475     196B 0.00000      7  0.00000    0.71      7
476      197 0.00197   1017  0.00100    0.47   1003
477      198 0.01217    986  0.00000    0.63   1005
478     198A 0.00638   1098  0.00368    0.57   1086
479      199 0.00820   1219  0.00241    0.44   1247
480     199A 0.00804    373  0.00000    0.65    376
481      200 0.00521    768  0.00263    0.58    761
482      201 0.00937    961  0.00318    0.54    942
483     201A 0.00998    401  0.00000    0.41    393
484      202 0.00140    712  0.00567    0.49    706
485     202A 0.00349    860  0.00000    0.48    846
486      203 0.00426    235  0.00000    0.46    233
487      204 0.00798   1128  0.00000    0.48   1164
488      205 0.01070   1122  0.00523    0.60   1148
489     205A 0.00358   1116  0.00269    0.60   1114
490     205B 0.00750   1601  0.00245    0.72   1630
491     205C 0.01077   1671  0.00000    0.75   1680
492     205D 0.00344   1164  0.00174    0.70   1150
493     205E 0.00000    608  0.00330    0.68    606
494     205F 0.00513   1949  0.00105    0.61   1908
495     205G 0.00377   2124  0.00143    0.66   2091
496     205H 0.00179   1119  0.00368    0.59   1086
497      206 0.00892   1346  0.00073    0.79   1368
498     206A 0.00624   1603  0.00254    0.60   1573
499     206B 0.01772   1806  0.00167    0.76   1800
500     206C 0.01650   1212  0.00580    0.72   1206
501     206D 0.03017   1359  0.00141    0.74   1419
502      207 0.00673    297  0.00334    0.48    299
503     207A 0.00105    954  0.00627    0.51    957
504      208 0.00583    686  0.00293    0.51    683
505      209 0.00280    714  0.00143    0.41    701
506      210 0.00330    606  0.00335    0.50    597
507      211 0.01207   1409  0.00139    0.44   1444
508      212 0.00100    998  0.00503    0.49    995
509      213 0.00111    900  0.00673    0.60    892
510     213A 0.01136    264  0.00391    0.68    256
511      214 0.00428   1401  0.00000    0.50   1427
512     214A 0.00436    459  0.00223    0.50    448
513      215 0.00588    851  0.00235    0.47    851
514      216 0.01323   1436  0.00210    0.45   1429
515      217 0.00401    997  0.00101    0.57    991
516      218 0.01050    952  0.00000    0.72    967
517      219 0.00437    687  0.00000    0.51    679
518     219A 0.00781   1024  0.00100    0.70   1003
519     219B 0.00333   1200  0.00171    0.64   1168
520     219C 0.00435   1608  0.00126    0.60   1586
521     219D 0.00101    991  0.00207    0.54    967
522     219E 0.00452    442  0.00000    0.72    443
523      220 0.02094   1146  0.00000    0.70   1205
524     220A 0.00684   1024  0.00479    0.61   1043
525     220B 0.00772   1166  0.00426    0.66   1175
526      221 0.01693   1063  0.00261    0.93   1148
527      222 0.01560   1154  0.00246    0.91   1220
528      223 0.01824   1206  0.00000    0.93   1251
529      224 0.00097   1031  0.00293    0.56   1023
530      225 0.01080   1204  0.00827    0.56   1209
531      226 0.00111    901  0.00228    0.63    879
> 
> print("EXCLUDED")
[1] "EXCLUDED"
> print( format( vote[!indx,-c(7:dim(vote)[2])], digits=2))
    precinct  pbuch ptotal pdeckard pnelson stotal
16        4F    NaN      0      NaN     NaN      0
36       12E    NaN      0      NaN     NaN      0
80       29E 0.0200    400      NaN     NaN      0
91       31F    NaN      0      NaN     NaN      0
92       31G    NaN      0      NaN     NaN      0
117      44D    NaN      0      NaN     NaN      0
118      44E    NaN      0      NaN     NaN      0
146      59A    NaN      0      NaN     NaN      0
204      87C    NaN      0      NaN     NaN      0
306     135D    NaN      0      NaN     NaN      0
316     142B    NaN      0      NaN     NaN      0
387     159M    NaN      0      NaN     NaN      0
388     159N    NaN      0      NaN     NaN      0
389     159O    NaN      0      NaN     NaN      0
395     161B    NaN      0      NaN     NaN      0
442      177    NaN      0      NaN     NaN      0
532     A001 0.0000     35  0.00000    0.59     32
533     A002    NaN      0      NaN     NaN      0
534     A003    NaN      0      NaN     NaN      0
535     A004 0.0030    671  0.00780    0.42    641
536     A005 0.0019    513  0.00609    0.44    493
537     A006 0.0000     53  0.00000    0.40     50
538     A007 0.0000     67  0.01587    0.37     63
539     A008 0.0000    280  0.01115    0.49    269
540     A009 0.0047    426  0.00000    0.60    401
541     A010 0.0088    113  0.00926    0.44    108
542     A011 0.0000    177  0.00588    0.49    170
543     A012 0.0000    138  0.00752    0.42    133
544     A013 0.0000     46  0.00000    0.36     45
545     A014 0.0000    143  0.00000    0.61    136
546     A015 0.0000     20  0.00000    0.28     18
547     A016 0.0017   2367  0.00354    0.36   2258
548     A017 0.0015   1292  0.00242    0.37   1239
549     A018 0.0026   1525  0.00474    0.43   1477
550     A019 0.0000     30  0.00000    0.30     30
551     A020 0.0021    952  0.00543    0.72    920
552     A021 0.0000    213  0.00483    0.40    207
553     A022    NaN      0      NaN     NaN      0
554     A023 0.0000    109  0.00000    0.44    103
555     A024 0.0022    445  0.00464    0.36    431
556     A025 0.0019   1043  0.00000    0.68   1000
557     A026 0.0000    621  0.00164    0.67    608
558     A027 0.0000    345  0.00912    0.51    329
559     A028 0.0030    990  0.00104    0.53    958
560     A029 0.0023    858  0.00485    0.63    825
561     A030 0.0000    195  0.00518    0.62    193
562     A031 0.0023   1775  0.00117    0.83   1703
563     A032 0.0066    301  0.00000    0.46    294
564     A033 0.0025   1997  0.00156    0.46   1925
565     A034 0.0025    797  0.00267    0.44    748
566     A035 0.0021   4752  0.00240    0.69   4591
567     A036    NaN      0      NaN     NaN      0
568     A037 0.0000    261  0.00000    0.78    254
569     A038 0.0018   7052  0.00246    0.67   6492
570     A039 0.0023    855  0.00249    0.60    804
571     A040 0.0152     66  0.00000    0.40     63
572     A041 0.0053    752  0.00568    0.46    704
573     A042 0.0088    114  0.01031    0.48     97
574     A043 0.0000    398  0.00781    0.36    384
575     A044 0.0000     13  0.00000    0.60     10
576     A045 0.0000    180  0.01143    0.54    175
577     A046 0.0000    141  0.00000    0.50    141
578     A047    NaN      0      NaN     NaN      0
579     A048 0.0068    438  0.00243    0.45    412
580     A049 0.0000     60  0.00000    0.53     59
581     A050 0.0000    137  0.00000    0.41    139
582     A051 0.0000     41  0.00000    0.38     42
583     A052    NaN      0      NaN     NaN      0
584     A053 0.0000    272  0.00000    0.54    266
585     A054 0.0093    108  0.01961    0.36    102
586     A055 0.0036    560  0.00000    0.32    535
587     A056 0.0000    165  0.00000    0.20    162
588     A057 0.0026    769  0.00139    0.58    721
589     A058 0.0013   2297  0.00273    0.33   2197
590     A059 0.0441     68  0.04839    0.42     62
591     A060 0.0000    138  0.00000    0.52    133
592     A061 0.0021    486  0.00218    0.41    458
593     A062 0.0000     71  0.00000    0.42     66
594     A063 0.0000     71  0.00000    0.52     63
595     A064 0.0024   1655  0.00255    0.35   1570
596     A065 0.0000     63  0.00000    0.45     56
597     A066 0.0018   1121  0.00094    0.37   1063
598     A067 0.0000     90  0.01111    0.46     90
599     A068 0.0000     96  0.00000    0.44     86
600     A069 0.0000     27  0.00000    0.38     26
601     A070 0.0025    397  0.00000    0.48    380
602     A071 0.0000     25  0.00000    0.39     23
603     A072 0.0000     76  0.00000    0.50     70
604     A073 0.0049    204  0.00000    0.76    198
605     A074 0.0000    296  0.00000    0.43    291
606     A075 0.0000      5  0.00000    0.00      5
607     A076 0.0000      2  0.00000    0.00      2
608     A077 0.0000     22  0.00000    0.30     23
609     A078 0.0021    941  0.00566    0.76    884
610     A079 0.0000     14  0.00000    0.83     12
611     A080 0.0000     89  0.00000    0.79     89
612     A081 0.0755     53  0.00000    0.50     48
613     A082 0.0000     48  0.00000    0.34     38
614     A083 0.0000     23  0.00000    0.35     23
615     A084 0.0000    251  0.00400    0.56    250
616     A085 0.0000     85  0.02500    0.53     80
617     A086 0.0000     25  0.04000    0.24     25
618     A087 0.0000     10  0.00000    0.50     10
619     A088 0.0000      3  0.00000    0.67      3
620     A089 0.0000    219  0.00000    0.45    210
621     A090 0.0000     27  0.00000    0.52     25
622     A091 0.0042    240  0.00437    0.37    229
623     A092 0.0182     55  0.00000    0.60     53
624     A093 0.0000     77  0.00000    0.55     73
625     A094 0.0000    387  0.01120    0.50    357
626     A095 0.0000      6  0.00000    0.17      6
627     A096 0.0000    239  0.00885    0.42    226
628     A097 0.0000     20  0.00000    0.33     21
629     A098 0.0000     30  0.00000    0.47     30
630     A099 0.0000      9  0.00000    0.44      9
631     A100 0.0000     46  0.04348    0.39     46
632     A101 0.0000      5  0.00000    1.00      4
633     A102 0.0000      5  0.00000    0.40      5
634     A103 0.0000      4  0.00000    0.75      4
635     A104 0.0000      4  0.00000    0.00      4
636     A105 0.0000     10      NaN     NaN      0
637     A106 0.0000     24  0.00000    0.70     23
> 
> 
> str.dep         <- "pbuch"
> outname         <- "pbc.buch"
> initial.parms   <- c(-5.563711e+00,1.698151e+00,2.298898e+01)
> initial.domains <- NULL
> 
> #run specific variables
> pop.size         <- 100;
> wait.generations <- 1;
> gradient.check   <- F;
> max.generations  <- wait.generations*10;
> 
> str.pop   <- "ptotal"
> str.indep <- c("pnelson","pdeckard")
> statename <- "PBC"
> 
> ## where we are going to store things...
> ps.flag <- T
> ps.dir  <- paste("postscript.lqd8.",str.dep,sep="");
> project <- paste("genoud.pro.lqd8.",str.dep,".ps",pop.size,".wg",wait.generations,".",sep="");
> project <- paste(project,system("date | sed 's/ //g'",T),sep="");
> ## ... and create the postscript directory if it does not exist.
> if ( ! file.exists(ps.dir) )
+   dir.create(ps.dir)
> 
> ## loop over regions/states/samples
> tmp.str.indep <- str.indep
> tmp.out <- 
+   lqd(mydata=vote[indx,],
+       nparms = 3,
+       str.pop,
+       str.dep,
+       tmp.str.indep,
+       sample.name     = statename ,
+       pop.size        = pop.size,
+       wait.generations= wait.generations,
+       max.generations = max.generations,
+       gradient.check  = gradient.check,
+       project   = project,
+       outlier.threshold = 2.5,
+       flag.print= T,
+       ps.dir    = ps.dir ,
+       ps.flag   = T,
+       pstart   = initial.parms,
+       mdomains = initial.domains 
+       )
[1] "mydata$pnelson"
[1] "mydata$pdeckard"

Call:
glm(formula = data.dep ~ -1 + data.indep, family = binomial(link = "logit"), 
    weights = data.pop)

Deviance Residuals: 
    Min       1Q   Median       3Q      Max  
-3.9230  -1.1998  -0.3227   0.6137   5.7807  

Coefficients:
             Estimate Std. Error z value Pr(>|z|)    
data.indep1  -6.05041    0.08833 -68.496   <2e-16 ***
data.indep2   2.05439    0.11740  17.499   <2e-16 ***
data.indep3 -13.48192    8.05147  -1.674    0.094 .  
---
Signif. codes:  0 `***' 0.001 `**' 0.01 `*' 0.05 `.' 0.1 ` ' 1 

(Dispersion parameter for binomial family taken to be 1)

    Null deviance: 501267.0  on 515  degrees of freedom
Residual deviance:   1271.6  on 512  degrees of freedom
AIC: 2821.8

Number of Fisher Scoring iterations: 4



Sat Feb 23 15:29:39 2002
Domains:
 -1.348192e+02   <=  X1   <=    1.348192e+02 
 -1.348192e+02   <=  X2   <=    1.348192e+02 
 -1.348192e+02   <=  X3   <=    1.348192e+02 

Data Type: Floating Point
Operators (code number, name, population) 
	(1) Cloning........................... 	15
	(2) Uniform Mutation.................. 	12
	(3) Boundary Mutation................. 	12
	(4) Non-Uniform Mutation.............. 	12
	(5) Polytope Crossover................ 	12
	(6) Multiple Point Simple Crossover... 	12
	(7) Whole Non-Uniform Mutation........ 	12
	(8) Heuristic Crossover............... 	12
	(9) Local-Minimum Crossover........... 	0

HARD Maximum Number of Generations: 10
Maximum Nonchanging Generations: 1
Population size       : 100
Convergence Tolerance: 1.000000e-03

Using the BFGS Derivative Based Optimizer on the Best Individual Each Generation.
Not Checking Gradients before Stoping
Not Using Out of Bounds Individuals and Not Allowing Trespassing.



Minimization Problem.

Parameter B (hardcoded): 6
Parameter Q (hardcoded): 0.500000


STARTING VALUES


The 2 best initial individuals are
-5.56	 1.70	22.99	
fitness = 5.514276e-01

-9.80	15.02	118.39	
fitness = 8.606711e+00


The worst fit of the population is: nan




Generation#	    Solution Value

      0 	5.514276e-01
GENERATION: 0 (initializing the population)
Fitness Value... 5.514276e-01
mean............ nan
var............. nan
skewness........ nan
kurtosis........ nan
#null........... 3
#unique......... 100, #Total UniqueCount: 100
tobs............ 97
var 1:
best............ -5.563711e+00
mean............ 1.246510e+01
var............. 6.551838e+03
skewness........ -1.371008e-01
kurtosis........ 1.723117e+00
#null........... 0
tobs............ 100
var 2:
best............ 1.698151e+00
mean............ 1.929133e+00
var............. 5.872547e+03
skewness........ -1.983929e-02
kurtosis........ 1.973072e+00
#null........... 0
tobs............ 100
var 3:
best............ 2.298898e+01
mean............ -1.151749e-01
var............. 5.447721e+03
skewness........ -2.394092e-02
kurtosis........ 1.901939e+00
#null........... 0
tobs............ 100

GENERATION: 1
Fitness Value... 5.514276e-01
mean............ nan
var............. nan
skewness........ nan
kurtosis........ nan
#null........... 1
#unique......... 58, #Total UniqueCount: 158
tobs............ 99
var 1:
best............ -5.563711e+00
mean............ -1.275167e+01
var............. 1.190008e+03
skewness........ 1.900508e-01
kurtosis........ 5.651758e+00
#null........... 0
tobs............ 100
var 2:
best............ 1.698151e+00
mean............ 1.466692e+01
var............. 2.045944e+03
skewness........ 1.064483e-01
kurtosis........ 3.941446e+00
#null........... 0
tobs............ 100
var 3:
best............ 2.298898e+01
mean............ 3.376251e+01
var............. 3.785170e+03
skewness........ -4.123297e-01
kurtosis........ 2.616977e+00
#null........... 0
tobs............ 100

GENERATION: 2
Fitness Value... 5.514276e-01
mean............ nan
var............. nan
skewness........ nan
kurtosis........ nan
#null........... 0
#unique......... 36, #Total UniqueCount: 194
tobs............ 100
var 1:
best............ -5.563711e+00
mean............ -3.159182e+00
var............. 2.085750e+02
skewness........ 4.326213e+00
kurtosis........ 3.014926e+01
#null........... 0
tobs............ 100
var 2:
best............ 1.698151e+00
mean............ 2.997315e+00
var............. 3.208607e+02
skewness........ 3.016226e+00
kurtosis........ 2.533711e+01
#null........... 0
tobs............ 100
var 3:
best............ 2.298898e+01
mean............ 1.994295e+01
var............. 7.284770e+02
skewness........ -1.696481e+00
kurtosis........ 1.453505e+01
#null........... 0
tobs............ 100

Soft Generation Wait Limit Hit.
No Improvement in 1 Generations

Best Fit Found at Generation 1
Fit Value = 5.514276e-01


Parameters at the Solution (value, gradient):

 X[ 1] :	-5.563711e+00	G[ 1] :	2.147268e-01
 X[ 2] :	1.698151e+00	G[ 2] :	3.707927e-01
 X[ 3] :	2.298898e+01	G[ 3] :	5.894068e-03

Solution Found Generation 1
Number of Generations Run 2


Sat Feb 23 15:43:10 2002
Total run time : 0 hours 13 minutes and 31 seconds
[1] "Saving GLM and RGENOUD Results"
expression(glm.PBC <<- glm1)
expression(gen.PBC.100 <<- gen3)
[1] "residuals$raw.res"
  [1] -1.425295491 -0.577980153 -1.964602922 -2.289784177 -1.942831537
  [6] -2.254417396 -0.525586305 -0.862665637 -1.404036566 -1.193109561
 [11] -0.410400185 -0.851956059 -1.323867655 -1.669300516 -0.321267654
 [16] -1.979053629 -1.923874101 -1.204560851 -0.328140095 -0.545863352
 [21]  0.639405015 -1.576439969 -1.200969113 -0.845626927 -2.260723848
 [26] -2.269962961  2.997070796 -1.518998361  1.502442542 -0.453940458
 [31] -2.575281592 -1.769097583 -1.139709308 -2.536346658 -0.608252016
 [36]  0.112258711 -1.300656253 -1.259396531 -0.669445014 -0.426699976
 [41] -2.617788523  1.295703252 -1.335314639 -1.408425910 -2.027159104
 [46]  0.249818308 -2.934553909  0.954382815 -1.817863548 -1.216905164
 [51]  1.887077604 -0.576874533 -0.753562041  0.070802005 -1.076394259
 [56] -1.915989147 -2.013583811  0.726340389 -0.984954559 -0.186377483
 [61]  1.585533305 -1.264207269  0.408727131 -0.895265281 -1.143694792
 [66] -0.725819611 -1.369548285 -1.786203218  0.577153350 -1.474959019
 [71] -2.357751305  0.527952096  1.104922402 -0.369722128 -0.741322578
 [76] -1.767513867 -2.259007400  2.535018837 -1.477727174 -2.144205735
 [81] -2.305934845 -1.797397097 -1.747887551 -1.442062705 -1.631962271
 [86] -1.961663351 -1.288669285 -0.087573056 -1.176145601 -2.188733533
 [91] -0.556896887  0.344658269 -0.505575211 -1.203843606 -0.772832097
 [96]  0.323457261 -0.133889003 -0.907511727 -2.025268917 -1.732084348
[101] -0.682809406 -2.794467443 -2.680810401 -2.994915398 -0.841717981
[106] -1.002800922 -0.954489443 -1.123472355 -1.967978975 -1.401055264
[111]  1.721165741 -1.437108254 -1.796927088 -0.402633372 -0.695304154
[116]  0.836069756  0.189185069 -2.444248431 -0.097550815 -1.717969506
[121] -2.067761885 -1.215019175 -2.002668511 -0.527518973 -1.521317947
[126] -1.434568986 -0.085382627 -2.655791370 -1.299809667 -1.451569405
[131]  1.387464616 -0.301553461 -1.735181307 -0.884861937 -3.019273967
[136] -1.897043274 -1.428293328 -3.392467129  0.674226552  2.564460704
[141] -1.938309249 -2.397770164 -0.359122901 -2.042822405 -0.048280619
[146]  0.071203186 -0.643214726 -1.702527175 -0.724125801 -1.440863582
[151] -1.221880964 -3.440771799 -1.467331359 -2.418900578 -1.510089604
[156] -2.249560593 -0.925043173 -1.887279942  1.507361069 -2.405378381
[161] -1.576417102 -0.207691752 -1.456602786 -2.277059919 -1.011075155
[166] -2.489937809 -0.494179349 -2.248883555 -1.819432145 -1.955725535
[171] -0.588287470 -1.205102194 -1.212469093 -1.255580595 -3.065723851
[176] -3.585947058 -0.745346964 -2.585910406 -1.522248652 -0.364542059
[181]  2.147276169 -0.160064338 -2.027219368 -0.878903465 -0.810915832
[186] -1.490212990  0.569179825  0.102353153  0.183671625 -1.239599679
[191] -0.560636104 -1.568855274 -0.971697471  1.175374177 -0.696930912
[196]  1.170040523 -0.879315485 -1.056497911 -2.528751834 -0.890957326
[201] -1.461238106  0.534887453 -0.133889003 -3.113183014 -1.744016934
[206] -3.633600712 -1.322582427 -0.618063148 -0.975500762 -0.983837833
[211] -1.826393004 -0.918267789 -0.725939136 -1.560495780 -0.027010859
[216] -0.599010797 -1.358735168 -0.011278276 -0.406424187 -0.648947962
[221] -2.429827557 -0.753741007 -0.917256455 -0.802244173 -0.625321311
[226] -0.042430259 -0.483694107 -2.084395221 -1.770258752  0.428297074
[231]  1.654409721 -0.118892842  1.404792220 -0.302183683 -2.227431991
[236] -1.396568093 -1.445813867  0.158129369  1.131392217 -0.179754964
[241] -0.217430665  1.206937950 -1.089977403 -0.920362894 -1.575261686
[246]  0.581258460 -0.487735194 -1.930157009 -1.725090441 -0.852172238
[251] -0.223725720 -0.508506355 -0.280951386 -0.601741289 -1.159628201
[256]  0.704742488 -1.394001693 -1.067319378 -0.285442549 -1.014119023
[261] -0.576523468 -1.429425823 -1.262451559  0.338573530 -1.666836527
[266] -1.023922548 -1.131357693 -1.706517821 -1.725757981  0.165480383
[271] -1.684845768  0.084947666 -1.163408081 -1.139514881 -3.460555251
[276] -0.912155466 -0.344351755 -0.680711370 -1.723003407 -0.457103129
[281] -0.859269307 -1.085595654 -0.717703616 -1.669619159 -1.756165961
[286] -2.124930094 -0.453917400  0.679827664 -0.354501517 -2.514767967
[291] -1.103784636  2.036645040 -1.262046110 -0.386237601 -2.959297298
[296] -1.214762120 -0.238958970  4.952746594 -0.124477477 -0.324501373
[301] -1.937307148  2.227237129 -0.211550028 -1.334456271 -0.426027454
[306]  0.618014618 -2.107818226 -0.553629103 -0.676954709  4.238324150
[311]  0.918347031 -1.072221363 -0.395142257 -1.738678422 -1.429919569
[316] -2.382372065  1.821621480  2.263525633  1.391409810  2.294208524
[321] -1.545023595 -0.071527469  1.905211213  0.095891045 -1.654214887
[326] -0.218131326 -2.852832837 -0.575769355 -1.499065176 -0.961435333
[331] -2.944233031 -1.221101771 -1.524017152 -1.820418589  0.904021258
[336] -0.176475289 -1.086347403 -0.937488329 -1.115979805 -2.012202287
[341]  0.774726709 -1.842742768 -1.426297621 -0.009034325 -0.558759414
[346] -0.592451755  0.495626737 -1.025219991 -1.293906012 -1.190832100
[351] -2.593354129 -1.570496544  4.448484351 -2.219004254  0.169528440
[356] -0.029623598 -0.185633595 -0.832260036 -1.567412247  2.313791359
[361] -2.455239406 -1.050483174 -2.898522249 -1.992017856 -2.472349491
[366] -2.159484255 -0.691796671 -1.516575842 -3.490660600 -0.690443884
[371] -0.375521338 -1.199432346 -1.494392922 -2.175653355 -1.703963234
[376] -2.495144614 -1.807684957 -1.046523552 -1.121469017 -1.235927885
[381] -0.483209865 -2.608088105 -0.939070335  1.355777157 -1.742129041
[386]  1.704365872 -2.436960871  3.491392128 -0.997670073  1.017739632
[391]  0.930645494  2.159201368 -2.610714819 -0.672807842 -1.716147027
[396]  1.311048948 -2.909593722  0.018488283  0.085064033  5.420394472
[401]  3.202683920 -0.858171301  1.062583536 -0.011850414  0.383648856
[406] -0.468577417  2.770568959  0.296655792 -2.444886130 -1.528911513
[411] -0.763284753 -1.985670620 -0.523060544  1.744483442 -0.116221579
[416] -0.087573056 -2.584485434  0.096384964 -0.424992751 -0.349667598
[421] -1.216467964 -3.246647356  0.517012790  0.069150019  1.072722551
[426] -1.104268343 -2.140776449  2.468234263  0.545925183 -1.231136645
[431]  2.824165963 -0.464171923 -1.030803024 -2.545161023 -2.368945357
[436] -1.253826975 -2.540651111 -1.309579410  1.178870404  0.461327681
[441] -1.805793549  1.024302433 -1.480450759 -3.214814124  0.330514555
[446] -1.713762814 -1.119550016 -1.057016037  0.183683821  0.144599311
[451] -1.221779699  0.885123098 -2.457266208 -2.192741008 -1.370648669
[456]  1.553115792 -1.846354726 -2.380957274 -0.300466826 -2.298283302
[461]  0.342075698 -1.435544911 -0.099073129 -0.604505713 -1.504770294
[466] -0.285658264  0.522364525 -2.303149556 -1.636099402 -0.690365967
[471] -0.206035649 -0.354478843 -2.417838165 -2.093111507 -0.993628866
[476] -2.878339628 -2.820814541 -2.455767605 -3.474044782 -2.996748278
[481] -1.754884152 -1.869390730  1.217393423  0.515548217  5.169792542
[486] -0.451753449 -2.841186450 -1.012859637 -1.522956860 -1.590664036
[491]  1.561044504 -2.812962937 -3.043607824 -0.240571108 -1.846160302
[496] -1.099416261 -0.946895202  1.902485050 -1.939300477 -0.670453323
[501] -1.296232104 -1.380315153 -2.673259729 -2.481782257 -2.837043283
[506] -1.548801992  2.610871725 -1.488898490 -1.569075715 -0.579187919
[511] -0.746832843 -0.002774962 -2.991373503 -0.365820020 -2.940846071
median: -1.050483 
[1] "residuals$res"
  [1] -0.374812317  0.472503021 -0.914119748 -1.239301003 -0.892348363
  [6] -1.203934221  0.524896869  0.187817537 -0.353553392 -0.142626387
 [11]  0.640082989  0.198527115 -0.273384481 -0.618817342  0.729215520
 [16] -0.928570455 -0.873390927 -0.154077677  0.722343079  0.504619822
 [21]  1.689888189 -0.525956795 -0.150485939  0.204856247 -1.210240674
 [26] -1.219479787  4.047553970 -0.468515187  2.552925717  0.596542717
 [31] -1.524798418 -0.718614409 -0.089226134 -1.485863484  0.442231158
 [36]  1.162741885 -0.250173078 -0.208913356  0.381038160  0.623783198
 [41] -1.567305349  2.346186426 -0.284831464 -0.357942736 -0.976675930
 [46]  1.300301482 -1.884070735  2.004865989 -0.767380374 -0.166421990
 [51]  2.937560778  0.473608641  0.296921133  1.121285179 -0.025911085
 [56] -0.865505973 -0.963100636  1.776823563  0.065528615  0.864105691
 [61]  2.636016479 -0.213724095  1.459210305  0.155217893 -0.093211618
 [66]  0.324663563 -0.319065111 -0.735720044  1.627636524 -0.424475845
 [71] -1.307268131  1.578435270  2.155405576  0.680761046  0.309160596
 [76] -0.717030693 -1.208524226  3.585502011 -0.427244000 -1.093722561
 [81] -1.255451670 -0.746913923 -0.697404377 -0.391579531 -0.581479097
 [86] -0.911180176 -0.238186111  0.962910118 -0.125662427 -1.138250359
 [91]  0.493586287  1.395141443  0.544907963 -0.153360432  0.277651077
 [96]  1.373940435  0.916594171  0.142971447 -0.974785743 -0.681601174
[101]  0.367673768 -1.743984269 -1.630327227 -1.944432224  0.208765193
[106]  0.047682252  0.095993731 -0.072989181 -0.917495801 -0.350572089
[111]  2.771648915 -0.386625080 -0.746443914  0.647849802  0.355179020
[116]  1.886552931  1.239668243 -1.393765257  0.952932359 -0.667486331
[121] -1.017278711 -0.164536001 -0.952185337  0.522964201 -0.470834773
[126] -0.384085812  0.965100547 -1.605308196 -0.249326492 -0.401086230
[131]  2.437947790  0.748929713 -0.684698133  0.165621237 -1.968790793
[136] -0.846560100 -0.377810154 -2.341983955  1.724709726  3.614943878
[141] -0.887826075 -1.347286990  0.691360274 -0.992339231  1.002202555
[146]  1.121686360  0.407268449 -0.652044001  0.326357373 -0.390380408
[151] -0.171397790 -2.390288625 -0.416848185 -1.368417404 -0.459606430
[156] -1.199077419  0.125440001 -0.836796768  2.557844243 -1.354895207
[161] -0.525933928  0.842791422 -0.406119612 -1.226576745  0.039408019
[166] -1.439454634  0.556303825 -1.198400381 -0.768948971 -0.905242360
[171]  0.462195705 -0.154619020 -0.161985919 -0.205097421 -2.015240677
[176] -2.535463884  0.305136210 -1.535427232 -0.471765478  0.685941115
[181]  3.197759343  0.890418836 -0.976736194  0.171579710  0.239567342
[186] -0.439729816  1.619662999  1.152836327  1.234154800 -0.189116504
[191]  0.489847070 -0.518372100  0.078785703  2.225857351  0.353552262
[196]  2.220523697  0.171167689 -0.006014737 -1.478268660  0.159525849
[201] -0.410754931  1.585370627  0.916594171 -2.062699840 -0.693533760
[206] -2.583117538 -0.272099253  0.432420026  0.074982412  0.066645341
[211] -0.775909830  0.132215385  0.324544038 -0.510012606  1.023472315
[216]  0.451472377 -0.308251994  1.039204898  0.644058987  0.401535212
[221] -1.379344383  0.296742167  0.133226719  0.248239001  0.425161864
[226]  1.008052915  0.566789067 -1.033912047 -0.719775578  1.478780248
[231]  2.704892895  0.931590332  2.455275394  0.748299491 -1.176948817
[236] -0.346084919 -0.395330693  1.208612543  2.181875391  0.870728210
[241]  0.833052509  2.257421124 -0.039494229  0.130120280 -0.524778512
[246]  1.631741634  0.562747980 -0.879673835 -0.674607267  0.198310936
[251]  0.826757454  0.541976819  0.769531788  0.448741885 -0.109145027
[256]  1.755225662 -0.343518519 -0.016836204  0.765040625  0.036364152
[261]  0.473959706 -0.378942649 -0.211968384  1.389056704 -0.616353352
[266]  0.026560626 -0.080874518 -0.656034647 -0.675274807  1.215963557
[271] -0.634362594  1.135430840 -0.112924907 -0.089031707 -2.410072076
[276]  0.138327709  0.706131420  0.369771804 -0.672520233  0.593380046
[281]  0.191213867 -0.035112480  0.332779559 -0.619135985 -0.705682787
[286] -1.074446920  0.596565774  1.730310838  0.695981657 -1.464284793
[291] -0.053301462  3.087128214 -0.211562936  0.664245574 -1.908814124
[296] -0.164278946  0.811524204  6.003229768  0.926005697  0.725981801
[301] -0.886823973  3.277720303  0.838933147 -0.283973097  0.624455720
[306]  1.668497792 -1.057335052  0.496854071  0.373528465  5.288807324
[311]  1.968830206 -0.021738189  0.655340917 -0.688195248 -0.379436395
[316] -1.331888891  2.872104654  3.314008807  2.441892984  3.344691698
[321] -0.494540421  0.978955705  2.955694387  1.146374219 -0.603731713
[326]  0.832351848 -1.802349663  0.474713819 -0.448582002  0.089047841
[331] -1.893749857 -0.170618597 -0.473533978 -0.769935415  1.954504432
[336]  0.874007885 -0.035864229  0.112994845 -0.065496631 -0.961719113
[341]  1.825209883 -0.792259594 -0.375814447  1.041448849  0.491723760
[346]  0.458031419  1.546109912  0.025263183 -0.243422837 -0.140348926
[351] -1.542870955 -0.520013370  5.498967525 -1.168521080  1.220011614
[356]  1.020859577  0.864849580  0.218223139 -0.516929073  3.364274533
[361] -1.404756232  0.000000000 -1.848039074 -0.941534682 -1.421866317
[366] -1.109001081  0.358686503 -0.466092668 -2.440177426  0.360039290
[371]  0.674961836 -0.148949172 -0.443909747 -1.125170181 -0.653480060
[376] -1.444661440 -0.757201782  0.003959622 -0.070985843 -0.185444711
[381]  0.567273309 -1.557604931  0.111412839  2.406260331 -0.691645867
[386]  2.754849046 -1.386477697  4.541875303  0.052813101  2.068222807
[391]  1.981128668  3.209684542 -1.560231644  0.377675332 -0.665663853
[396]  2.361532123 -1.859110548  1.068971458  1.135547207  6.470877647
[401]  4.253167094  0.192311873  2.113066710  1.038632760  1.434132030
[406]  0.581905757  3.821052133  1.347138966 -1.394402956 -0.478428339
[411]  0.287198421 -0.935187446  0.527422630  2.794966616  0.934261595
[416]  0.962910118 -1.534002260  1.146868139  0.625490424  0.700815576
[421] -0.165984790 -2.196164181  1.567495964  1.119633193  2.123205725
[426] -0.053785169 -1.090293275  3.518717437  1.596408357 -0.180653471
[431]  3.874649137  0.586311251  0.019680151 -1.494677848 -1.318462183
[436] -0.203343801 -1.490167937 -0.259096236  2.229353578  1.511810855
[441] -0.755310374  2.074785607 -0.429967585 -2.164330950  1.380997729
[446] -0.663279639 -0.069066842 -0.006532862  1.234166995  1.195082485
[451] -0.171296525  1.935606272 -1.406783034 -1.142257834 -0.320165494
[456]  2.603598966 -0.795871552 -1.330474100  0.750016348 -1.247800128
[461]  1.392558872 -0.385061737  0.951410045  0.445977461 -0.454287120
[466]  0.764824910  1.572847699 -1.252666382 -0.585616228  0.360117207
[471]  0.844447525  0.696004332 -1.367354991 -1.042628332  0.056854308
[476] -1.827856454 -1.770331367 -1.405284431 -2.423561608 -1.946265104
[481] -0.704400978 -0.818907555  2.267876597  1.566031391  6.220275716
[486]  0.598729725 -1.790703276  0.037623537 -0.472473686 -0.540180862
[491]  2.611527678 -1.762479763 -1.993124650  0.809912066 -0.795677128
[496] -0.048933087  0.103587972  2.952968224 -0.888817303  0.380029851
[501] -0.245748930 -0.329831979 -1.622776555 -1.431299083 -1.786560109
[506] -0.498318818  3.661354899 -0.438415316 -0.518592541  0.471295256
[511]  0.303650331  1.047708212 -1.940890329  0.684663155 -1.890362897
[1] "s0: 1.22369759722853"
sigma:  1.131699 
[1] "data: student, pred, dep"
                                    data.dep
  [1,] -0.331194317 0.010049002 0.0056764428
  [2,]  0.417516469 0.006699088 0.0051813472
  [3,] -0.807740973 0.009905726 0.0038610039
  [4,] -1.095079938 0.008511068 0.0019474197
  [5,] -0.788503187 0.008580830 0.0039708802
  [6,] -1.063828892 0.010251627 0.0042253521
  [7,]  0.463813093 0.011821560 0.0093632959
  [8,]  0.165960664 0.010539478 0.0068846816
  [9,] -0.312409355 0.008759574 0.0049875312
 [10,] -0.126028539 0.010393859 0.0061500615
 [11,]  0.565594669 0.008581012 0.0072639225
 [12,]  0.175423937 0.008639229 0.0062780269
 [13,] -0.241569933 0.008686529 0.0035273369
 [14,] -0.546803767 0.009945027 0.0051107325
 [15,]  0.644354587 0.008860465 0.0076804916
 [16,] -0.820510009 0.010145066 0.0017793594
 [17,] -0.771751883 0.010622065 0.0049545830
 [18,] -0.136147209 0.009585655 0.0066909976
 [19,]  0.638281913 0.009346666 0.0080775444
 [20,]  0.445895745 0.009595180 0.0079207921
 [21,]  1.493230982 0.007793551 0.0103519669
 [22,] -0.464749672 0.009415824 0.0052473763
 [23,] -0.132973452 0.009999622 0.0058962264
 [24,]  0.181016530 0.014871240 0.0092024540
 [25,] -1.069401445 0.009265421 0.0021551724
 [26,] -1.077565375 0.009187077 0.0026954178
 [27,]  3.576528335 0.009636950 0.0606060606
 [28,] -0.413992711 0.008708266 0.0041580042
 [29,]  2.255834321 0.008026532 0.0140280561
 [30,]  0.527121305 0.011000846 0.0089928058
 [31,] -1.347353189 0.010235251 0.0030627871
 [32,] -0.634987159 0.008105324 0.0000000000
 [33,] -0.078842629 0.010196611 0.0072559367
 [34,] -1.312949226 0.009091618 0.0018231541
 [35,]  0.390767431 0.012034581 0.0101095198
 [36,]  1.027430228 0.013857280 0.0147783251
 [37,] -0.221059709 0.012467281 0.0000000000
 [38,] -0.184601501 0.011020419 0.0033783784
 [39,]  0.336695641 0.008883508 0.0000000000
 [40,]  0.551191732 0.007511084 0.0063157895
 [41,] -1.384913464 0.009420694 0.0027681661
 [42,]  2.073153884 0.014021851 0.0189673340
 [43,] -0.251684798 0.010222829 0.0041237113
 [44,] -0.316287898 0.010723453 0.0000000000
 [45,] -0.863017309 0.011515152 0.0030581040
 [46,]  1.148981614 0.011842209 0.0126262626
 [47,] -1.664815941 0.011957932 0.0025884383
 [48,]  1.771553900 0.012587006 0.0154753132
 [49,] -0.678078087 0.012152629 0.0072551391
 [50,] -0.147054978 0.012096071 0.0038461538
 [51,]  2.595708282 0.011053121 0.0221518987
 [52,]  0.418493425 0.007506504 0.0000000000
 [53,]  0.262367557 0.014351441 0.0000000000
 [54,]  0.990797960 0.012103205 0.0126050420
 [55,] -0.022895736 0.012235383 0.0089955022
 [56,] -0.764784524 0.015300879 0.0094102886
 [57,] -0.851021813 0.010347805 0.0046656299
 [58,]  1.570049434 0.016029000 0.0201207243
 [59,]  0.057902860 0.016170415 0.0104821803
 [60,]  0.763547197 0.018219836 0.0151515152
 [61,]  2.329255570 0.017104572 0.0244845361
 [62,] -0.188852400 0.017221615 0.0103806228
 [63,]  1.289397756 0.016675364 0.0181132075
 [64,]  0.137154735 0.010503529 0.0063157895
 [65,] -0.082364310 0.008454373 0.0028571429
 [66,]  0.286881520 0.009866622 0.0065217391
 [67,] -0.281934576 0.009690747 0.0038240918
 [68,] -0.650102162 0.011113360 0.0041493776
 [69,]  1.438223725 0.010304943 0.0127970750
 [70,] -0.375078355 0.009654084 0.0035650624
 [71,] -1.155137534 0.012827539 0.0042149631
 [72,]  1.394748164 0.007153536 0.0085227273
 [73,]  1.904574756 0.014811016 0.0185185185
 [74,]  0.601538902 0.010753561 0.0095137421
 [75,]  0.273182678 0.017524803 0.0140485313
 [76,] -0.633587744 0.009227610 0.0028490028
 [77,] -1.067884745 0.011837507 0.0034965035
 [78,]  3.168246708 0.014698674 0.0566037736
 [79,] -0.377524372 0.012834406 0.0071090047
 [80,] -0.966442884 0.013602747 0.0054229935
 [81,] -1.109351106 0.012169663 0.0052473763
 [82,] -0.659993376 0.010828751 0.0055776892
 [83,] -0.616245400 0.009189985 0.0042992261
 [84,] -0.346010282 0.012017708 0.0045351474
 [85,] -0.513810682 0.012402690 0.0050167224
 [86,] -0.805143488 0.009499859 0.0032432432
 [87,] -0.210467700 0.007424947 0.0000000000
 [88,]  0.850853466 0.003819873 0.0000000000
 [89,] -0.111038725 0.009683448 0.0064205457
 [90,] -1.005788852 0.010479106 0.0037002775
 [91,]  0.436146214 0.005105530 0.0029498525
 [92,]  1.232784773 0.010618659 0.0123762376
 [93,]  0.481495438 0.013274383 0.0000000000
 [94,] -0.135513432 0.009963885 0.0000000000
 [95,]  0.245340013 0.010229438 0.0069808028
 [96,]  1.214050988 0.018337491 0.0220588235
 [97,]  0.809927440 0.008883508 0.0000000000
 [98,]  0.126333444 0.009498204 0.0056710775
 [99,] -0.861347089 0.016307837 0.0043478261
[100,] -0.602281261 0.012045313 0.0072083879
[101,]  0.324886502 0.009158636 0.0067658999
[102,] -1.541031744 0.010223957 0.0031585597
[103,] -1.440601303 0.009927607 0.0011025358
[104,] -1.718152988 0.010803778 0.0017211704
[105,]  0.184470580 0.009744247 0.0073770492
[106,]  0.042133330 0.008824167 0.0053835801
[107,]  0.084822661 0.012001548 0.0000000000
[108,] -0.064495217 0.011705391 0.0040322581
[109,] -0.810724145 0.018366231 0.0000000000
[110,] -0.309774995 0.015837807 0.0043290043
[111,]  2.449104065 0.009477406 0.0298507463
[112,] -0.341632394 0.009780402 0.0057330057
[113,] -0.659578063 0.010263313 0.0043149946
[114,]  0.572457635 0.009680935 0.0072992701
[115,]  0.313845804 0.010404528 0.0064102564
[116,]  1.667009276 0.011130924 0.0250000000
[117,]  1.095404442 0.010692023 0.0112888053
[118,] -1.231568738 0.008857484 0.0027991603
[119,]  0.842036847 0.010038799 0.0097192225
[120,] -0.589809005 0.008699354 0.0043859649
[121,] -0.898895027 0.011048109 0.0045372051
[122,] -0.145388468 0.008434956 0.0051724138
[123,] -0.841376758 0.009387821 0.0039556962
[124,]  0.462105335 0.008864380 0.0070126227
[125,] -0.416042360 0.011461223 0.0054719562
[126,] -0.339388628 0.009343959 0.0054815975
[127,]  0.852788988 0.010569062 0.0097087379
[128,] -1.418493810 0.010637499 0.0000000000
[129,] -0.220311643 0.016899907 0.0069930070
[130,] -0.354410659 0.018912999 0.0071174377
[131,]  2.154236711 0.011451257 0.0191780822
[132,]  0.661774583 0.014646439 0.0108695652
[133,] -0.605017818 0.011806769 0.0000000000
[134,]  0.146347412 0.015106357 0.0081967213
[135,] -1.739676878 0.011317390 0.0010362694
[136,] -0.748043437 0.008876890 0.0025380711
[137,] -0.333843286 0.008794529 0.0043811610
[138,] -2.069440466 0.018648712 0.0056315366
[139,]  1.524000236 0.017452901 0.0210016155
[140,]  3.194262339 0.017649250 0.0272000000
[141,] -0.784507171 0.008971891 0.0000000000
[142,] -1.190499282 0.012785130 0.0016949153
[143,]  0.610904667 0.007996125 0.0000000000
[144,] -0.876857827 0.017274454 0.0085653105
[145,]  0.885573327 0.009271539 0.0090744102
[146,]  0.991152454 0.017929764 0.0182841069
[147,]  0.359873434 0.008725853 0.0000000000
[148,] -0.576163743 0.010827138 0.0042194093
[149,]  0.288378215 0.011592619 0.0076726343
[150,] -0.344950704 0.103410977 0.0000000000
[151,] -0.151451730 0.018035526 0.0134600158
[152,] -2.112123782 0.016863133 0.0021929825
[153,] -0.368338348 0.010724888 0.0027700831
[154,] -1.209170688 0.016636744 0.0045662100
[155,] -0.406120692 0.015786544 0.0039525692
[156,] -1.059537290 0.016978172 0.0000000000
[157,]  0.110842183 0.015801703 0.0121334681
[158,] -0.739416293 0.009906017 0.0000000000
[159,]  2.260180465 0.011374884 0.0454545455
[160,] -1.197222108 0.011959517 0.0000000000
[161,] -0.464729466 0.007993854 0.0018903592
[162,]  0.744713332 0.012799434 0.0104166667
[163,] -0.358858291 0.011461065 0.0000000000
[164,] -1.083836440 0.011074686 0.0000000000
[165,]  0.034821993 0.007862291 0.0000000000
[166,] -1.271941109 0.010614679 0.0042944785
[167,]  0.491565130 0.014162040 0.0000000000
[168,] -1.058939041 0.014089905 0.0068027211
[169,] -0.679464142 0.015652372 0.0057581574
[170,] -0.799896672 0.011752967 0.0046029919
[171,]  0.408408645 0.013698319 0.0109890110
[172,] -0.136625554 0.015375716 0.0000000000
[173,] -0.143135146 0.010327949 0.0063424947
[174,] -0.181229637 0.011518032 0.0062305296
[175,] -1.780721254 0.013019917 0.0020080321
[176,] -2.240404573 0.019526818 0.0023866348
[177,]  0.269626621 0.013605658 0.0089020772
[178,] -1.356745096 0.014217867 0.0016778523
[179,] -0.416864756 0.007230379 0.0034453058
[180,]  0.606116152 0.009035298 0.0077922078
[181,]  2.825626782 0.010100341 0.0196078431
[182,]  0.786798205 0.014017155 0.0132939439
[183,] -0.863070561 0.019672154 0.0052493438
[184,]  0.151612479 0.008326514 0.0000000000
[185,]  0.211688193 0.018062556 0.0149501661
[186,] -0.388557177 0.012746673 0.0000000000
[187,]  1.431178103 0.013960824 0.0243902439
[188,]  1.018677408 0.018592807 0.0194552529
[189,]  1.090532614 0.019573216 0.0217391304
[190,] -0.167108466 0.008511334 0.0000000000
[191,]  0.432842141 0.015329126 0.0088495575
[192,] -0.458047630 0.015150111 0.0000000000
[193,]  0.069617182 0.094949454 0.0000000000
[194,]  1.966827853 0.013606850 0.0218181818
[195,]  0.312408356 0.010017646 0.0000000000
[196,]  1.962114892 0.010626264 0.0156250000
[197,]  0.151248407 0.011755484 0.0000000000
[198,] -0.005314784 0.011700351 0.0042735043
[199,] -1.306238234 0.011360426 0.0029527559
[200,]  0.140961361 0.006616305 0.0039840637
[201,] -0.362954185 0.013331846 0.0070422535
[202,]  1.400876433 0.011689723 0.0139534884
[203,]  0.809927440 0.008883508 0.0000000000
[204,] -1.822657457 0.009278917 0.0008058018
[205,] -0.612825218 0.010085746 0.0038461538
[206,] -2.282512633 0.010531828 0.0007022472
[207,] -0.240434271 0.012606168 0.0086455331
[208,]  0.382098049 0.011088069 0.0086330935
[209,]  0.066256490 0.014433870 0.0083102493
[210,]  0.058889629 0.008866418 0.0044943820
[211,] -0.685614945 0.011731595 0.0000000000
[212,]  0.116829096 0.007228136 0.0045924225
[213,]  0.286775904 0.012436344 0.0061349693
[214,] -0.450660955 0.016588402 0.0069767442
[215,]  0.904367863 0.018426732 0.0181818182
[216,]  0.398933223 0.018904590 0.0155172414
[217,] -0.272379812 0.009043200 0.0042194093
[218,]  0.918269600 0.013529560 0.0134228188
[219,]  0.569107968 0.009388473 0.0081383520
[220,]  0.354807391 0.012674244 0.0080645161
[221,] -1.218826063 0.013765461 0.0000000000
[222,]  0.262209418 0.008534498 0.0000000000
[223,]  0.117722738 0.011443431 0.0088919289
[224,]  0.219350706 0.015835108 0.0000000000
[225,]  0.375684540 0.009374101 0.0075258702
[226,]  0.890742863 0.011722796 0.0115864528
[227,]  0.500830174 0.009312303 0.0076530612
[228,] -0.913592693 0.010634792 0.0027322404
[229,] -0.636013199 0.011515717 0.0000000000
[230,]  1.306690287 0.010740779 0.0163934426
[231,]  2.390116637 0.017360025 0.0272536688
[232,]  0.823178454 0.010344224 0.0099818512
[233,]  2.169547851 0.012235444 0.0173160173
[234,]  0.661217702 0.009036153 0.0083382966
[235,] -1.039983858 0.010815730 0.0037558685
[236,] -0.305810010 0.011037223 0.0050505051
[237,] -0.349324910 0.015248173 0.0000000000
[238,]  1.067962784 0.013559723 0.0151515152
[239,]  1.927964202 0.012283547 0.0232558140
[240,]  0.769399034 0.005356462 0.0000000000
[241,]  0.736107764 0.006708421 0.0000000000
[242,]  1.994718458 0.011885808 0.0173310225
[243,] -0.034898170 0.014281507 0.0000000000
[244,]  0.114977805 0.011658963 0.0086042065
[245,] -0.463708509 0.011893459 0.0070977918
[246,]  1.441851111 0.012043380 0.0139130435
[247,]  0.497259360 0.009687538 0.0076045627
[248,] -0.777303631 0.012722599 0.0023148148
[249,] -0.596101256 0.012234693 0.0053191489
[250,]  0.175232915 0.011035558 0.0072463768
[251,]  0.730545283 0.009680618 0.0077519380
[252,]  0.478905399 0.014162040 0.0000000000
[253,]  0.679979134 0.015541388 0.0000000000
[254,]  0.396520486 0.010631090 0.0075376884
[255,] -0.096443502 0.012121506 0.0054794521
[256,]  1.550964944 0.018586824 0.0303030303
[257,] -0.303542269 0.010716754 0.0049099836
[258,] -0.014876926 0.014586103 0.0086393089
[259,]  0.676010621 0.010131051 0.0076335878
[260,]  0.032132349 0.013892464 0.0000000000
[261,]  0.418803636 0.011964414 0.0080000000
[262,] -0.334843990 0.014319435 0.0076687117
[263,] -0.187301007 0.010794878 0.0033003300
[264,]  1.227408133 0.009842230 0.0107692308
[265,] -0.544626519 0.011361862 0.0037313433
[266,]  0.023469689 0.012381700 0.0093457944
[267,] -0.071462915 0.011578066 0.0075921909
[268,] -0.579689986 0.009547035 0.0030581040
[269,] -0.596691112 0.011521814 0.0057971014
[270,]  1.074458339 0.011130207 0.0118443316
[271,] -0.560539973 0.011042751 0.0069667738
[272,]  1.003297448 0.010117415 0.0105540897
[273,] -0.099783507 0.011908078 0.0077177508
[274,] -0.078670828 0.010841700 0.0078277886
[275,] -2.129604975 0.011731153 0.0020325203
[276,]  0.122230111 0.010948544 0.0081008101
[277,]  0.623956851 0.008398730 0.0000000000
[278,]  0.326740383 0.011409196 0.0081466395
[279,] -0.594257096 0.013496194 0.0000000000
[280,]  0.524326683 0.011480566 0.0095389507
[281,]  0.168961753 0.009436350 0.0061728395
[282,] -0.031026338 0.014698674 0.0000000000
[283,]  0.294053033 0.013373936 0.0000000000
[284,] -0.547085328 0.012623328 0.0027855153
[285,] -0.623560427 0.015038312 0.0000000000
[286,] -0.949410405 0.016360101 0.0026041667
[287,]  0.527141679 0.011700942 0.0102135562
[288,]  1.528949530 0.013171672 0.0184331797
[289,]  0.614988246 0.011495601 0.0105263158
[290,] -1.293881710 0.011663602 0.0030518820
[291,] -0.047098616 0.016172522 0.0112500000
[292,]  2.727870120 0.011518537 0.0196629213
[293,] -0.186942741 0.008991483 0.0027472527
[294,]  0.586945383 0.014698674 0.0000000000
[295,] -1.686679869 0.016294085 0.0047483381
[296,] -0.145161327 0.029825724 0.0000000000
[297,]  0.717084771 0.011928779 0.0111683849
[298,]  5.304616449 0.011455562 0.0290827740
[299,]  0.818243719 0.012374043 0.0117647059
[300,]  0.641497186 0.012469489 0.0111265647
[301,] -0.783621687 0.010645408 0.0042016807
[302,]  2.896282452 0.010136145 0.0190174326
[303,]  0.741304055 0.013439245 0.0119047619
[304,] -0.250926321 0.009456982 0.0044709389
[305,]  0.551785991 0.013235806 0.0086956522
[306,]  1.474329849 0.022826071 0.0416666667
[307,] -0.934289895 0.012398056 0.0054005401
[308,]  0.439033717 0.010917154 0.0089887640
[309,]  0.330059870 0.010680462 0.0086355786
[310,]  4.673333424 0.012482755 0.0248447205
[311,]  1.739711705 0.010893004 0.0132911392
[312,] -0.019208453 0.011953687 0.0085470085
[313,]  0.579076987 0.017052759 0.0000000000
[314,] -0.608107964 0.009627582 0.0020120724
[315,] -0.335280277 0.018842008 0.0114777618
[316,] -1.176893105 0.012683031 0.0035335689
[317,]  2.537869477 0.013214543 0.0317460317
[318,]  2.928347958 0.010959531 0.0169823645
[319,]  2.157722791 0.011466821 0.0176991150
[320,]  2.955460191 0.011314811 0.0229357798
[321,] -0.436989313 0.010134563 0.0054644809
[322,]  0.865031781 0.010676509 0.0104821803
[323,]  2.611731630 0.008892449 0.0312500000
[324,]  1.012967315 0.014178665 0.0148698885
[325,] -0.533473697 0.014338375 0.0083487941
[326,]  0.735488642 0.011755484 0.0000000000
[327,] -1.592604988 0.013096403 0.0029411765
[328,]  0.419469990 0.018692878 0.0165537998
[329,] -0.396379209 0.015971146 0.0107609531
[330,]  0.078685085 0.012675271 0.0092307692
[331,] -1.673368675 0.017023130 0.0063191153
[332,] -0.150763214 0.010965287 0.0073349633
[333,] -0.418427451 0.015386539 0.0090702948
[334,] -0.680335790 0.019059323 0.0092735703
[335,]  1.727053063 0.010045896 0.0128840436
[336,]  0.772297044 0.007870935 0.0073260073
[337,] -0.031690604 0.008418814 0.0000000000
[338,]  0.099845306 0.012577252 0.0000000000
[339,] -0.057874597 0.007629072 0.0000000000
[340,] -0.849801061 0.011859102 0.0039525692
[341,]  1.612804897 0.010563737 0.0129749768
[342,] -0.700062039 0.011409003 0.0054894785
[343,] -0.332079826 0.011432629 0.0067307692
[344,]  0.920252415 0.011127272 0.0111049417
[345,]  0.434500435 0.017579802 0.0158898305
[346,]  0.404728970 0.005505657 0.0036363636
[347,]  1.366184602 0.004751204 0.0077519380
[348,]  0.022323233 0.015542964 0.0119617225
[349,] -0.215095013 0.015660724 0.0116779348
[350,] -0.124016113 0.017148012 0.0106382979
[351,] -1.363322572 0.017256814 0.0101590106
[352,] -0.459497901 0.010664258 0.0049751244
[353,]  4.859036671 0.010453925 0.0255271920
[354,] -1.032536881 0.011599970 0.0044843049
[355,]  1.078035312 0.011669020 0.0125000000
[356,]  0.902059177 0.009758157 0.0096153846
[357,]  0.764204517 0.009226476 0.0080971660
[358,]  0.192827877 0.012217751 0.0000000000
[359,] -0.456772532 0.017452980 0.0107296137
[360,]  2.972764115 0.016012573 0.0299539171
[361,] -1.241280661 0.015586193 0.0049200492
[362,]  0.000000000 0.010401049 0.0038167939
[363,] -1.632977389 0.010415574 0.0022883295
[364,] -0.831965551 0.010115640 0.0045977011
[365,] -1.256399596 0.010721397 0.0028598665
[366,] -0.979943398 0.009263553 0.0033112583
[367,]  0.316945111 0.009057427 0.0046082949
[368,] -0.411852107 0.008535563 0.0046511628
[369,] -2.156206878 0.010752626 0.0000000000
[370,]  0.318140470 0.006764117 0.0000000000
[371,]  0.596414563 0.007367230 0.0000000000
[372,] -0.131615524 0.008821365 0.0062597809
[373,] -0.392250678 0.010206481 0.0049321825
[374,] -0.994230853 0.010985932 0.0039024390
[375,] -0.577432683 0.009682831 0.0042462845
[376,] -1.276541984 0.009139036 0.0000000000
[377,] -0.669084007 0.011243272 0.0047058824
[378,]  0.003498830 0.015639551 0.0119712690
[379,] -0.062725014 0.009181221 0.0052910053
[380,] -0.163863970 0.009949472 0.0000000000
[381,]  0.501258063 0.007899128 0.0059880240
[382,] -1.376341912 0.017538950 0.0072398190
[383,]  0.098447403 0.017438097 0.0143660212
[384,]  2.126236814 0.015394448 0.0213032581
[385,] -0.611157024 0.016501237 0.0082644628
[386,]  2.434259246 0.015913611 0.0217554389
[387,] -1.225129252 0.015062965 0.0068649886
[388,]  4.013324056 0.017319966 0.0282583622
[389,]  0.046667087 0.016729339 0.0064516129
[390,]  1.827537700 0.005129404 0.0103626943
[391,]  1.750578960 0.016319291 0.0189526185
[392,]  2.836164211 0.014912135 0.0218617772
[393,] -1.378662947 0.017327310 0.0033613445
[394,]  0.333724155 0.011152019 0.0057803468
[395,] -0.588198613 0.013910212 0.0066050198
[396,]  2.086713757 0.015748457 0.0248447205
[397,] -1.642760443 0.009703230 0.0000000000
[398,]  0.944572138 0.010485150 0.0105820106
[399,]  1.003400274 0.015305203 0.0158013544
[400,]  5.717842783 0.009181126 0.0366197183
[401,]  3.758213661 0.006214739 0.0194986072
[402,]  0.169931981 0.019381113 0.0159529807
[403,]  1.867162988 0.018321211 0.0233128834
[404,]  0.917764043 0.016479830 0.0163934426
[405,]  1.267237912 0.015807180 0.0184615385
[406,]  0.514187690 0.012839129 0.0101781170
[407,]  3.376385176 0.011652309 0.0196793003
[408,]  1.190368484 0.013873211 0.0146673651
[409,] -1.232132226 0.018295252 0.0023640662
[410,] -0.422752241 0.016553031 0.0078895464
[411,]  0.253776305 0.008883508 0.0000000000
[412,] -0.826356961 0.018619916 0.0085106383
[413,]  0.466044924 0.011755484 0.0000000000
[414,]  2.469708217 0.010961256 0.0526315789
[415,]  0.825538854 0.006708421 0.0000000000
[416,]  0.850853466 0.003819873 0.0000000000
[417,] -1.355485952 0.021104264 0.0077519380
[418,]  1.013403756 0.009113491 0.0093592513
[419,]  0.552700283 0.010601413 0.0095057034
[420,]  0.619259628 0.014259077 0.0116731518
[421,] -0.146668657 0.010454442 0.0064102564
[422,] -1.940590164 0.019081233 0.0043811610
[423,]  1.385081897 0.012799434 0.0212765957
[424,]  0.989338220 0.011599570 0.0119617225
[425,]  1.876122096 0.012097817 0.0155440415
[426,] -0.047526032 0.011355940 0.0069832402
[427,] -0.963412673 0.010854312 0.0033936652
[428,]  3.109234049 0.010729891 0.0238095238
[429,]  1.410629671 0.014629975 0.0173611111
[430,] -0.159630301 0.019658936 0.0142131980
[431,]  3.423744941 0.018867543 0.0402476780
[432,]  0.518080505 0.019027264 0.0165662651
[433,]  0.017389914 0.017314335 0.0104438642
[434,] -1.320737837 0.018384650 0.0062735257
[435,] -1.165028902 0.018447634 0.0085959885
[436,] -0.179680091 0.020740790 0.0149094782
[437,] -1.316752758 0.018813965 0.0057388809
[438,] -0.228944453 0.009733764 0.0057526366
[439,]  1.969917215 0.007768399 0.0107438017
[440,]  1.335877026 0.009767145 0.0108827086
[441,] -0.667412708 0.012329523 0.0063348416
[442,]  1.833336768 0.010989985 0.0135853514
[443,] -0.379931006 0.012321271 0.0084459459
[444,] -1.912461458 0.016099027 0.0063657407
[445,]  1.220287005 0.010824629 0.0117831893
[446,] -0.586091858 0.012153058 0.0069390902
[447,] -0.061029333 0.011550826 0.0078125000
[448,] -0.005772614 0.011517082 0.0087873462
[449,]  1.090543390 0.013566060 0.0141620771
[450,]  1.056007259 0.013013109 0.0134003350
[451,] -0.151362250 0.014482932 0.0079681275
[452,]  1.710354138 0.017679419 0.0207468880
[453,] -1.243071598 0.012361506 0.0043516101
[454,] -1.009329965 0.018709686 0.0045454545
[455,] -0.282906904 0.012416048 0.0080971660
[456,]  2.300610577 0.012995353 0.0175675676
[457,] -0.703253663 0.010052587 0.0045167118
[458,] -1.175642957 0.009549021 0.0000000000
[459,]  0.662734763 0.012732968 0.0000000000
[460,] -1.102589995 0.008634188 0.0019665683
[461,]  1.230502744 0.011032467 0.0121703854
[462,] -0.340250982 0.010866741 0.0063752277
[463,]  0.840691689 0.008463390 0.0082034454
[464,]  0.394077766 0.011359956 0.0080428954
[465,] -0.401420406 0.010827810 0.0052083333
[466,]  0.675820010 0.010295409 0.0093652445
[467,]  1.389810835 0.007695542 0.0099750623
[468,] -1.106889950 0.009987207 0.0014044944
[469,] -0.517466363 0.008656677 0.0034883721
[470,]  0.318209320 0.008354336 0.0042553191
[471,]  0.746176709 0.008543320 0.0079787234
[472,]  0.615008282 0.011839859 0.0106951872
[473,] -1.208231911 0.011201176 0.0035842294
[474,] -0.921294639 0.013541287 0.0074953154
[475,]  0.050238006 0.013585900 0.0107719928
[476,] -1.615143479 0.012988793 0.0034364261
[477,] -1.564312754 0.012918101 0.0000000000
[478,] -1.241747392 0.010909038 0.0051308363
[479,] -2.141524691 0.011961152 0.0037664783
[480,] -1.719772570 0.011225425 0.0017873101
[481,] -0.622427786 0.014665231 0.0089153046
[482,] -0.723608900 0.011138513 0.0062383032
[483,]  2.003957198 0.014315817 0.0177187154
[484,]  1.383787761 0.014718337 0.0165016502
[485,]  5.496404129 0.013805783 0.0301692421
[486,]  0.529053804 0.009242425 0.0067340067
[487,] -1.582313924 0.010364297 0.0010482180
[488,]  0.033245176 0.009602057 0.0058309038
[489,] -0.417490548 0.007822210 0.0028011204
[490,] -0.477318443 0.009601403 0.0033003300
[491,]  2.307616602 0.008293697 0.0120652945
[492,] -1.557374864 0.009752352 0.0010020040
[493,] -1.761178934 0.012288106 0.0011111111
[494,]  0.715660242 0.013043556 0.0113636364
[495,] -0.703081865 0.008920255 0.0042826552
[496,] -0.043238602 0.009276953 0.0043572985
[497,]  0.091533138 0.008928869 0.0058754407
[498,]  2.609322718 0.008596427 0.0132311978
[499,] -0.785383047 0.010176101 0.0040120361
[500,]  0.335804671 0.012962042 0.0105042017
[501,] -0.217150412 0.009050188 0.0043668122
[502,] -0.291448472 0.012629292 0.0078125000
[503,] -1.433929324 0.011594580 0.0033333333
[504,] -1.264734643 0.010729531 0.0043532338
[505,] -1.578652910 0.009956941 0.0010090817
[506,] -0.440328007 0.012808915 0.0045248869
[507,]  3.235272374 0.012405660 0.0209424084
[508,] -0.387395649 0.011876294 0.0068359375
[509,] -0.458242418 0.012904928 0.0077186964
[510,]  0.416449255 0.019382302 0.0169332079
[511,]  0.268313658 0.018565516 0.0155979203
[512,]  0.925783358 0.018252819 0.0182421227
[513,] -1.715023273 0.010438399 0.0009699321
[514,]  0.604986911 0.011942576 0.0107973422
[515,] -1.670375865 0.011601079 0.0011098779
> 
> hist(tmp.out$student)
> eval(parse(text=paste(outname,".",pop.size,".",wait.generations,"<- tmp.out",sep="")))
> proc.time()
[1] 762.40  55.89 818.49   0.02   0.02
> 
